 main_vc2008_deb

 Timestamp is 506fadf5 (Fri Oct 05 21:05:09 2012)

 Preferred load address is 00400000

 Start         Length     Name                   Class
 0001:00000000 0006e56aH .text                   CODE
 0001:0006e570 000020ecH .text$x                 CODE
 0001:00070660 00001025H .text$yc                CODE
 0001:00071690 00001065H .text$yd                CODE
 0002:00000000 00000104H .CRT$XCA                DATA
 0002:00000104 00000104H .CRT$XCC                DATA
 0002:00000208 00000104H .CRT$XCZ                DATA
 0002:0000030c 00000104H .CRT$XIA                DATA
 0002:00000410 00000118H .CRT$XIC                DATA
 0002:00000528 00000104H .CRT$XIY                DATA
 0002:0000062c 00000104H .CRT$XIZ                DATA
 0002:00000730 00000104H .CRT$XPA                DATA
 0002:00000834 00000109H .CRT$XPX                DATA
 0002:00000940 00000104H .CRT$XPXA               DATA
 0002:00000a44 00000104H .CRT$XPZ                DATA
 0002:00000b48 00000104H .CRT$XTA                DATA
 0002:00000c4c 00000104H .CRT$XTZ                DATA
 0002:00000d50 00014be7H .rdata                  DATA
 0002:00015938 0000017bH .rdata$debug            DATA
 0002:00015ab4 00000502H .rdata$r                DATA
 0002:00015fc0 00000250H .rdata$sxdata           DATA
 0002:00016210 00000104H .rtc$IAA                DATA
 0002:00016314 0000011cH .rtc$IMZ                DATA
 0002:00016430 00000104H .rtc$IZZ                DATA
 0002:00016534 00000104H .rtc$TAA                DATA
 0002:00016638 0000011cH .rtc$TMZ                DATA
 0002:00016754 00000104H .rtc$TZZ                DATA
 0002:00016858 0000233eH .xdata$x                DATA
 0002:00018b96 00000000H .edata                  DATA
 0003:00000000 00002f90H .data                   DATA
 0003:00002fa0 000021b4H .bss                    DATA
 0004:00000000 00000078H .idata$2                DATA
 0004:00000078 00000014H .idata$3                DATA
 0004:0000008c 00000364H .idata$4                DATA
 0004:000003f0 00000364H .idata$5                DATA
 0004:00000754 00000b96H .idata$6                DATA
 0005:00000000 00000169H .rsrc$01                DATA
 0005:00000170 000002e9H .rsrc$02                DATA

  Address         Publics by Value              Rva+Base       Lib:Object

 0000:00000000       __except_list              00000000     <absolute>
 0000:00000046       ___safe_se_handler_count   00000046     <absolute>
 0000:00000000       ___ImageBase               00400000     <linker-defined>
 0001:00000ee0       ??0Camera@@QAE@XZ          00401ee0 f   Camera.obj
 0001:00001030       ??1Camera@@QAE@XZ          00402030 f   Camera.obj
 0001:00001050       ?UpdateMove@Camera@@QAEXUMoveInfo@@M@Z 00402050 f   Camera.obj
 0001:00001340       ?UpdateMatrices@Camera@@AAEXXZ 00402340 f   Camera.obj
 0001:00001480       ?SetupRenderParameters@Camera@@QAEXPAUIDirect3DDevice9@@@Z 00402480 f   Camera.obj
 0001:000015a0       ?_Move_s@?$char_traits@D@std@@SAPADPADIPBDI@Z 004025a0 f i intro.obj
 0001:000015e0       ??0bad_alloc@std@@QAE@PBD@Z 004025e0 f i intro.obj
 0001:00001620       ?c_str@?$basic_string@DU?$char_traits@D@std@@V?$allocator@D@2@@std@@QBEPBDXZ 00402620 f i intro.obj
 0001:00001650       ??0bad_alloc@std@@QAE@ABV01@@Z 00402650 f i intro.obj
 0001:000016a0       ??1bad_alloc@std@@UAE@XZ   004026a0 f i intro.obj
 0001:00001710       ??$copy_s@U?$char_traits@D@std@@@_Traits_helper@std@@YAPADPADIPBDIU_Secure_char_traits_tag@1@@Z 00402710 f i intro.obj
 0001:00001750       ??0D3DXVECTOR3@@QAE@XZ     00402750 f i Camera.obj
 0001:00001770       ??0D3DXMATRIX@@QAE@XZ      00402770 f i Camera.obj
 0001:00001790       ??0D3DXVECTOR3@@QAE@MMM@Z  00402790 f i Camera.obj
 0001:000017d0       ??YD3DXVECTOR3@@QAEAAU0@ABU0@@Z 004027d0 f i Camera.obj
 0001:00001830       ??D@YA?AUD3DXVECTOR3@@MABU0@@Z 00402830 f i Camera.obj
 0001:000018c0       ??HD3DXVECTOR3@@QBE?AU0@ABU0@@Z 004028c0 f i Camera.obj
 0001:00001960       ??0D3DXVECTOR2@@QAE@MM@Z   00402960 f i Camera.obj
 0001:000019a0       ??0InputManager@@QAE@PAUHINSTANCE__@@PAUHWND__@@@Z 004029a0 f   InputManager.obj
 0001:00001af0       ??1InputManager@@QAE@XZ    00402af0 f   InputManager.obj
 0001:00001bc0       ?ResetDevice@InputManager@@QAEXXZ 00402bc0 f   InputManager.obj
 0001:00001c80       ?Update@InputManager@@QAEXXZ 00402c80 f   InputManager.obj
 0001:00001cb0       ?HandleKeyboard@InputManager@@AAEXXZ 00402cb0 f   InputManager.obj
 0001:00001dc0       ?HandleMouse@InputManager@@AAEXXZ 00402dc0 f   InputManager.obj
 0001:00001f10       ?AcquireMousePos@InputManager@@AAEXXZ 00402f10 f   InputManager.obj
 0001:00001fc0       ?GetRelativeMousePos@InputManager@@QAEXAAH0@Z 00402fc0 f   InputManager.obj
 0001:00001ff0       ?GetAbsoluteMousePos@InputManager@@QAEXAAH0@Z 00402ff0 f   InputManager.obj
 0001:00002020       ?IsKeyDown@InputManager@@QAE_NH@Z 00403020 f   InputManager.obj
 0001:00002050       ?IsKeyDownOnce@InputManager@@QAE_NH@Z 00403050 f   InputManager.obj
 0001:000020c0       ?IsMouseKeyDown@InputManager@@QAE_NH@Z 004030c0 f   InputManager.obj
 0001:000020f0       ?IsMouseKeyDownOnce@InputManager@@QAE_NH@Z 004030f0 f   InputManager.obj
 0001:00002160       ??1?$_String_val@DV?$allocator@D@std@@@std@@QAE@XZ 00403160 f i intro.obj
 0001:000021a0       ?_Myptr@?$basic_string@DU?$char_traits@D@std@@V?$allocator@D@2@@std@@IBEPBDXZ 004031a0 f i intro.obj
 0001:000021e0       ?_Copy_s@?$char_traits@D@std@@SAPADPADIPBDI@Z 004031e0 f i intro.obj
 0001:00002210       _cosf                      00403210 f i intro.obj
 0001:00002240       ??0?$basic_string@DU?$char_traits@D@std@@V?$allocator@D@2@@std@@QAE@ABV01@@Z 00403240 f i intro.obj
 0001:000022d0       ??0?$_String_val@DV?$allocator@D@std@@@std@@QAE@ABV01@@Z 004032d0 f i intro.obj
 0001:00002320       ??_Ebad_alloc@std@@UAEPAXI@Z 00403320 f i intro.obj
 0001:00002320       ??_Gbad_alloc@std@@UAEPAXI@Z 00403320 f i intro.obj
 0001:000023a0       ??Y?$basic_string@DU?$char_traits@D@std@@V?$allocator@D@2@@std@@QAEAAV01@PBD@Z 004033a0 f i intro.obj
 0001:000023d0       ??0?$_String_val@DV?$allocator@D@std@@@std@@IAE@V?$allocator@D@1@@Z 004033d0 f i intro.obj
 0001:00002420       ?deallocate@?$_DebugHeapAllocator@D@std@@QAEXPADI@Z 00403420 f i intro.obj
 0001:00002450       ?deallocate@?$allocator@D@std@@QAEXPADI@Z 00403450 f i intro.obj
 0001:00002480       ??$_Char_traits_cat@U?$char_traits@D@std@@@std@@YA?AU_Secure_char_traits_tag@0@XZ 00403480 f i intro.obj
 0001:000024d0       ??0?$_DebugHeapAllocator@D@std@@QAE@XZ 004034d0 f i intro.obj
 0001:00002500       ?assign@?$basic_string@DU?$char_traits@D@std@@V?$allocator@D@2@@std@@QAEAAV12@PBD@Z 00403500 f i intro.obj
 0001:00002550       ?_Eos@?$basic_string@DU?$char_traits@D@std@@V?$allocator@D@2@@std@@IAEXI@Z 00403550 f i intro.obj
 0001:000025e0       ??$_DebugHeapDelete@X@std@@YAXPAX@Z 004035e0 f i intro.obj
 0001:00002620       ??$copy_s@U?$char_traits@D@std@@@_Traits_helper@std@@YAPADPADIPBDI@Z 00403620 f i intro.obj
 0001:00002660       ?GetVertexShader@Shader@@QAEPAUIDirect3DVertexShader9@@XZ 00403660 f i intro.obj
 0001:00002680       ??1?$basic_string@DU?$char_traits@D@std@@V?$allocator@D@2@@std@@QAE@XZ 00403680 f i intro.obj
 0001:000026f0       ??$move_s@U?$char_traits@D@std@@@_Traits_helper@std@@YAPADPADIPBDI@Z 004036f0 f i intro.obj
 0001:00002780       ??0?$basic_string@DU?$char_traits@D@std@@V?$allocator@D@2@@std@@QAE@PBD@Z 00403780 f i intro.obj
 0001:00002840       ?length@?$char_traits@D@std@@SAIPBD@Z 00403840 f i intro.obj
 0001:00002860       ?_Tidy@?$basic_string@DU?$char_traits@D@std@@V?$allocator@D@2@@std@@IAEX_NI@Z 00403860 f i intro.obj
 0001:00002910       ?assign@?$char_traits@D@std@@SAXAADABD@Z 00403910 f i intro.obj
 0001:00002920       ??$_Allocate@D@std@@YAPADIPAD@Z 00403920 f i intro.obj
 0001:000029c0       ??1_Container_base_secure@std@@QAE@XZ 004039c0 f i intro.obj
 0001:000029f0       ?append@?$basic_string@DU?$char_traits@D@std@@V?$allocator@D@2@@std@@QAEAAV12@PBD@Z 004039f0 f i intro.obj
 0001:00002a70       ??0?$_DebugHeapAllocator@D@std@@QAE@ABV01@@Z 00403a70 f i intro.obj
 0001:00002aa0       ?erase@?$basic_string@DU?$char_traits@D@std@@V?$allocator@D@2@@std@@QAEAAV12@II@Z 00403aa0 f i intro.obj
 0001:00002b60       ?append@?$basic_string@DU?$char_traits@D@std@@V?$allocator@D@2@@std@@QAEAAV12@ABV12@II@Z 00403b60 f i intro.obj
 0001:00002c70       ?max_size@?$basic_string@DU?$char_traits@D@std@@V?$allocator@D@2@@std@@QBEIXZ 00403c70 f i intro.obj
 0001:00002e70       ??$move_s@U?$char_traits@D@std@@@_Traits_helper@std@@YAPADPADIPBDIU_Secure_char_traits_tag@1@@Z 00403e70 f i intro.obj
 0001:00002ea0       __startTwoArgErrorHandling 00403ea0 f   LIBCMTD:_genexcep_.obj
 0001:00002eb7       __startOneArgErrorHandling 00403eb7 f   LIBCMTD:_genexcep_.obj
 0001:00002f00       ?allocate@?$_DebugHeapAllocator@D@std@@QAEPADI@Z 00403f00 f i intro.obj
 0001:00002fb0       ?size@?$basic_string@DU?$char_traits@D@std@@V?$allocator@D@2@@std@@QBEIXZ 00403fb0 f i intro.obj
 0001:00003010       ?GetPosition@Camera@@QAE?AUD3DXVECTOR3@@XZ 00404010 f i intro.obj
 0001:00003050       ?cos@@YAMM@Z               00404050 f i intro.obj
 0001:00003090       ?sin@@YAMM@Z               00404090 f i intro.obj
 0001:000030b0       _sinf                      004040b0 f i intro.obj
 0001:00003160       ??BD3DXVECTOR2@@QAEPAMXZ   00404160 f i intro.obj
 0001:00003210       ??BD3DXVECTOR3@@QAEPAMXZ   00404210 f i intro.obj
 0001:000032a0       ?GetPixelShader@Shader@@QAEPAUIDirect3DPixelShader9@@XZ 004042a0 f i intro.obj
 0001:00003360       ?_Orphan_all@_Container_base_secure@std@@QBEXXZ 00404360 f i intro.obj
 0001:00003440       ??Y?$basic_string@DU?$char_traits@D@std@@V?$allocator@D@2@@std@@QAEAAV01@ABV01@@Z 00404440 f i intro.obj
 0001:00003470       ?_Grow@?$basic_string@DU?$char_traits@D@std@@V?$allocator@D@2@@std@@IAE_NI_N@Z 00404470 f i intro.obj
 0001:00003520       ??$_Debug_pointer@D@std@@YAXPBDPB_WI@Z 00404520 f i intro.obj
 0001:00003570       ?allocate@?$_DebugHeapAllocator@D@std@@QAAPADIPBX@Z 00404570 f i intro.obj
 0001:000036d0       _cos                       004046d0 f   LIBCMTD:_cos_.obj
 0001:00003710       __CIcos                    00404710 f   LIBCMTD:_cos_.obj
 0001:0000374b       __CIcos_default            0040474b f   LIBCMTD:_cos_.obj
 0001:0000375f       __cos_default              0040475f     LIBCMTD:_cos_.obj
 0001:00003820       ??0_String_base@std@@QAE@XZ 00404820 f i intro.obj
 0001:000038e0       ??1_String_base@std@@QAE@XZ 004048e0 f i intro.obj
 0001:00003980       ?max_size@?$allocator@D@std@@QBEIXZ 00404980 f i intro.obj
 0001:00003a20       ?append@?$basic_string@DU?$char_traits@D@std@@V?$allocator@D@2@@std@@QAEAAV12@ABV12@@Z 00404a20 f i intro.obj
 0001:00003a70       _sin                       00404a70 f   LIBCMTD:_sin_.obj
 0001:00003ab0       __CIsin                    00404ab0 f   LIBCMTD:_sin_.obj
 0001:00003aeb       __CIsin_default            00404aeb f   LIBCMTD:_sin_.obj
 0001:00003aff       __sin_default              00404aff     LIBCMTD:_sin_.obj
 0001:00003c00       ??0?$allocator@D@std@@QAE@XZ 00404c00 f i intro.obj
 0001:00003c30       ?assign@?$basic_string@DU?$char_traits@D@std@@V?$allocator@D@2@@std@@QAEAAV12@ABV12@II@Z 00404c30 f i intro.obj
 0001:00003d60       ?append@?$basic_string@DU?$char_traits@D@std@@V?$allocator@D@2@@std@@QAEAAV12@PBDI@Z 00404d60 f i intro.obj
 0001:00003f70       ??0_Container_base_secure@std@@QAE@XZ 00404f70 f i intro.obj
 0001:00004100       ?assign@?$basic_string@DU?$char_traits@D@std@@V?$allocator@D@2@@std@@QAEAAV12@PBDI@Z 00405100 f i intro.obj
 0001:00004300       __87except                 00405300 f   LIBCMTD:_87except_.obj
 0001:00004540       ?_Myptr@?$basic_string@DU?$char_traits@D@std@@V?$allocator@D@2@@std@@IAEPADXZ 00405540 f i intro.obj
 0001:000045a0       ??0?$allocator@D@std@@QAE@ABV01@@Z 004055a0 f i intro.obj
 0001:000046a0       ?_Inside@?$basic_string@DU?$char_traits@D@std@@V?$allocator@D@2@@std@@IAE_NPBD@Z 004056a0 f i intro.obj
 0001:00004730       ?allocate@?$allocator@D@std@@QAEPADI@Z 00405730 f i intro.obj
 0001:00004860       _WinMain@16                00405860 f   main_deb.obj
 0001:00005130       __CIcos_pentium4           00406130 f   LIBCMTD:_cos_pentium4_.obj
 0001:00005148       __cos_pentium4             00406148     LIBCMTD:_cos_pentium4_.obj
 0001:00005360       _floorf                    00406360 f i main_deb.obj
 0001:000053a0       ?GenerateWalls@@YAXAAV?$vector@V?$set@HU?$less@H@std@@V?$allocator@H@2@@std@@V?$allocator@V?$set@HU?$less@H@std@@V?$allocator@H@2@@std@@@2@@std@@AAV?$vector@Uwall@@V?$allocator@Uwall@@@std@@@2@HH@Z 004063a0 f   Maze.obj
 0001:00005540       ?RemoveWall@@YAXPAHUwall@@HH@Z 00406540 f   Maze.obj
 0001:00005600       ?CreateMaze@@YAPAHHH@Z     00406600 f   Maze.obj
 0001:00005b50       __twoToTOS                 00406b50 f   LIBCMTD:_common_.obj
 0001:00005b65       __load_CW                  00406b65 f   LIBCMTD:_common_.obj
 0001:00005b7c       __convertTOStoQNaN         00406b7c f   LIBCMTD:_common_.obj
 0001:00005b95       __fload_withFB             00406b95 f   LIBCMTD:_common_.obj
 0001:00005bd8       __checkTOS_withFB          00406bd8 f   LIBCMTD:_common_.obj
 0001:00005bee       __fast_exit                00406bee f   LIBCMTD:_common_.obj
 0001:00005bfb       __math_exit                00406bfb f   LIBCMTD:_common_.obj
 0001:00005c25       __check_overflow_exit      00406c25 f   LIBCMTD:_common_.obj
 0001:00005c39       __check_range_exit         00406c39 f   LIBCMTD:_common_.obj
 0001:00005d40       ??1?$set@HU?$less@H@std@@V?$allocator@H@2@@std@@QAE@XZ 00406d40 f i Maze.obj
 0001:00005d70       ??1?$pair@Viterator@?$_Tree@V?$_Tset_traits@HU?$less@H@std@@V?$allocator@H@2@$0A@@std@@@std@@_N@std@@QAE@XZ 00406d70 f i Maze.obj
 0001:00005da0       ??1iterator@?$_Tree@V?$_Tset_traits@HU?$less@H@std@@V?$allocator@H@2@$0A@@std@@@std@@QAE@XZ 00406da0 f i Maze.obj
 0001:00005dd0       ??1const_iterator@?$_Tree@V?$_Tset_traits@HU?$less@H@std@@V?$allocator@H@2@$0A@@std@@@std@@QAE@XZ 00406dd0 f i Maze.obj
 0001:00005e00       ??1?$_Bidit@HHPBHABH@std@@QAE@XZ 00406e00 f i Maze.obj
 0001:00005e30       ??1?$_Iterator_with_base@Ubidirectional_iterator_tag@std@@HHPBHABHV_Iterator_base@2@@std@@QAE@XZ 00406e30 f i Maze.obj
 0001:00005e60       ??1_Iterator_base@std@@QAE@XZ 00406e60 f i Maze.obj
 0001:00005f30       ?_Orphan_me@_Iterator_base@std@@QAEXXZ 00406f30 f i Maze.obj
 0001:00005ff0       ??1?$_Vector_iterator@V?$set@HU?$less@H@std@@V?$allocator@H@2@@std@@V?$allocator@V?$set@HU?$less@H@std@@V?$allocator@H@2@@std@@@2@@std@@QAE@XZ 00406ff0 f i Maze.obj
 0001:00006020       ??0?$_Vector_const_iterator@V?$set@HU?$less@H@std@@V?$allocator@H@2@@std@@V?$allocator@V?$set@HU?$less@H@std@@V?$allocator@H@2@@std@@@2@@std@@QAE@ABV01@@Z 00407020 f i Maze.obj
 0001:00006070       ??1?$_Vector_const_iterator@V?$set@HU?$less@H@std@@V?$allocator@H@2@@std@@V?$allocator@V?$set@HU?$less@H@std@@V?$allocator@H@2@@std@@@2@@std@@QAE@XZ 00407070 f i Maze.obj
 0001:000060a0       ??0?$_Ranit@V?$set@HU?$less@H@std@@V?$allocator@H@2@@std@@HPBV12@ABV12@@std@@QAE@ABU01@@Z 004070a0 f i Maze.obj
 0001:000060e0       ??1?$_Ranit@V?$set@HU?$less@H@std@@V?$allocator@H@2@@std@@HPBV12@ABV12@@std@@QAE@XZ 004070e0 f i Maze.obj
 0001:00006110       ??0?$_Iterator_with_base@Urandom_access_iterator_tag@std@@V?$set@HU?$less@H@std@@V?$allocator@H@2@@2@HPBV32@ABV32@V_Iterator_base@2@@std@@QAE@ABU01@@Z 00407110 f i Maze.obj
 0001:00006150       ??0_Iterator_base@std@@QAE@ABV01@@Z 00407150 f i Maze.obj
 0001:000061a0       ??4_Iterator_base@std@@QAEAAV01@ABV01@@Z 004071a0 f i Maze.obj
 0001:000062a0       ?_Adopt@_Iterator_base@std@@QAEXPBV_Container_base_secure@2@@Z 004072a0 f i Maze.obj
 0001:000063b0       ??1?$_Iterator_with_base@Urandom_access_iterator_tag@std@@V?$set@HU?$less@H@std@@V?$allocator@H@2@@2@HPBV32@ABV32@V_Iterator_base@2@@std@@QAE@XZ 004073b0 f i Maze.obj
 0001:000063e0       ??0?$set@HU?$less@H@std@@V?$allocator@H@2@@std@@QAE@XZ 004073e0 f i Maze.obj
 0001:00006430       ??1?$_Tree@V?$_Tset_traits@HU?$less@H@std@@V?$allocator@H@2@$0A@@std@@@std@@QAE@XZ 00407430 f i Maze.obj
 0001:000064b0       ?begin@?$_Tree@V?$_Tset_traits@HU?$less@H@std@@V?$allocator@H@2@$0A@@std@@@std@@QAE?AViterator@12@XZ 004074b0 f i Maze.obj
 0001:00006520       ?end@?$_Tree@V?$_Tset_traits@HU?$less@H@std@@V?$allocator@H@2@$0A@@std@@@std@@QAE?AViterator@12@XZ 00407520 f i Maze.obj
 0001:00006580       ?insert@?$_Tree@V?$_Tset_traits@HU?$less@H@std@@V?$allocator@H@2@$0A@@std@@@std@@QAE?AU?$pair@Viterator@?$_Tree@V?$_Tset_traits@HU?$less@H@std@@V?$allocator@H@2@$0A@@std@@@std@@_N@2@ABH@Z 00407580 f i Maze.obj
 0001:000069c0       ?find@?$_Tree@V?$_Tset_traits@HU?$less@H@std@@V?$allocator@H@2@$0A@@std@@@std@@QAE?AViterator@12@ABH@Z 004079c0 f i Maze.obj
 0001:00006bd0       ??9const_iterator@?$_Tree@V?$_Tset_traits@HU?$less@H@std@@V?$allocator@H@2@$0A@@std@@@std@@QBE_NABV012@@Z 00407bd0 f i Maze.obj
 0001:00006c20       ??0?$vector@V?$set@HU?$less@H@std@@V?$allocator@H@2@@std@@V?$allocator@V?$set@HU?$less@H@std@@V?$allocator@H@2@@std@@@2@@std@@QAE@XZ 00407c20 f i Maze.obj
 0001:00006cc0       ??1?$vector@V?$set@HU?$less@H@std@@V?$allocator@H@2@@std@@V?$allocator@V?$set@HU?$less@H@std@@V?$allocator@H@2@@std@@@2@@std@@QAE@XZ 00407cc0 f i Maze.obj
 0001:00006d40       ?begin@?$vector@V?$set@HU?$less@H@std@@V?$allocator@H@2@@std@@V?$allocator@V?$set@HU?$less@H@std@@V?$allocator@H@2@@std@@@2@@std@@QAE?AV?$_Vector_iterator@V?$set@HU?$less@H@std@@V?$allocator@H@2@@std@@V?$allocator@V?$set@HU?$less@H@std@@V?$allocator@H@2@@std@@@2@@2@XZ 00407d40 f i Maze.obj
 0001:00006da0       ?size@?$vector@V?$set@HU?$less@H@std@@V?$allocator@H@2@@std@@V?$allocator@V?$set@HU?$less@H@std@@V?$allocator@H@2@@std@@@2@@std@@QBEIXZ 00407da0 f i Maze.obj
 0001:00006dd0       ??A?$vector@V?$set@HU?$less@H@std@@V?$allocator@H@2@@std@@V?$allocator@V?$set@HU?$less@H@std@@V?$allocator@H@2@@std@@@2@@std@@QAEAAV?$set@HU?$less@H@std@@V?$allocator@H@2@@1@I@Z 00407dd0 f i Maze.obj
 0001:00006ef0       ?push_back@?$vector@V?$set@HU?$less@H@std@@V?$allocator@H@2@@std@@V?$allocator@V?$set@HU?$less@H@std@@V?$allocator@H@2@@std@@@2@@std@@QAEXABV?$set@HU?$less@H@std@@V?$allocator@H@2@@2@@Z 00407ef0 f i Maze.obj
 0001:00007030       ?erase@?$vector@V?$set@HU?$less@H@std@@V?$allocator@H@2@@std@@V?$allocator@V?$set@HU?$less@H@std@@V?$allocator@H@2@@std@@@2@@std@@QAE?AV?$_Vector_iterator@V?$set@HU?$less@H@std@@V?$allocator@H@2@@std@@V?$allocator@V?$set@HU?$less@H@std@@V?$allocator@H@2@@std@@@2@@2@V?$_Vector_const_iterator@V?$set@HU?$less@H@std@@V?$allocator@H@2@@std@@V?$allocator@V?$set@HU?$less@H@std@@V?$allocator@H@2@@std@@@2@@2@@Z 00408030 f i Maze.obj
 0001:00007190       ??0?$vector@Uwall@@V?$allocator@Uwall@@@std@@@std@@QAE@XZ 00408190 f i Maze.obj
 0001:00007230       ??1?$vector@Uwall@@V?$allocator@Uwall@@@std@@@std@@QAE@XZ 00408230 f i Maze.obj
 0001:000072b0       ?size@?$vector@Uwall@@V?$allocator@Uwall@@@std@@@std@@QBEIXZ 004082b0 f i Maze.obj
 0001:000072e0       ??A?$vector@Uwall@@V?$allocator@Uwall@@@std@@@std@@QAEAAUwall@@I@Z 004082e0 f i Maze.obj
 0001:00007400       ?push_back@?$vector@Uwall@@V?$allocator@Uwall@@@std@@@std@@QAEXABUwall@@@Z 00408400 f i Maze.obj
 0001:00007540       ??H?$_Vector_iterator@V?$set@HU?$less@H@std@@V?$allocator@H@2@@std@@V?$allocator@V?$set@HU?$less@H@std@@V?$allocator@H@2@@std@@@2@@std@@QBE?AV01@H@Z 00408540 f i Maze.obj
 0001:00007650       ??1?$_Tree_val@V?$_Tset_traits@HU?$less@H@std@@V?$allocator@H@2@$0A@@std@@@std@@QAE@XZ 00408650 f i Maze.obj
 0001:00007680       ??0iterator@?$_Tree@V?$_Tset_traits@HU?$less@H@std@@V?$allocator@H@2@$0A@@std@@@std@@QAE@ABV012@@Z 00408680 f i Maze.obj
 0001:000076c0       ??1?$_Vector_val@V?$set@HU?$less@H@std@@V?$allocator@H@2@@std@@V?$allocator@V?$set@HU?$less@H@std@@V?$allocator@H@2@@std@@@2@@std@@QAE@XZ 004086c0 f i Maze.obj
 0001:000076f0       ??1?$_Vector_val@Uwall@@V?$allocator@Uwall@@@std@@@std@@QAE@XZ 004086f0 f i Maze.obj
 0001:00007720       ??1?$_Vector_iterator@Uwall@@V?$allocator@Uwall@@@std@@@std@@QAE@XZ 00408720 f i Maze.obj
 0001:00007750       ??0?$_Vector_const_iterator@Uwall@@V?$allocator@Uwall@@@std@@@std@@QAE@ABV01@@Z 00408750 f i Maze.obj
 0001:000077a0       ??1?$_Vector_const_iterator@Uwall@@V?$allocator@Uwall@@@std@@@std@@QAE@XZ 004087a0 f i Maze.obj
 0001:000077d0       ??0?$_Vector_iterator@V?$set@HU?$less@H@std@@V?$allocator@H@2@@std@@V?$allocator@V?$set@HU?$less@H@std@@V?$allocator@H@2@@std@@@2@@std@@QAE@ABV01@@Z 004087d0 f i Maze.obj
 0001:00007810       ??1?$_Tree_ptr@V?$_Tset_traits@HU?$less@H@std@@V?$allocator@H@2@$0A@@std@@@std@@QAE@XZ 00408810 f i Maze.obj
 0001:00007840       ??0const_iterator@?$_Tree@V?$_Tset_traits@HU?$less@H@std@@V?$allocator@H@2@$0A@@std@@@std@@QAE@ABV012@@Z 00408840 f i Maze.obj
 0001:00007890       ??0?$_Ranit@Uwall@@HPBU1@ABU1@@std@@QAE@ABU01@@Z 00408890 f i Maze.obj
 0001:000078d0       ??1?$_Ranit@Uwall@@HPBU1@ABU1@@std@@QAE@XZ 004088d0 f i Maze.obj
 0001:00007900       ??1?$_Tree_nod@V?$_Tset_traits@HU?$less@H@std@@V?$allocator@H@2@$0A@@std@@@std@@QAE@XZ 00408900 f i Maze.obj
 0001:00007930       ??0?$_Bidit@HHPBHABH@std@@QAE@ABU01@@Z 00408930 f i Maze.obj
 0001:00007970       ??0?$_Iterator_with_base@Urandom_access_iterator_tag@std@@Uwall@@HPBU3@ABU3@V_Iterator_base@2@@std@@QAE@ABU01@@Z 00408970 f i Maze.obj
 0001:000079b0       ??1?$_Iterator_with_base@Urandom_access_iterator_tag@std@@Uwall@@HPBU3@ABU3@V_Iterator_base@2@@std@@QAE@XZ 004089b0 f i Maze.obj
 0001:000079e0       ??1?$_Tset_traits@HU?$less@H@std@@V?$allocator@H@2@$0A@@std@@QAE@XZ 004089e0 f i Maze.obj
 0001:00007a10       ??0?$_Iterator_with_base@Ubidirectional_iterator_tag@std@@HHPBHABHV_Iterator_base@2@@std@@QAE@ABU01@@Z 00408a10 f i Maze.obj
 0001:00007a50       ?_Isnil@?$_Tree@V?$_Tset_traits@HU?$less@H@std@@V?$allocator@H@2@$0A@@std@@@std@@KAAADPAU_Node@?$_Tree_nod@V?$_Tset_traits@HU?$less@H@std@@V?$allocator@H@2@$0A@@std@@@2@@Z 00408a50 f i Maze.obj
 0001:00007a60       ?_Key@?$_Tree@V?$_Tset_traits@HU?$less@H@std@@V?$allocator@H@2@$0A@@std@@@std@@KAABHPAU_Node@?$_Tree_nod@V?$_Tset_traits@HU?$less@H@std@@V?$allocator@H@2@$0A@@std@@@2@@Z 00408a60 f i Maze.obj
 0001:00007a90       ?_Left@?$_Tree@V?$_Tset_traits@HU?$less@H@std@@V?$allocator@H@2@$0A@@std@@@std@@KAAAPAU_Node@?$_Tree_nod@V?$_Tset_traits@HU?$less@H@std@@V?$allocator@H@2@$0A@@std@@@2@PAU342@@Z 00408a90 f i Maze.obj
 0001:00007aa0       ?_Right@?$_Tree@V?$_Tset_traits@HU?$less@H@std@@V?$allocator@H@2@$0A@@std@@@std@@KAAAPAU_Node@?$_Tree_nod@V?$_Tset_traits@HU?$less@H@std@@V?$allocator@H@2@$0A@@std@@@2@PAU342@@Z 00408aa0 f i Maze.obj
 0001:00007ab0       ??0?$_Tree@V?$_Tset_traits@HU?$less@H@std@@V?$allocator@H@2@$0A@@std@@@std@@QAE@ABU?$less@H@1@ABV?$allocator@H@1@@Z 00408ab0 f i Maze.obj
 0001:00007b60       ?lower_bound@?$_Tree@V?$_Tset_traits@HU?$less@H@std@@V?$allocator@H@2@$0A@@std@@@std@@QAE?AViterator@12@ABH@Z 00408b60 f i Maze.obj
 0001:00007bd0       ?_Insert@?$_Tree@V?$_Tset_traits@HU?$less@H@std@@V?$allocator@H@2@$0A@@std@@@std@@IAE?AViterator@12@_NPAU_Node@?$_Tree_nod@V?$_Tset_traits@HU?$less@H@std@@V?$allocator@H@2@$0A@@std@@@2@ABH@Z 00408bd0 f i Maze.obj
 0001:000081a0       ??0length_error@std@@QAE@ABV?$basic_string@DU?$char_traits@D@std@@V?$allocator@D@2@@1@@Z 004091a0 f i Maze.obj
 0001:000081f0       ??0logic_error@std@@QAE@ABV?$basic_string@DU?$char_traits@D@std@@V?$allocator@D@2@@1@@Z 004091f0 f i Maze.obj
 0001:00008290       ?what@logic_error@std@@UBEPBDXZ 00409290 f i Maze.obj
 0001:000082c0       ??_Glogic_error@std@@UAEPAXI@Z 004092c0 f i Maze.obj
 0001:000082c0       ??_Elogic_error@std@@UAEPAXI@Z 004092c0 f i Maze.obj
 0001:00008310       ??1logic_error@std@@UAE@XZ 00409310 f i Maze.obj
 0001:00008360       ??1length_error@std@@UAE@XZ 00409360 f i Maze.obj
 0001:000083a0       ??_Elength_error@std@@UAEPAXI@Z 004093a0 f i Maze.obj
 0001:000083a0       ??_Glength_error@std@@UAEPAXI@Z 004093a0 f i Maze.obj
 0001:000083f0       ?_Lmost@?$_Tree@V?$_Tset_traits@HU?$less@H@std@@V?$allocator@H@2@$0A@@std@@@std@@IBEAAPAU_Node@?$_Tree_nod@V?$_Tset_traits@HU?$less@H@std@@V?$allocator@H@2@$0A@@std@@@2@XZ 004093f0 f i Maze.obj
 0001:00008430       ?_Root@?$_Tree@V?$_Tset_traits@HU?$less@H@std@@V?$allocator@H@2@$0A@@std@@@std@@IBEAAPAU_Node@?$_Tree_nod@V?$_Tset_traits@HU?$less@H@std@@V?$allocator@H@2@$0A@@std@@@2@XZ 00409430 f i Maze.obj
 0001:00008470       ?_Tidy@?$_Tree@V?$_Tset_traits@HU?$less@H@std@@V?$allocator@H@2@$0A@@std@@@std@@IAEXXZ 00409470 f i Maze.obj
 0001:00008640       ?_Kfn@?$_Tset_traits@HU?$less@H@std@@V?$allocator@H@2@$0A@@std@@SAABHABH@Z 00409640 f i Maze.obj
 0001:00008650       ??1?$_Container_base_aux_alloc_empty@V?$allocator@H@std@@@std@@IAE@XZ 00409650 f i Maze.obj
 0001:00008680       ??0?$allocator@H@std@@QAE@XZ 00409680 f i Maze.obj
 0001:000086a0       ??0?$pair@Viterator@?$_Tree@V?$_Tset_traits@HU?$less@H@std@@V?$allocator@H@2@$0A@@std@@@std@@_N@std@@QAE@ABViterator@?$_Tree@V?$_Tset_traits@HU?$less@H@std@@V?$allocator@H@2@$0A@@std@@@1@AB_N@Z 004096a0 f i Maze.obj
 0001:000086f0       ??0iterator@?$_Tree@V?$_Tset_traits@HU?$less@H@std@@V?$allocator@H@2@$0A@@std@@@std@@QAE@PAU_Node@?$_Tree_nod@V?$_Tset_traits@HU?$less@H@std@@V?$allocator@H@2@$0A@@std@@@2@PBV12@@Z 004096f0 f i Maze.obj
 0001:00008730       ??Fiterator@?$_Tree@V?$_Tset_traits@HU?$less@H@std@@V?$allocator@H@2@$0A@@std@@@std@@QAEAAV012@XZ 00409730 f i Maze.obj
 0001:00008760       ??8const_iterator@?$_Tree@V?$_Tset_traits@HU?$less@H@std@@V?$allocator@H@2@$0A@@std@@@std@@QBE_NABV012@@Z 00409760 f i Maze.obj
 0001:00008830       ?_Mynode@const_iterator@?$_Tree@V?$_Tset_traits@HU?$less@H@std@@V?$allocator@H@2@$0A@@std@@@std@@QBEPAU_Node@?$_Tree_nod@V?$_Tset_traits@HU?$less@H@std@@V?$allocator@H@2@$0A@@std@@@3@XZ 00409830 f i Maze.obj
 0001:00008850       ?capacity@?$vector@V?$set@HU?$less@H@std@@V?$allocator@H@2@@std@@V?$allocator@V?$set@HU?$less@H@std@@V?$allocator@H@2@@std@@@2@@std@@QBEIXZ 00409850 f i Maze.obj
 0001:000088b0       ?end@?$vector@V?$set@HU?$less@H@std@@V?$allocator@H@2@@std@@V?$allocator@V?$set@HU?$less@H@std@@V?$allocator@H@2@@std@@@2@@std@@QAE?AV?$_Vector_iterator@V?$set@HU?$less@H@std@@V?$allocator@H@2@@std@@V?$allocator@V?$set@HU?$less@H@std@@V?$allocator@H@2@@std@@@2@@2@XZ 004098b0 f i Maze.obj
 0001:00008910       ?insert@?$vector@V?$set@HU?$less@H@std@@V?$allocator@H@2@@std@@V?$allocator@V?$set@HU?$less@H@std@@V?$allocator@H@2@@std@@@2@@std@@QAE?AV?$_Vector_iterator@V?$set@HU?$less@H@std@@V?$allocator@H@2@@std@@V?$allocator@V?$set@HU?$less@H@std@@V?$allocator@H@2@@std@@@2@@2@V?$_Vector_const_iterator@V?$set@HU?$less@H@std@@V?$allocator@H@2@@std@@V?$allocator@V?$set@HU?$less@H@std@@V?$allocator@H@2@@std@@@2@@2@ABV?$set@HU?$less@H@std@@V?$allocator@H@2@@2@@Z 00409910 f i Maze.obj
 0001:00008aa0       ?_Buy@?$vector@V?$set@HU?$less@H@std@@V?$allocator@H@2@@std@@V?$allocator@V?$set@HU?$less@H@std@@V?$allocator@H@2@@std@@@2@@std@@IAE_NI@Z 00409aa0 f i Maze.obj
 0001:00008b60       ?_Destroy@?$vector@V?$set@HU?$less@H@std@@V?$allocator@H@2@@std@@V?$allocator@V?$set@HU?$less@H@std@@V?$allocator@H@2@@std@@@2@@std@@IAEXPAV?$set@HU?$less@H@std@@V?$allocator@H@2@@2@0@Z 00409b60 f i Maze.obj
 0001:00008bb0       ?_Tidy@?$vector@V?$set@HU?$less@H@std@@V?$allocator@H@2@@std@@V?$allocator@V?$set@HU?$less@H@std@@V?$allocator@H@2@@std@@@2@@std@@IAEXXZ 00409bb0 f i Maze.obj
 0001:00008c60       ?_Ufill@?$vector@V?$set@HU?$less@H@std@@V?$allocator@H@2@@std@@V?$allocator@V?$set@HU?$less@H@std@@V?$allocator@H@2@@std@@@2@@std@@IAEPAV?$set@HU?$less@H@std@@V?$allocator@H@2@@2@PAV32@IABV32@@Z 00409c60 f i Maze.obj
 0001:00008cc0       ?_Orphan_range@?$vector@V?$set@HU?$less@H@std@@V?$allocator@H@2@@std@@V?$allocator@V?$set@HU?$less@H@std@@V?$allocator@H@2@@std@@@2@@std@@IBEXPAV?$set@HU?$less@H@std@@V?$allocator@H@2@@2@0@Z 00409cc0 f i Maze.obj
 0001:00008db0       ??0?$_Vector_val@V?$set@HU?$less@H@std@@V?$allocator@H@2@@std@@V?$allocator@V?$set@HU?$less@H@std@@V?$allocator@H@2@@std@@@2@@std@@IAE@V?$allocator@V?$set@HU?$less@H@std@@V?$allocator@H@2@@std@@@1@@Z 00409db0 f i Maze.obj
 0001:00008e20       ??1?$_Container_base_aux_alloc_empty@V?$allocator@V?$set@HU?$less@H@std@@V?$allocator@H@2@@std@@@std@@@std@@IAE@XZ 00409e20 f i Maze.obj
 0001:00008e50       ??0?$allocator@V?$set@HU?$less@H@std@@V?$allocator@H@2@@std@@@std@@QAE@XZ 00409e50 f i Maze.obj
 0001:00008e70       ?capacity@?$vector@Uwall@@V?$allocator@Uwall@@@std@@@std@@QBEIXZ 00409e70 f i Maze.obj
 0001:00008ed0       ?end@?$vector@Uwall@@V?$allocator@Uwall@@@std@@@std@@QAE?AV?$_Vector_iterator@Uwall@@V?$allocator@Uwall@@@std@@@2@XZ 00409ed0 f i Maze.obj
 0001:00008f30       ?insert@?$vector@Uwall@@V?$allocator@Uwall@@@std@@@std@@QAE?AV?$_Vector_iterator@Uwall@@V?$allocator@Uwall@@@std@@@2@V?$_Vector_const_iterator@Uwall@@V?$allocator@Uwall@@@std@@@2@ABUwall@@@Z 00409f30 f i Maze.obj
 0001:000090c0       ?_Buy@?$vector@Uwall@@V?$allocator@Uwall@@@std@@@std@@IAE_NI@Z 0040a0c0 f i Maze.obj
 0001:00009180       ?_Tidy@?$vector@Uwall@@V?$allocator@Uwall@@@std@@@std@@IAEXXZ 0040a180 f i Maze.obj
 0001:00009230       ?_Ufill@?$vector@Uwall@@V?$allocator@Uwall@@@std@@@std@@IAEPAUwall@@PAU3@IABU3@@Z 0040a230 f i Maze.obj
 0001:00009290       ?_Orphan_range@?$vector@Uwall@@V?$allocator@Uwall@@@std@@@std@@IBEXPAUwall@@0@Z 0040a290 f i Maze.obj
 0001:00009380       ??0?$_Vector_val@Uwall@@V?$allocator@Uwall@@@std@@@std@@IAE@V?$allocator@Uwall@@@1@@Z 0040a380 f i Maze.obj
 0001:000093f0       ??1?$_Container_base_aux_alloc_empty@V?$allocator@Uwall@@@std@@@std@@IAE@XZ 0040a3f0 f i Maze.obj
 0001:00009420       ??0?$allocator@Uwall@@@std@@QAE@XZ 0040a420 f i Maze.obj
 0001:00009440       ??0?$_Vector_iterator@V?$set@HU?$less@H@std@@V?$allocator@H@2@@std@@V?$allocator@V?$set@HU?$less@H@std@@V?$allocator@H@2@@std@@@2@@std@@QAE@PAV?$set@HU?$less@H@std@@V?$allocator@H@2@@1@PBV_Container_base_secure@1@@Z 0040a440 f i Maze.obj
 0001:00009480       ??Y?$_Vector_iterator@V?$set@HU?$less@H@std@@V?$allocator@H@2@@std@@V?$allocator@V?$set@HU?$less@H@std@@V?$allocator@H@2@@std@@@2@@std@@QAEAAV01@H@Z 0040a480 f i Maze.obj
 0001:000094c0       ??0length_error@std@@QAE@ABV01@@Z 0040a4c0 f i Maze.obj
 0001:00009510       ??0logic_error@std@@QAE@ABV01@@Z 0040a510 f i Maze.obj
 0001:000095b0       ?_Color@?$_Tree@V?$_Tset_traits@HU?$less@H@std@@V?$allocator@H@2@$0A@@std@@@std@@KAAADPAU_Node@?$_Tree_nod@V?$_Tset_traits@HU?$less@H@std@@V?$allocator@H@2@$0A@@std@@@2@@Z 0040a5b0 f i Maze.obj
 0001:000095c0       ?_Parent@?$_Tree@V?$_Tset_traits@HU?$less@H@std@@V?$allocator@H@2@$0A@@std@@@std@@KAAAPAU_Node@?$_Tree_nod@V?$_Tset_traits@HU?$less@H@std@@V?$allocator@H@2@$0A@@std@@@2@PAU342@@Z 0040a5c0 f i Maze.obj
 0001:000095d0       ?_Myval@?$_Tree@V?$_Tset_traits@HU?$less@H@std@@V?$allocator@H@2@$0A@@std@@@std@@KAAAHPAU_Node@?$_Tree_nod@V?$_Tset_traits@HU?$less@H@std@@V?$allocator@H@2@$0A@@std@@@2@@Z 0040a5d0 f i Maze.obj
 0001:000095e0       ?max_size@?$_Tree@V?$_Tset_traits@HU?$less@H@std@@V?$allocator@H@2@$0A@@std@@@std@@QBEIXZ 0040a5e0 f i Maze.obj
 0001:00009610       ?erase@?$_Tree@V?$_Tset_traits@HU?$less@H@std@@V?$allocator@H@2@$0A@@std@@@std@@QAE?AViterator@12@Vconst_iterator@12@0@Z 0040a610 f i Maze.obj
 0001:000098a0       ?_Init@?$_Tree@V?$_Tset_traits@HU?$less@H@std@@V?$allocator@H@2@$0A@@std@@@std@@IAEXXZ 0040a8a0 f i Maze.obj
 0001:00009940       ?_Lbound@?$_Tree@V?$_Tset_traits@HU?$less@H@std@@V?$allocator@H@2@$0A@@std@@@std@@IBEPAU_Node@?$_Tree_nod@V?$_Tset_traits@HU?$less@H@std@@V?$allocator@H@2@$0A@@std@@@2@ABH@Z 0040a940 f i Maze.obj
 0001:00009a30       ?_Lrotate@?$_Tree@V?$_Tset_traits@HU?$less@H@std@@V?$allocator@H@2@$0A@@std@@@std@@IAEXPAU_Node@?$_Tree_nod@V?$_Tset_traits@HU?$less@H@std@@V?$allocator@H@2@$0A@@std@@@2@@Z 0040aa30 f i Maze.obj
 0001:00009bd0       ?_Rmost@?$_Tree@V?$_Tset_traits@HU?$less@H@std@@V?$allocator@H@2@$0A@@std@@@std@@IBEAAPAU_Node@?$_Tree_nod@V?$_Tset_traits@HU?$less@H@std@@V?$allocator@H@2@$0A@@std@@@2@XZ 0040abd0 f i Maze.obj
 0001:00009c10       ?_Rrotate@?$_Tree@V?$_Tset_traits@HU?$less@H@std@@V?$allocator@H@2@$0A@@std@@@std@@IAEXPAU_Node@?$_Tree_nod@V?$_Tset_traits@HU?$less@H@std@@V?$allocator@H@2@$0A@@std@@@2@@Z 0040ac10 f i Maze.obj
 0001:00009db0       ?_Buynode@?$_Tree@V?$_Tset_traits@HU?$less@H@std@@V?$allocator@H@2@$0A@@std@@@std@@IAEPAU_Node@?$_Tree_nod@V?$_Tset_traits@HU?$less@H@std@@V?$allocator@H@2@$0A@@std@@@2@PAU342@00ABHD@Z 0040adb0 f i Maze.obj
 0001:00009f00       ??2@YAPAXIPAX@Z            0040af00 f i Maze.obj
 0001:00009f10       ??3@YAXPAX0@Z              0040af10 f i Maze.obj
 0001:00009f20       ??0?$_Tree_val@V?$_Tset_traits@HU?$less@H@std@@V?$allocator@H@2@$0A@@std@@@std@@IAE@ABU?$less@H@1@V?$allocator@H@1@@Z 0040af20 f i Maze.obj
 0001:00009f90       ??0?$allocator@H@std@@QAE@ABV01@@Z 0040af90 f i Maze.obj
 0001:00009fb0       ?deallocate@?$allocator@U_Node@?$_Tree_nod@V?$_Tset_traits@HU?$less@H@std@@V?$allocator@H@2@$0A@@std@@@std@@@std@@QAEXPAU_Node@?$_Tree_nod@V?$_Tset_traits@HU?$less@H@std@@V?$allocator@H@2@$0A@@std@@@2@I@Z 0040afb0 f i Maze.obj
 0001:00009ff0       ?destroy@?$allocator@PAU_Node@?$_Tree_nod@V?$_Tset_traits@HU?$less@H@std@@V?$allocator@H@2@$0A@@std@@@std@@@std@@QAEXPAPAU_Node@?$_Tree_nod@V?$_Tset_traits@HU?$less@H@std@@V?$allocator@H@2@$0A@@std@@@2@@Z 0040aff0 f i Maze.obj
 0001:0000a030       ??0const_iterator@?$_Tree@V?$_Tset_traits@HU?$less@H@std@@V?$allocator@H@2@$0A@@std@@@std@@QAE@PAU_Node@?$_Tree_nod@V?$_Tset_traits@HU?$less@H@std@@V?$allocator@H@2@$0A@@std@@@2@PBV12@@Z 0040b030 f i Maze.obj
 0001:0000a0d0       ??Fconst_iterator@?$_Tree@V?$_Tset_traits@HU?$less@H@std@@V?$allocator@H@2@$0A@@std@@@std@@QAEAAV012@XZ 0040b0d0 f i Maze.obj
 0001:0000a100       ?max_size@?$vector@V?$set@HU?$less@H@std@@V?$allocator@H@2@@std@@V?$allocator@V?$set@HU?$less@H@std@@V?$allocator@H@2@@std@@@2@@std@@QBEIXZ 0040b100 f i Maze.obj
 0001:0000a130       ?_Insert_n@?$vector@V?$set@HU?$less@H@std@@V?$allocator@H@2@@std@@V?$allocator@V?$set@HU?$less@H@std@@V?$allocator@H@2@@std@@@2@@std@@IAEXV?$_Vector_const_iterator@V?$set@HU?$less@H@std@@V?$allocator@H@2@@std@@V?$allocator@V?$set@HU?$less@H@std@@V?$allocator@H@2@@std@@@2@@2@IABV?$set@HU?$less@H@std@@V?$allocator@H@2@@2@@Z 0040b130 f i Maze.obj
 0001:0000a710       ?_Xlen@?$vector@V?$set@HU?$less@H@std@@V?$allocator@H@2@@std@@V?$allocator@V?$set@HU?$less@H@std@@V?$allocator@H@2@@std@@@2@@std@@KAXXZ 0040b710 f i Maze.obj
 0001:0000a7c0       ??0?$_Container_base_aux_alloc_empty@V?$allocator@V?$set@HU?$less@H@std@@V?$allocator@H@2@@std@@@std@@@std@@IAE@V?$allocator@V?$set@HU?$less@H@std@@V?$allocator@H@2@@std@@@1@@Z 0040b7c0 f i Maze.obj
 0001:0000a800       ??0?$allocator@V?$set@HU?$less@H@std@@V?$allocator@H@2@@std@@@std@@QAE@ABV01@@Z 0040b800 f i Maze.obj
 0001:0000a820       ?deallocate@?$allocator@V?$set@HU?$less@H@std@@V?$allocator@H@2@@std@@@std@@QAEXPAV?$set@HU?$less@H@std@@V?$allocator@H@2@@2@I@Z 0040b820 f i Maze.obj
 0001:0000a860       ?allocate@?$allocator@V?$set@HU?$less@H@std@@V?$allocator@H@2@@std@@@std@@QAEPAV?$set@HU?$less@H@std@@V?$allocator@H@2@@2@I@Z 0040b860 f i Maze.obj
 0001:0000a8a0       ?begin@?$vector@Uwall@@V?$allocator@Uwall@@@std@@@std@@QAE?AV?$_Vector_iterator@Uwall@@V?$allocator@Uwall@@@std@@@2@XZ 0040b8a0 f i Maze.obj
 0001:0000a900       ?max_size@?$vector@Uwall@@V?$allocator@Uwall@@@std@@@std@@QBEIXZ 0040b900 f i Maze.obj
 0001:0000a930       ?_Destroy@?$vector@Uwall@@V?$allocator@Uwall@@@std@@@std@@IAEXPAUwall@@0@Z 0040b930 f i Maze.obj
 0001:0000a980       ?_Insert_n@?$vector@Uwall@@V?$allocator@Uwall@@@std@@@std@@IAEXV?$_Vector_const_iterator@Uwall@@V?$allocator@Uwall@@@std@@@2@IABUwall@@@Z 0040b980 f i Maze.obj
 0001:0000af20       ?_Xlen@?$vector@Uwall@@V?$allocator@Uwall@@@std@@@std@@KAXXZ 0040bf20 f i Maze.obj
 0001:0000afd0       ??0?$_Container_base_aux_alloc_empty@V?$allocator@Uwall@@@std@@@std@@IAE@V?$allocator@Uwall@@@1@@Z 0040bfd0 f i Maze.obj
 0001:0000b010       ??0?$allocator@Uwall@@@std@@QAE@ABV01@@Z 0040c010 f i Maze.obj
 0001:0000b030       ?deallocate@?$allocator@Uwall@@@std@@QAEXPAUwall@@I@Z 0040c030 f i Maze.obj
 0001:0000b070       ?allocate@?$allocator@Uwall@@@std@@QAEPAUwall@@I@Z 0040c070 f i Maze.obj
 0001:0000b0b0       ??0?$_Vector_const_iterator@V?$set@HU?$less@H@std@@V?$allocator@H@2@@std@@V?$allocator@V?$set@HU?$less@H@std@@V?$allocator@H@2@@std@@@2@@std@@QAE@PAV?$set@HU?$less@H@std@@V?$allocator@H@2@@1@PBV_Container_base_secure@1@@Z 0040c0b0 f i Maze.obj
 0001:0000b1c0       ??Y?$_Vector_const_iterator@V?$set@HU?$less@H@std@@V?$allocator@H@2@@std@@V?$allocator@V?$set@HU?$less@H@std@@V?$allocator@H@2@@std@@@2@@std@@QAEAAV01@H@Z 0040c1c0 f i Maze.obj
 0001:0000b300       ?_Getmycont@_Iterator_base@std@@QBEPBV_Container_base_secure@2@XZ 0040c300 f i Maze.obj
 0001:0000b320       ?_Has_container@_Iterator_base@std@@QBE_NXZ 0040c320 f i Maze.obj
 0001:0000b350       ??G?$_Vector_const_iterator@V?$set@HU?$less@H@std@@V?$allocator@H@2@@std@@V?$allocator@V?$set@HU?$less@H@std@@V?$allocator@H@2@@std@@@2@@std@@QBEHABV01@@Z 0040c350 f i Maze.obj
 0001:0000b3a0       ??0?$_Vector_iterator@Uwall@@V?$allocator@Uwall@@@std@@@std@@QAE@PAUwall@@PBV_Container_base_secure@1@@Z 0040c3a0 f i Maze.obj
 0001:0000b3e0       ??H?$_Vector_iterator@Uwall@@V?$allocator@Uwall@@@std@@@std@@QBE?AV01@H@Z 0040c3e0 f i Maze.obj
 0001:0000b4f0       ??G?$_Vector_const_iterator@Uwall@@V?$allocator@Uwall@@@std@@@std@@QBEHABV01@@Z 0040c4f0 f i Maze.obj
 0001:0000b540       ??0?$_Bidit@HHPBHABH@std@@QAE@XZ 0040c540 f i Maze.obj
 0001:0000b570       ??0?$set@HU?$less@H@std@@V?$allocator@H@2@@std@@QAE@ABV01@@Z 0040c570 f i Maze.obj
 0001:0000b5b0       ??0?$_Ranit@V?$set@HU?$less@H@std@@V?$allocator@H@2@@std@@HPBV12@ABV12@@std@@QAE@XZ 0040c5b0 f i Maze.obj
 0001:0000b5e0       ??0?$_Vector_iterator@Uwall@@V?$allocator@Uwall@@@std@@@std@@QAE@ABV01@@Z 0040c5e0 f i Maze.obj
 0001:0000b620       ??0?$_Iterator_with_base@Ubidirectional_iterator_tag@std@@HHPBHABHV_Iterator_base@2@@std@@QAE@XZ 0040c620 f i Maze.obj
 0001:0000b650       ??0_Iterator_base@std@@QAE@XZ 0040c650 f i Maze.obj
 0001:0000b690       ??0?$_Iterator_with_base@Urandom_access_iterator_tag@std@@V?$set@HU?$less@H@std@@V?$allocator@H@2@@2@HPBV32@ABV32@V_Iterator_base@2@@std@@QAE@XZ 0040c690 f i Maze.obj
 0001:0000b6c0       ??0?$_Tree@V?$_Tset_traits@HU?$less@H@std@@V?$allocator@H@2@$0A@@std@@@std@@QAE@ABV01@@Z 0040c6c0 f i Maze.obj
 0001:0000b7d0       ?_Make_iter@?$_Tree@V?$_Tset_traits@HU?$less@H@std@@V?$allocator@H@2@$0A@@std@@@std@@QBE?AViterator@12@Vconst_iterator@12@@Z 0040c7d0 f i Maze.obj
 0001:0000b8c0       ?erase@?$_Tree@V?$_Tset_traits@HU?$less@H@std@@V?$allocator@H@2@$0A@@std@@@std@@QAE?AViterator@12@Vconst_iterator@12@@Z 0040c8c0 f i Maze.obj
 0001:0000c0e0       __trandisp1                0040d0e0 f   LIBCMTD:_87disp_.obj
 0001:0000c147       __trandisp2                0040d147 f   LIBCMTD:_87disp_.obj
 0001:0000c1d3       __rttospopde               0040d1d3     LIBCMTD:_87disp_.obj
 0001:0000c1d8       __rttospop                 0040d1d8     LIBCMTD:_87disp_.obj
 0001:0000c1da       __rtnospop                 0040d1da     LIBCMTD:_87disp_.obj
 0001:0000c1dc       __rttosnpop                0040d1dc     LIBCMTD:_87disp_.obj
 0001:0000c1dd       __rtnospopde               0040d1dd     LIBCMTD:_87disp_.obj
 0001:0000c1e4       __rtzeropop                0040d1e4     LIBCMTD:_87disp_.obj
 0001:0000c1e6       __rtzeronpop               0040d1e6     LIBCMTD:_87disp_.obj
 0001:0000c1eb       __rtonepop                 0040d1eb     LIBCMTD:_87disp_.obj
 0001:0000c1ed       __rtonenpop                0040d1ed     LIBCMTD:_87disp_.obj
 0001:0000c1f2       __tosnan1                  0040d1f2     LIBCMTD:_87disp_.obj
 0001:0000c21d       __nosnan2                  0040d21d     LIBCMTD:_87disp_.obj
 0001:0000c21f       __tosnan2                  0040d21f     LIBCMTD:_87disp_.obj
 0001:0000c247       __nan2                     0040d247     LIBCMTD:_87disp_.obj
 0001:0000c286       __rtindfpop                0040d286     LIBCMTD:_87disp_.obj
 0001:0000c288       __rtindfnpop               0040d288     LIBCMTD:_87disp_.obj
 0001:0000c299       __rttosnpopde              0040d299     LIBCMTD:_87disp_.obj
 0001:0000c2a3       __rtchsifneg               0040d2a3     LIBCMTD:_87disp_.obj
 0001:0000c2e0       ?clear@?$_Tree@V?$_Tset_traits@HU?$less@H@std@@V?$allocator@H@2@$0A@@std@@@std@@QAEXXZ 0040d2e0 f i Maze.obj
 0001:0000c380       ?_Buynode@?$_Tree@V?$_Tset_traits@HU?$less@H@std@@V?$allocator@H@2@$0A@@std@@@std@@IAEPAU_Node@?$_Tree_nod@V?$_Tset_traits@HU?$less@H@std@@V?$allocator@H@2@$0A@@std@@@2@XZ 0040d380 f i Maze.obj
 0001:0000c590       ??0?$_Tree_ptr@V?$_Tset_traits@HU?$less@H@std@@V?$allocator@H@2@$0A@@std@@@std@@QAE@ABU?$less@H@1@V?$allocator@H@1@@Z 0040d590 f i Maze.obj
 0001:0000c600       ?max_size@?$allocator@H@std@@QBEIXZ 0040d600 f i Maze.obj
 0001:0000c660       ?allocate@?$allocator@U_Node@?$_Tree_nod@V?$_Tset_traits@HU?$less@H@std@@V?$allocator@H@2@$0A@@std@@@std@@@std@@QAEPAU_Node@?$_Tree_nod@V?$_Tset_traits@HU?$less@H@std@@V?$allocator@H@2@$0A@@std@@@2@I@Z 0040d660 f i Maze.obj
 0001:0000c6a0       ??Econst_iterator@?$_Tree@V?$_Tset_traits@HU?$less@H@std@@V?$allocator@H@2@$0A@@std@@@std@@QAE?AV012@H@Z 0040d6a0 f i Maze.obj
 0001:0000c7a0       ?_Dec@const_iterator@?$_Tree@V?$_Tset_traits@HU?$less@H@std@@V?$allocator@H@2@$0A@@std@@@std@@QAEXXZ 0040d7a0 f i Maze.obj
 0001:0000ca70       ?max_size@?$allocator@V?$set@HU?$less@H@std@@V?$allocator@H@2@@std@@@std@@QBEIXZ 0040da70 f i Maze.obj
 0001:0000cad0       ?max_size@?$allocator@Uwall@@@std@@QBEIXZ 0040dad0 f i Maze.obj
 0001:0000cb30       ?_Compat@?$_Vector_const_iterator@V?$set@HU?$less@H@std@@V?$allocator@H@2@@std@@V?$allocator@V?$set@HU?$less@H@std@@V?$allocator@H@2@@std@@@2@@std@@QBEXABV12@@Z 0040db30 f i Maze.obj
 0001:0000cbe0       ??Y?$_Vector_iterator@Uwall@@V?$allocator@Uwall@@@std@@@std@@QAEAAV01@H@Z 0040dbe0 f i Maze.obj
 0001:0000cc20       ??0?$_Vector_const_iterator@Uwall@@V?$allocator@Uwall@@@std@@@std@@QAE@PAUwall@@PBV_Container_base_secure@1@@Z 0040dc20 f i Maze.obj
 0001:0000cd30       ?_Compat@?$_Vector_const_iterator@Uwall@@V?$allocator@Uwall@@@std@@@std@@QBEXABV12@@Z 0040dd30 f i Maze.obj
 0001:0000cde0       ??0_Node@?$_Tree_nod@V?$_Tset_traits@HU?$less@H@std@@V?$allocator@H@2@$0A@@std@@@std@@QAE@PAU012@00ABHD@Z 0040dde0 f i Maze.obj
 0001:0000ce40       ??0?$_Ranit@Uwall@@HPBU1@ABU1@@std@@QAE@XZ 0040de40 f i Maze.obj
 0001:0000ce70       ??0?$_Iterator_with_base@Urandom_access_iterator_tag@std@@Uwall@@HPBU3@ABU3@V_Iterator_base@2@@std@@QAE@XZ 0040de70 f i Maze.obj
 0001:0000cea0       ?get_allocator@?$_Tree@V?$_Tset_traits@HU?$less@H@std@@V?$allocator@H@2@$0A@@std@@@std@@QBE?AV?$allocator@H@2@XZ 0040dea0 f i Maze.obj
 0001:0000cee0       ?key_comp@?$_Tree@V?$_Tset_traits@HU?$less@H@std@@V?$allocator@H@2@$0A@@std@@@std@@QBE?AU?$less@H@2@XZ 0040dee0 f i Maze.obj
 0001:0000cf00       ?_Copy@?$_Tree@V?$_Tset_traits@HU?$less@H@std@@V?$allocator@H@2@$0A@@std@@@std@@IAEXABV12@@Z 0040df00 f i Maze.obj
 0001:0000d010       ?_Erase@?$_Tree@V?$_Tset_traits@HU?$less@H@std@@V?$allocator@H@2@$0A@@std@@@std@@IAEXPAU_Node@?$_Tree_nod@V?$_Tset_traits@HU?$less@H@std@@V?$allocator@H@2@$0A@@std@@@2@@Z 0040e010 f i Maze.obj
 0001:0000d0d0       ?_Max@?$_Tree@V?$_Tset_traits@HU?$less@H@std@@V?$allocator@H@2@$0A@@std@@@std@@KAPAU_Node@?$_Tree_nod@V?$_Tset_traits@HU?$less@H@std@@V?$allocator@H@2@$0A@@std@@@2@PAU342@@Z 0040e0d0 f i Maze.obj
 0001:0000d120       ?_Min@?$_Tree@V?$_Tset_traits@HU?$less@H@std@@V?$allocator@H@2@$0A@@std@@@std@@KAPAU_Node@?$_Tree_nod@V?$_Tset_traits@HU?$less@H@std@@V?$allocator@H@2@$0A@@std@@@2@PAU342@@Z 0040e120 f i Maze.obj
 0001:0000d170       ?_Orphan_ptr@?$_Tree@V?$_Tset_traits@HU?$less@H@std@@V?$allocator@H@2@$0A@@std@@@std@@IBEXAAV12@PAU_Node@?$_Tree_nod@V?$_Tset_traits@HU?$less@H@std@@V?$allocator@H@2@$0A@@std@@@2@@Z 0040e170 f i Maze.obj
 0001:0000d270       ??0?$_Tree_nod@V?$_Tset_traits@HU?$less@H@std@@V?$allocator@H@2@$0A@@std@@@std@@IAE@ABU?$less@H@1@V?$allocator@H@1@@Z 0040e270 f i Maze.obj
 0001:0000d2e0       ?destroy@?$allocator@U_Node@?$_Tree_nod@V?$_Tset_traits@HU?$less@H@std@@V?$allocator@H@2@$0A@@std@@@std@@@std@@QAEXPAU_Node@?$_Tree_nod@V?$_Tset_traits@HU?$less@H@std@@V?$allocator@H@2@$0A@@std@@@2@@Z 0040e2e0 f i Maze.obj
 0001:0000d320       ?construct@?$allocator@PAU_Node@?$_Tree_nod@V?$_Tset_traits@HU?$less@H@std@@V?$allocator@H@2@$0A@@std@@@std@@@std@@QAEXPAPAU_Node@?$_Tree_nod@V?$_Tset_traits@HU?$less@H@std@@V?$allocator@H@2@$0A@@std@@@2@ABQAU342@@Z 0040e320 f i Maze.obj
 0001:0000d360       ??Econst_iterator@?$_Tree@V?$_Tset_traits@HU?$less@H@std@@V?$allocator@H@2@$0A@@std@@@std@@QAEAAV012@XZ 0040e360 f i Maze.obj
 0001:0000d390       ??Y?$_Vector_const_iterator@Uwall@@V?$allocator@Uwall@@@std@@@std@@QAEAAV01@H@Z 0040e390 f i Maze.obj
 0001:0000d4d0       ?size@?$_Tree@V?$_Tset_traits@HU?$less@H@std@@V?$allocator@H@2@$0A@@std@@@std@@QBEIXZ 0040e4d0 f i Maze.obj
 0001:0000d4f0       ?_Copy@?$_Tree@V?$_Tset_traits@HU?$less@H@std@@V?$allocator@H@2@$0A@@std@@@std@@IAEPAU_Node@?$_Tree_nod@V?$_Tset_traits@HU?$less@H@std@@V?$allocator@H@2@$0A@@std@@@2@PAU342@0@Z 0040e4f0 f i Maze.obj
 0001:0000d6e0       ??0?$_Tset_traits@HU?$less@H@std@@V?$allocator@H@2@$0A@@std@@QAE@U?$less@H@1@V?$allocator@H@1@@Z 0040e6e0 f i Maze.obj
 0001:0000d740       ?_Inc@const_iterator@?$_Tree@V?$_Tset_traits@HU?$less@H@std@@V?$allocator@H@2@$0A@@std@@@std@@QAEXXZ 0040e740 f i Maze.obj
 0001:0000d8d0       ??0?$_Container_base_aux_alloc_empty@V?$allocator@H@std@@@std@@IAE@V?$allocator@H@1@@Z 0040e8d0 f i Maze.obj
 0001:0000d910       ??$insert@Viterator@?$_Tree@V?$_Tset_traits@HU?$less@H@std@@V?$allocator@H@2@$0A@@std@@@std@@@?$_Tree@V?$_Tset_traits@HU?$less@H@std@@V?$allocator@H@2@$0A@@std@@@std@@QAEXViterator@01@0@Z 0040e910 f i Maze.obj
 0001:0000da50       ??$_Debug_lt_pred@U?$less@H@std@@HH@std@@YA_NU?$less@H@0@ABH1PB_WI@Z 0040ea50 f i Maze.obj
 0001:0000dac0       ??$unchecked_copy@PAV?$set@HU?$less@H@std@@V?$allocator@H@2@@std@@PAV12@@stdext@@YAPAV?$set@HU?$less@H@std@@V?$allocator@H@2@@std@@PAV12@00@Z 0040eac0 f i Maze.obj
 0001:0000db60       ??$_Destroy_range@V?$allocator@V?$set@HU?$less@H@std@@V?$allocator@H@2@@std@@@std@@@std@@YAXPAV?$set@HU?$less@H@std@@V?$allocator@H@2@@0@0AAV?$allocator@V?$set@HU?$less@H@std@@V?$allocator@H@2@@std@@@0@@Z 0040eb60 f i Maze.obj
 0001:0000dbc0       ??$unchecked_uninitialized_fill_n@PAV?$set@HU?$less@H@std@@V?$allocator@H@2@@std@@IV12@V?$allocator@V?$set@HU?$less@H@std@@V?$allocator@H@2@@std@@@2@@stdext@@YAXPAV?$set@HU?$less@H@std@@V?$allocator@H@2@@std@@IABV12@AAV?$allocator@V?$set@HU?$less@H@std@@V?$allocator@H@2@@std@@@2@@Z 0040ebc0 f i Maze.obj
 0001:0000dc30       ??$unchecked_uninitialized_fill_n@PAUwall@@IU1@V?$allocator@Uwall@@@std@@@stdext@@YAXPAUwall@@IABU1@AAV?$allocator@Uwall@@@std@@@Z 0040ec30 f i Maze.obj
 0001:0000dca0       ??$_Destroy@PAU_Node@?$_Tree_nod@V?$_Tset_traits@HU?$less@H@std@@V?$allocator@H@2@$0A@@std@@@std@@@std@@YAXPAPAU_Node@?$_Tree_nod@V?$_Tset_traits@HU?$less@H@std@@V?$allocator@H@2@$0A@@std@@@0@@Z 0040eca0 f i Maze.obj
 0001:0000dcb0       ??$_Umove@PAV?$set@HU?$less@H@std@@V?$allocator@H@2@@std@@@?$vector@V?$set@HU?$less@H@std@@V?$allocator@H@2@@std@@V?$allocator@V?$set@HU?$less@H@std@@V?$allocator@H@2@@std@@@2@@std@@IAEPAV?$set@HU?$less@H@std@@V?$allocator@H@2@@1@PAV21@00@Z 0040ecb0 f i Maze.obj
 0001:0000dd00       ??$fill@PAV?$set@HU?$less@H@std@@V?$allocator@H@2@@std@@V12@@std@@YAXPAV?$set@HU?$less@H@std@@V?$allocator@H@2@@0@0ABV10@@Z 0040ed00 f i Maze.obj
 0001:0000dd40       ??$_Unchecked_move_backward@PAV?$set@HU?$less@H@std@@V?$allocator@H@2@@std@@PAV12@@stdext@@YAPAV?$set@HU?$less@H@std@@V?$allocator@H@2@@std@@PAV12@00@Z 0040ed40 f i Maze.obj
 0001:0000dde0       ??$_Allocate@V?$set@HU?$less@H@std@@V?$allocator@H@2@@std@@@std@@YAPAV?$set@HU?$less@H@std@@V?$allocator@H@2@@0@IPAV10@@Z 0040ede0 f i Maze.obj
 0001:0000de70       ??$_Destroy_range@V?$allocator@Uwall@@@std@@@std@@YAXPAUwall@@0AAV?$allocator@Uwall@@@0@@Z 0040ee70 f i Maze.obj
 0001:0000ded0       ??$_Umove@PAUwall@@@?$vector@Uwall@@V?$allocator@Uwall@@@std@@@std@@IAEPAUwall@@PAU2@00@Z 0040eed0 f i Maze.obj
 0001:0000df20       ??$fill@PAUwall@@U1@@std@@YAXPAUwall@@0ABU1@@Z 0040ef20 f i Maze.obj
 0001:0000df60       ??$_Unchecked_move_backward@PAUwall@@PAU1@@stdext@@YAPAUwall@@PAU1@00@Z 0040ef60 f i Maze.obj
 0001:0000e000       ??$_Allocate@Uwall@@@std@@YAPAUwall@@IPAU1@@Z 0040f000 f i Maze.obj
 0001:0000e090       ??$swap@D@std@@YAXAAD0@Z   0040f090 f i Maze.obj
 0001:0000e0d0       ??$?0H@?$allocator@PAU_Node@?$_Tree_nod@V?$_Tset_traits@HU?$less@H@std@@V?$allocator@H@2@$0A@@std@@@std@@@std@@QAE@ABV?$allocator@H@1@@Z 0040f0d0 f i Maze.obj
 0001:0000e0f0       ??$_Allocate@U_Node@?$_Tree_nod@V?$_Tset_traits@HU?$less@H@std@@V?$allocator@H@2@$0A@@std@@@std@@@std@@YAPAU_Node@?$_Tree_nod@V?$_Tset_traits@HU?$less@H@std@@V?$allocator@H@2@$0A@@std@@@0@IPAU120@@Z 0040f0f0 f i Maze.obj
 0001:0000e180       ??$?0H@?$allocator@U_Node@?$_Tree_nod@V?$_Tset_traits@HU?$less@H@std@@V?$allocator@H@2@$0A@@std@@@std@@@std@@QAE@ABV?$allocator@H@1@@Z 0040f180 f i Maze.obj
 0001:0000e1a0       ??$_Destroy@U_Node@?$_Tree_nod@V?$_Tset_traits@HU?$less@H@std@@V?$allocator@H@2@$0A@@std@@@std@@@std@@YAXPAU_Node@?$_Tree_nod@V?$_Tset_traits@HU?$less@H@std@@V?$allocator@H@2@$0A@@std@@@0@@Z 0040f1a0 f i Maze.obj
 0001:0000e1b0       ??$_Construct@PAU_Node@?$_Tree_nod@V?$_Tset_traits@HU?$less@H@std@@V?$allocator@H@2@$0A@@std@@@std@@PAU123@@std@@YAXPAPAU_Node@?$_Tree_nod@V?$_Tset_traits@HU?$less@H@std@@V?$allocator@H@2@$0A@@std@@@0@ABQAU120@@Z 0040f1b0 f i Maze.obj
 0001:0000e230       ??R?$less@H@std@@QBE_NABH0@Z 0040f230 f i Maze.obj
 0001:0000e260       ??Diterator@?$_Tree@V?$_Tset_traits@HU?$less@H@std@@V?$allocator@H@2@$0A@@std@@@std@@QBEAAHXZ 0040f260 f i Maze.obj
 0001:0000e290       ??Eiterator@?$_Tree@V?$_Tset_traits@HU?$less@H@std@@V?$allocator@H@2@$0A@@std@@@std@@QAEAAV012@XZ 0040f290 f i Maze.obj
 0001:0000e2c0       ??Dconst_iterator@?$_Tree@V?$_Tset_traits@HU?$less@H@std@@V?$allocator@H@2@$0A@@std@@@std@@QBEABHXZ 0040f2c0 f i Maze.obj
 0001:0000e390       ??$_Debug_range@Viterator@?$_Tree@V?$_Tset_traits@HU?$less@H@std@@V?$allocator@H@2@$0A@@std@@@std@@@std@@YAXViterator@?$_Tree@V?$_Tset_traits@HU?$less@H@std@@V?$allocator@H@2@$0A@@std@@@0@0PB_WI@Z 0040f390 f i Maze.obj
 0001:0000e4a0       ??$_Checked_base@PAV?$set@HU?$less@H@std@@V?$allocator@H@2@@std@@@std@@YAPAV?$set@HU?$less@H@std@@V?$allocator@H@2@@0@AAPAV10@@Z 0040f4a0 f i Maze.obj
 0001:0000e530       ??$_Iter_random@PAV?$set@HU?$less@H@std@@V?$allocator@H@2@@std@@PAV12@@std@@YA?AUrandom_access_iterator_tag@0@ABQAV?$set@HU?$less@H@std@@V?$allocator@H@2@@0@0@Z 0040f530 f i Maze.obj
 0001:0000e590       ??$_Ptr_cat@PAV?$set@HU?$less@H@std@@V?$allocator@H@2@@std@@PAV12@@std@@YA?AU_Nonscalar_ptr_iterator_tag@0@AAPAV?$set@HU?$less@H@std@@V?$allocator@H@2@@0@0@Z 0040f590 f i Maze.obj
 0001:0000e5f0       ??$_Copy_opt@PAV?$set@HU?$less@H@std@@V?$allocator@H@2@@std@@PAV12@@std@@YAPAV?$set@HU?$less@H@std@@V?$allocator@H@2@@0@PAV10@00Urandom_access_iterator_tag@0@U_Nonscalar_ptr_iterator_tag@0@U_Range_checked_iterator_tag@0@@Z 0040f5f0 f i Maze.obj
 0001:0000e680       ??$_Destroy_range@V?$allocator@V?$set@HU?$less@H@std@@V?$allocator@H@2@@std@@@std@@@std@@YAXPAV?$set@HU?$less@H@std@@V?$allocator@H@2@@0@0AAV?$allocator@V?$set@HU?$less@H@std@@V?$allocator@H@2@@std@@@0@U_Nonscalar_ptr_iterator_tag@0@@Z 0040f680 f i Maze.obj
 0001:0000e6c0       ??$_Uninit_fill_n@PAV?$set@HU?$less@H@std@@V?$allocator@H@2@@std@@IV12@V?$allocator@V?$set@HU?$less@H@std@@V?$allocator@H@2@@std@@@2@@std@@YAXPAV?$set@HU?$less@H@std@@V?$allocator@H@2@@0@IABV10@AAV?$allocator@V?$set@HU?$less@H@std@@V?$allocator@H@2@@std@@@0@U_Nonscalar_ptr_iterator_tag@0@U_Range_checked_iterator_tag@0@@Z 0040f6c0 f i Maze.obj
 0001:0000e7c0       ??$_Ptr_cat@PAUwall@@PAU1@@std@@YA?AU_Nonscalar_ptr_iterator_tag@0@AAPAUwall@@0@Z 0040f7c0 f i Maze.obj
 0001:0000e820       ??$_Uninit_fill_n@PAUwall@@IU1@V?$allocator@Uwall@@@std@@@std@@YAXPAUwall@@IABU1@AAV?$allocator@Uwall@@@0@U_Nonscalar_ptr_iterator_tag@0@U_Range_checked_iterator_tag@0@@Z 0040f820 f i Maze.obj
 0001:0000e920       ??$_Unchecked_uninitialized_move@PAV?$set@HU?$less@H@std@@V?$allocator@H@2@@std@@PAV12@V?$allocator@V?$set@HU?$less@H@std@@V?$allocator@H@2@@std@@@2@@stdext@@YAPAV?$set@HU?$less@H@std@@V?$allocator@H@2@@std@@PAV12@00AAV?$allocator@V?$set@HU?$less@H@std@@V?$allocator@H@2@@std@@@2@@Z 0040f920 f i Maze.obj
 0001:0000e9a0       ??$_Fill@PAV?$set@HU?$less@H@std@@V?$allocator@H@2@@std@@V12@@std@@YAXPAV?$set@HU?$less@H@std@@V?$allocator@H@2@@0@0ABV10@@Z 0040f9a0 f i Maze.obj
 0001:0000ea00       ??$_Move_cat@PAV?$set@HU?$less@H@std@@V?$allocator@H@2@@std@@@std@@YA?AU_Swap_move_tag@0@ABQAV?$set@HU?$less@H@std@@V?$allocator@H@2@@0@@Z 0040fa00 f i Maze.obj
 0001:0000ea60       ??$_Move_backward_opt@PAV?$set@HU?$less@H@std@@V?$allocator@H@2@@std@@PAV12@@std@@YAPAV?$set@HU?$less@H@std@@V?$allocator@H@2@@0@PAV10@00Urandom_access_iterator_tag@0@U_Swap_move_tag@0@U_Range_checked_iterator_tag@0@@Z 0040fa60 f i Maze.obj
 0001:0000eaf0       ??$_Destroy_range@V?$allocator@Uwall@@@std@@@std@@YAXPAUwall@@0AAV?$allocator@Uwall@@@0@U_Nonscalar_ptr_iterator_tag@0@@Z 0040faf0 f i Maze.obj
 0001:0000eb30       ??$_Unchecked_uninitialized_move@PAUwall@@PAU1@V?$allocator@Uwall@@@std@@@stdext@@YAPAUwall@@PAU1@00AAV?$allocator@Uwall@@@std@@@Z 0040fb30 f i Maze.obj
 0001:0000ebb0       ??$_Checked_base@PAUwall@@@std@@YAPAUwall@@AAPAU1@@Z 0040fbb0 f i Maze.obj
 0001:0000ec40       ??$_Fill@PAUwall@@U1@@std@@YAXPAUwall@@0ABU1@@Z 0040fc40 f i Maze.obj
 0001:0000eca0       ??$_Iter_random@PAUwall@@PAU1@@std@@YA?AUrandom_access_iterator_tag@0@ABQAUwall@@0@Z 0040fca0 f i Maze.obj
 0001:0000ed00       ??$_Move_cat@PAUwall@@@std@@YA?AU_Undefined_move_tag@0@ABQAUwall@@@Z 0040fd00 f i Maze.obj
 0001:0000ed60       ??$_Move_backward_opt@PAUwall@@PAU1@Urandom_access_iterator_tag@std@@U_Undefined_move_tag@3@@std@@YAPAUwall@@PAU1@00Urandom_access_iterator_tag@0@U_Undefined_move_tag@0@U_Range_checked_iterator_tag@0@@Z 0040fd60 f i Maze.obj
 0001:0000edd0       ??4?$set@HU?$less@H@std@@V?$allocator@H@2@@std@@QAEAAV01@ABV01@@Z 0040fdd0 f i Maze.obj
 0001:0000ee10       ??4?$_Tree@V?$_Tset_traits@HU?$less@H@std@@V?$allocator@H@2@$0A@@std@@@std@@QAEAAV01@ABV01@@Z 0040fe10 f i Maze.obj
 0001:0000ef70       ?construct@?$allocator@V?$set@HU?$less@H@std@@V?$allocator@H@2@@std@@@std@@QAEXPAV?$set@HU?$less@H@std@@V?$allocator@H@2@@2@ABV32@@Z 0040ff70 f i Maze.obj
 0001:0000efb0       ?destroy@?$allocator@V?$set@HU?$less@H@std@@V?$allocator@H@2@@std@@@std@@QAEXPAV?$set@HU?$less@H@std@@V?$allocator@H@2@@2@@Z 0040ffb0 f i Maze.obj
 0001:0000eff0       ?construct@?$allocator@Uwall@@@std@@QAEXPAUwall@@ABU3@@Z 0040fff0 f i Maze.obj
 0001:0000f030       ?destroy@?$allocator@Uwall@@@std@@QAEXPAUwall@@@Z 00410030 f i Maze.obj
 0001:0000f070       ??$_Iter_cat@Viterator@?$_Tree@V?$_Tset_traits@HU?$less@H@std@@V?$allocator@H@2@$0A@@std@@@std@@@std@@YA?AUbidirectional_iterator_tag@0@ABViterator@?$_Tree@V?$_Tset_traits@HU?$less@H@std@@V?$allocator@H@2@$0A@@std@@@0@@Z 00410070 f i Maze.obj
 0001:0000f0d0       ??$_Debug_range2@Viterator@?$_Tree@V?$_Tset_traits@HU?$less@H@std@@V?$allocator@H@2@$0A@@std@@@std@@@std@@YAXViterator@?$_Tree@V?$_Tset_traits@HU?$less@H@std@@V?$allocator@H@2@$0A@@std@@@0@0PB_WIUinput_iterator_tag@0@@Z 004100d0 f i Maze.obj
 0001:0000f140       ??$_Checked_base@PAV?$set@HU?$less@H@std@@V?$allocator@H@2@@std@@@std@@YAPAV?$set@HU?$less@H@std@@V?$allocator@H@2@@0@AAPAV10@U_Unchanged_checked_iterator_base_type_tag@0@@Z 00410140 f i Maze.obj
 0001:0000f150       ??$_Copy_opt@PAV?$set@HU?$less@H@std@@V?$allocator@H@2@@std@@PAV12@Uforward_iterator_tag@2@@std@@YAPAV?$set@HU?$less@H@std@@V?$allocator@H@2@@0@PAV10@00Uforward_iterator_tag@0@U_Nonscalar_ptr_iterator_tag@0@U_Range_checked_iterator_tag@0@@Z 00410150 f i Maze.obj
 0001:0000f1c0       ??$_Uninit_move@PAV?$set@HU?$less@H@std@@V?$allocator@H@2@@std@@PAV12@V?$allocator@V?$set@HU?$less@H@std@@V?$allocator@H@2@@std@@@2@@std@@YAPAV?$set@HU?$less@H@std@@V?$allocator@H@2@@0@PAV10@00AAV?$allocator@V?$set@HU?$less@H@std@@V?$allocator@H@2@@std@@@0@U_Swap_move_tag@0@U_Range_checked_iterator_tag@0@@Z 004101c0 f i Maze.obj
 0001:0000f380       ??$_Debug_range@PAV?$set@HU?$less@H@std@@V?$allocator@H@2@@std@@@std@@YAXPAV?$set@HU?$less@H@std@@V?$allocator@H@2@@0@0PB_WI@Z 00410380 f i Maze.obj
 0001:0000f3e0       ??$_Move_backward_opt@PAV?$set@HU?$less@H@std@@V?$allocator@H@2@@std@@PAV12@Uforward_iterator_tag@2@@std@@YAPAV?$set@HU?$less@H@std@@V?$allocator@H@2@@0@PAV10@00Uforward_iterator_tag@0@U_Swap_move_tag@0@U_Range_checked_iterator_tag@0@@Z 004103e0 f i Maze.obj
 0001:0000f450       ??$_Uninit_move@PAUwall@@PAU1@V?$allocator@Uwall@@@std@@U_Undefined_move_tag@3@@std@@YAPAUwall@@PAU1@00AAV?$allocator@Uwall@@@0@U_Undefined_move_tag@0@U_Range_checked_iterator_tag@0@@Z 00410450 f i Maze.obj
 0001:0000f480       ??$_Checked_base@PAUwall@@@std@@YAPAUwall@@AAPAU1@U_Unchanged_checked_iterator_base_type_tag@0@@Z 00410480 f i Maze.obj
 0001:0000f490       ??$_Debug_range@PAUwall@@@std@@YAXPAUwall@@0PB_WI@Z 00410490 f i Maze.obj
 0001:0000f4f0       ??$_Copy_backward_opt@PAUwall@@PAU1@@std@@YAPAUwall@@PAU1@00Urandom_access_iterator_tag@0@U_Nonscalar_ptr_iterator_tag@0@U_Range_checked_iterator_tag@0@@Z 004104f0 f i Maze.obj
 0001:0000f580       ??$_Construct@V?$set@HU?$less@H@std@@V?$allocator@H@2@@std@@V12@@std@@YAXPAV?$set@HU?$less@H@std@@V?$allocator@H@2@@0@ABV10@@Z 00410580 f i Maze.obj
 0001:0000f640       ??$_Destroy@V?$set@HU?$less@H@std@@V?$allocator@H@2@@std@@@std@@YAXPAV?$set@HU?$less@H@std@@V?$allocator@H@2@@0@@Z 00410640 f i Maze.obj
 0001:0000f660       ??$_Construct@Uwall@@U1@@std@@YAXPAUwall@@ABU1@@Z 00410660 f i Maze.obj
 0001:0000f6e0       ??$_Destroy@Uwall@@@std@@YAXPAUwall@@@Z 004106e0 f i Maze.obj
 0001:0000f6f0       ??_G?$set@HU?$less@H@std@@V?$allocator@H@2@@std@@QAEPAXI@Z 004106f0 f i Maze.obj
 0001:0000f740       ??$_Debug_pointer@V?$set@HU?$less@H@std@@V?$allocator@H@2@@std@@@std@@YAXPAV?$set@HU?$less@H@std@@V?$allocator@H@2@@0@PB_WI@Z 00410740 f i Maze.obj
 0001:0000f770       ??$_Swap_adl@V?$set@HU?$less@H@std@@V?$allocator@H@2@@std@@@std@@YAXAAV?$set@HU?$less@H@std@@V?$allocator@H@2@@0@0@Z 00410770 f i Maze.obj
 0001:0000f7a0       ??$_Iter_cat@PAV?$set@HU?$less@H@std@@V?$allocator@H@2@@std@@@std@@YA?AUrandom_access_iterator_tag@0@ABQAV?$set@HU?$less@H@std@@V?$allocator@H@2@@0@@Z 004107a0 f i Maze.obj
 0001:0000f800       ??$_Debug_range2@PAV?$set@HU?$less@H@std@@V?$allocator@H@2@@std@@@std@@YAXPAV?$set@HU?$less@H@std@@V?$allocator@H@2@@0@0PB_WIUrandom_access_iterator_tag@0@@Z 00410800 f i Maze.obj
 0001:0000f870       ??$unchecked_uninitialized_copy@PAUwall@@PAU1@V?$allocator@Uwall@@@std@@@stdext@@YAPAUwall@@PAU1@00AAV?$allocator@Uwall@@@std@@@Z 00410870 f i Maze.obj
 0001:0000f8f0       ??$_Iter_cat@PAUwall@@@std@@YA?AUrandom_access_iterator_tag@0@ABQAUwall@@@Z 004108f0 f i Maze.obj
 0001:0000f950       ??$_Debug_range2@PAUwall@@@std@@YAXPAUwall@@0PB_WIUrandom_access_iterator_tag@0@@Z 00410950 f i Maze.obj
 0001:0000f9c0       ??$_Copy_backward_opt@PAUwall@@PAU1@Uforward_iterator_tag@std@@@std@@YAPAUwall@@PAU1@00Uforward_iterator_tag@0@U_Nonscalar_ptr_iterator_tag@0@U_Range_checked_iterator_tag@0@@Z 004109c0 f i Maze.obj
 0001:0000fa30       ??$swap@HU?$less@H@std@@V?$allocator@H@2@@std@@YAXAAV?$set@HU?$less@H@std@@V?$allocator@H@2@@0@0@Z 00410a30 f i Maze.obj
 0001:0000fa50       ??$_Uninit_copy@PAUwall@@PAU1@V?$allocator@Uwall@@@std@@@std@@YAPAUwall@@PAU1@00AAV?$allocator@Uwall@@@0@U_Nonscalar_ptr_iterator_tag@0@U_Range_checked_iterator_tag@0@@Z 00410a50 f i Maze.obj
 0001:0000fb90       ??$_Debug_pointer@Uwall@@@std@@YAXPAUwall@@PB_WI@Z 00410b90 f i Maze.obj
 0001:0000fbc0       ?swap@?$_Tree@V?$_Tset_traits@HU?$less@H@std@@V?$allocator@H@2@$0A@@std@@@std@@QAEXAAV12@@Z 00410bc0 f i Maze.obj
 0001:0000fd70       ?_Swap_aux@_Container_base_secure@std@@QAEXAAV12@@Z 00410d70 f i Maze.obj
 0001:0000fd90       ?_Swap_all@_Container_base_secure@std@@QBEXAAV12@@Z 00410d90 f i Maze.obj
 0001:0000feb0       ??$?8HH@std@@YA_NABV?$allocator@H@0@0@Z 00410eb0 f i Maze.obj
 0001:0000fec0       ??$_Swap_adl@U?$less@H@std@@@std@@YAXAAU?$less@H@0@0@Z 00410ec0 f i Maze.obj
 0001:0000fef0       ??$swap@PAU_Node@?$_Tree_nod@V?$_Tset_traits@HU?$less@H@std@@V?$allocator@H@2@$0A@@std@@@std@@@std@@YAXAAPAU_Node@?$_Tree_nod@V?$_Tset_traits@HU?$less@H@std@@V?$allocator@H@2@$0A@@std@@@0@0@Z 00410ef0 f i Maze.obj
 0001:0000ff30       ??$swap@I@std@@YAXAAI0@Z   00410f30 f i Maze.obj
 0001:0000ff70       ??$swap@U?$less@H@std@@@std@@YAXAAU?$less@H@0@0@Z 00410f70 f i Maze.obj
 0001:0000ffd0       ??0Shader@@QAE@XZ          00410fd0 f   Shader.obj
 0001:00010000       ??1Shader@@QAE@XZ          00411000 f   Shader.obj
 0001:00010070       ?CompileFromStream@Shader@@QAEXPAUIDirect3DDevice9@@PBD1@Z 00411070 f   Shader.obj
 0001:000100b0       ?CompileFromStream@Shader@@QAEXPAUIDirect3DDevice9@@PAU_D3DXMACRO@@PBD2@Z 004110b0 f   Shader.obj
 0001:00010376       _Direct3DCreate9@4         00411376 f   d3d9:d3d9.dll
 0001:0001037c       _D3DXVec3TransformNormal@12 0041137c f   d3dx9:d3dx9_43.dll
 0001:00010382       _D3DXMatrixMultiply@12     00411382 f   d3dx9:d3dx9_43.dll
 0001:00010388       _D3DXMatrixRotationY@8     00411388 f   d3dx9:d3dx9_43.dll
 0001:0001038e       _D3DXMatrixRotationX@8     0041138e f   d3dx9:d3dx9_43.dll
 0001:00010394       _D3DXMatrixInverse@12      00411394 f   d3dx9:d3dx9_43.dll
 0001:0001039a       _D3DXMatrixPerspectiveFovRH@20 0041139a f   d3dx9:d3dx9_43.dll
 0001:000103a0       _D3DXMatrixLookAtRH@16     004113a0 f   d3dx9:d3dx9_43.dll
 0001:000103a6       _D3DXGetVertexShaderProfile@4 004113a6 f   d3dx9:d3dx9_43.dll
 0001:000103ac       _D3DXCompileShader@40      004113ac f   d3dx9:d3dx9_43.dll
 0001:000103b2       _D3DXGetPixelShaderProfile@4 004113b2 f   d3dx9:d3dx9_43.dll
 0001:000103b8       _DirectInput8Create@20     004113b8 f   dinput8:DINPUT8.dll
 0001:000103be       _OutputDebugStringA@4      004113be f   kernel32:KERNEL32.dll
 0001:000103c4       _GetTickCount@0            004113c4 f   kernel32:KERNEL32.dll
 0001:000103ca       _GetModuleHandleA@4        004113ca f   kernel32:KERNEL32.dll
 0001:000103d0       _DebugBreak@0              004113d0 f   kernel32:KERNEL32.dll
 0001:000103d6       _GetCursorPos@4            004113d6 f   user32:USER32.dll
 0001:000103dc       _DispatchMessageA@4        004113dc f   user32:USER32.dll
 0001:000103e2       _TranslateMessage@4        004113e2 f   user32:USER32.dll
 0001:000103e8       _PeekMessageA@20           004113e8 f   user32:USER32.dll
 0001:000103ee       _ShowCursor@4              004113ee f   user32:USER32.dll
 0001:000103f4       _MessageBoxA@16            004113f4 f   user32:USER32.dll
 0001:000103fa       _ChangeDisplaySettingsA@8  004113fa f   user32:USER32.dll
 0001:00010400       _UnregisterClassA@8        00411400 f   user32:USER32.dll
 0001:00010406       _DestroyWindow@4           00411406 f   user32:USER32.dll
 0001:0001040c       _ReleaseDC@8               0041140c f   user32:USER32.dll
 0001:00010412       _GetDC@4                   00411412 f   user32:USER32.dll
 0001:00010418       _CreateWindowExA@48        00411418 f   user32:USER32.dll
 0001:0001041e       _GetSystemMetrics@4        0041141e f   user32:USER32.dll
 0001:00010424       _AdjustWindowRect@12       00411424 f   user32:USER32.dll
 0001:0001042a       _RegisterClassA@4          0041142a f   user32:USER32.dll
 0001:00010430       _DefWindowProcA@16         00411430 f   user32:USER32.dll
 0001:00010436       _PostQuitMessage@4         00411436 f   user32:USER32.dll
 0001:0001043c       _SetWindowTextA@8          0041143c f   user32:USER32.dll
 0001:00010442       _CreateSolidBrush@4        00411442 f   gdi32:GDI32.dll
 0001:00010450       _memset                    00411450 f   LIBCMTD:memset.obj
 0001:000104d0       __fpmath                   004114d0 f   LIBCMTD:_fpinit_.obj
 0001:00010500       __fpclear                  00411500 f   LIBCMTD:_fpinit_.obj
 0001:00010510       __cfltcvt_init             00411510 f   LIBCMTD:_fpinit_.obj
 0001:00010580       ___setfflag                00411580 f   LIBCMTD:_fpinit_.obj
 0001:000105a0       __RTC_CheckEsp             004115a0 f   LIBCMTD:_stack_.obj
 0001:000105d0       @_RTC_CheckStackVars@8     004115d0 f   LIBCMTD:_stack_.obj
 0001:00010630       @_RTC_AllocaHelper@12      00411630 f   LIBCMTD:_stack_.obj
 0001:00010670       @_RTC_CheckStackVars2@12   00411670 f   LIBCMTD:_stack_.obj
 0001:00010750       __RTC_InitBase             00411750 f   LIBCMTD:_init_.obj
 0001:00010780       __RTC_Shutdown             00411780 f   LIBCMTD:_init_.obj
 0001:000107a0       _memcpy                    004117a0 f   LIBCMTD:memcpy.obj
 0001:00010b10       __itoa                     00411b10 f   LIBCMTD:xtoa.obj
 0001:00010c20       __ltoa                     00411c20 f   LIBCMTD:xtoa.obj
 0001:00010c60       __ultoa                    00411c60 f   LIBCMTD:xtoa.obj
 0001:00010c80       __i64toa                   00411c80 f   LIBCMTD:xtoa.obj
 0001:00010dd0       __ui64toa                  00411dd0 f   LIBCMTD:xtoa.obj
 0001:00010df0       ?_JumpToContinuation@@YGXPAXPAUEHRegistrationNode@@@Z 00411df0 f   LIBCMTD:_trnsctrl_.obj
 0001:00010e30       ?_CallMemberFunction0@@YGXPAX0@Z 00411e30 f   LIBCMTD:_trnsctrl_.obj
 0001:00010e40       ?_CallMemberFunction1@@YGXPAX00@Z 00411e40 f   LIBCMTD:_trnsctrl_.obj
 0001:00010e50       ?_CallMemberFunction2@@YGXPAX00H@Z 00411e50 f   LIBCMTD:_trnsctrl_.obj
 0001:00010e60       ?_UnwindNestedFrames@@YGXPAUEHRegistrationNode@@PAUEHExceptionRecord@@@Z 00411e60 f   LIBCMTD:_trnsctrl_.obj
 0001:00010ec0       ___CxxFrameHandler         00411ec0 f   LIBCMTD:_trnsctrl_.obj
 0001:00010f00       ___CxxFrameHandler3        00411f00 f   LIBCMTD:_trnsctrl_.obj
 0001:00010f40       ___CxxFrameHandler2        00411f40 f   LIBCMTD:_trnsctrl_.obj
 0001:00010f80       ___CxxLongjmpUnwind@4      00411f80 f   LIBCMTD:_trnsctrl_.obj
 0001:00010fb0       ?_CallCatchBlock2@@YAPAXPAUEHRegistrationNode@@PBU_s_FuncInfo@@PAXHK@Z 00411fb0 f   LIBCMTD:_trnsctrl_.obj
 0001:00011070       ?_CallSETranslator@@YAHPAUEHExceptionRecord@@PAUEHRegistrationNode@@PAX2PBU_s_FuncInfo@@H1@Z 00412070 f   LIBCMTD:_trnsctrl_.obj
 0001:00011210       ?_GetRangeOfTrysToCheck@@YAPBU_s_TryBlockMapEntry@@PBU_s_FuncInfo@@HHPAI1@Z 00412210 f   LIBCMTD:_trnsctrl_.obj
 0001:00011290       __CreateFrameInfo          00412290 f   LIBCMTD:_trnsctrl_.obj
 0001:000112c0       __IsExceptionObjectToBeDestroyed 004122c0 f   LIBCMTD:_trnsctrl_.obj
 0001:000112f0       __FindAndUnlinkFrame       004122f0 f   LIBCMTD:_trnsctrl_.obj
 0001:00011350       @__security_check_cookie@4 00412350 f   LIBCMTD:secchk.obj
 0001:00011360       ??3@YAXPAX@Z               00412360 f   LIBCMTD:dbgdel.obj
 0001:00011450       ??2@YAPAXI@Z               00412450 f   LIBCMTD:new.obj
 0001:000114d0       ??0bad_alloc@std@@QAE@XZ   004124d0 f i LIBCMTD:new.obj
 0001:00011500       _sprintf                   00412500 f   LIBCMTD:sprintf.obj
 0001:00011680       __sprintf_l                00412680 f   LIBCMTD:sprintf.obj
 0001:000116b0       _sprintf_s                 004126b0 f   LIBCMTD:sprintf.obj
 0001:000116e0       __sprintf_s_l              004126e0 f   LIBCMTD:sprintf.obj
 0001:00011710       __snprintf_s               00412710 f   LIBCMTD:sprintf.obj
 0001:00011740       __snprintf_s_l             00412740 f   LIBCMTD:sprintf.obj
 0001:00011770       __sprintf_p                00412770 f   LIBCMTD:sprintf.obj
 0001:000117a0       __sprintf_p_l              004127a0 f   LIBCMTD:sprintf.obj
 0001:000117d0       __scprintf                 004127d0 f   LIBCMTD:sprintf.obj
 0001:000117f0       __scprintf_p               004127f0 f   LIBCMTD:sprintf.obj
 0001:00011810       __scprintf_l               00412810 f   LIBCMTD:sprintf.obj
 0001:00011840       __scprintf_p_l             00412840 f   LIBCMTD:sprintf.obj
 0001:00011870       __ftol2_sse                00412870 f   LIBCMTD:ftol2.obj
 0001:00011879       __ftol2_pentium4           00412879 f   LIBCMTD:ftol2.obj
 0001:0001188c       __ftol2_sse_excpt          0041288c f   LIBCMTD:ftol2.obj
 0001:000118a6       __ftol2                    004128a6 f   LIBCMTD:ftol2.obj
 0001:00011920       __CxxThrowException@8      00412920 f   LIBCMTD:throw.obj
 0001:00011980       ?name@type_info@@QBEPBDPAU__type_info_node@@@Z 00412980 f   LIBCMTD:typinfo.obj
 0001:000119a0       ??1type_info@@UAE@XZ       004129a0 f   LIBCMTD:typinfo.obj
 0001:000119d0       ??_Gtype_info@@UAEPAXI@Z   004129d0 f i LIBCMTD:typinfo.obj
 0001:000119d0       ??_Etype_info@@UAEPAXI@Z   004129d0 f i LIBCMTD:typinfo.obj
 0001:00011a00       ?_name_internal_method@type_info@@QBEPBDPAU__type_info_node@@@Z 00412a00 f   LIBCMTD:typinfo.obj
 0001:00011a20       ?_type_info_dtor_internal_method@type_info@@QAEXXZ 00412a20 f   LIBCMTD:typinfo.obj
 0001:00011a40       ??8type_info@@QBE_NABV0@@Z 00412a40 f   LIBCMTD:typinfo.obj
 0001:00011a70       ??9type_info@@QBE_NABV0@@Z 00412a70 f   LIBCMTD:typinfo.obj
 0001:00011aa0       ?before@type_info@@QBEHABV1@@Z 00412aa0 f   LIBCMTD:typinfo.obj
 0001:00011ad0       ?raw_name@type_info@@QBEPBDXZ 00412ad0 f   LIBCMTD:typinfo.obj
 0001:00011af0       ??0type_info@@AAE@ABV0@@Z  00412af0 f   LIBCMTD:typinfo.obj
 0001:00011b10       ??4type_info@@AAEAAV0@ABV0@@Z 00412b10 f   LIBCMTD:typinfo.obj
 0001:00011b30       ??0exception@std@@QAE@XZ   00412b30 f   LIBCMTD:stdexcpt.obj
 0001:00011b60       ??_Gexception@std@@UAEPAXI@Z 00412b60 f i LIBCMTD:stdexcpt.obj
 0001:00011b60       ??_Eexception@std@@UAEPAXI@Z 00412b60 f i LIBCMTD:stdexcpt.obj
 0001:00011b90       ??0exception@std@@QAE@ABQBD@Z 00412b90 f   LIBCMTD:stdexcpt.obj
 0001:00011c20       ??0exception@std@@QAE@ABQBDH@Z 00412c20 f   LIBCMTD:stdexcpt.obj
 0001:00011c50       ??0exception@std@@QAE@ABV01@@Z 00412c50 f   LIBCMTD:stdexcpt.obj
 0001:00011cf0       ??4exception@std@@QAEAAV01@ABV01@@Z 00412cf0 f   LIBCMTD:stdexcpt.obj
 0001:00011da0       ??1exception@std@@UAE@XZ   00412da0 f   LIBCMTD:stdexcpt.obj
 0001:00011dd0       ?what@exception@std@@UBEPBDXZ 00412dd0 f   LIBCMTD:stdexcpt.obj
 0001:00011e00       ??0bad_cast@std@@QAE@PBD@Z 00412e00 f   LIBCMTD:stdexcpt.obj
 0001:00011e30       ??_Gbad_cast@std@@UAEPAXI@Z 00412e30 f i LIBCMTD:stdexcpt.obj
 0001:00011e30       ??_Ebad_cast@std@@UAEPAXI@Z 00412e30 f i LIBCMTD:stdexcpt.obj
 0001:00011e60       ??0bad_cast@std@@QAE@ABV01@@Z 00412e60 f   LIBCMTD:stdexcpt.obj
 0001:00011e90       ??1bad_cast@std@@UAE@XZ    00412e90 f   LIBCMTD:stdexcpt.obj
 0001:00011eb0       ??0bad_typeid@std@@QAE@PBD@Z 00412eb0 f   LIBCMTD:stdexcpt.obj
 0001:00011ee0       ??_Gbad_typeid@std@@UAEPAXI@Z 00412ee0 f i LIBCMTD:stdexcpt.obj
 0001:00011ee0       ??_Ebad_typeid@std@@UAEPAXI@Z 00412ee0 f i LIBCMTD:stdexcpt.obj
 0001:00011f10       ??0bad_typeid@std@@QAE@ABV01@@Z 00412f10 f   LIBCMTD:stdexcpt.obj
 0001:00011f40       ??1bad_typeid@std@@UAE@XZ  00412f40 f   LIBCMTD:stdexcpt.obj
 0001:00011f60       ??0__non_rtti_object@std@@QAE@PBD@Z 00412f60 f   LIBCMTD:stdexcpt.obj
 0001:00011f90       ??_E__non_rtti_object@std@@UAEPAXI@Z 00412f90 f i LIBCMTD:stdexcpt.obj
 0001:00011f90       ??_G__non_rtti_object@std@@UAEPAXI@Z 00412f90 f i LIBCMTD:stdexcpt.obj
 0001:00011fc0       ??0__non_rtti_object@std@@QAE@ABV01@@Z 00412fc0 f   LIBCMTD:stdexcpt.obj
 0001:00011ff0       ??1__non_rtti_object@std@@UAE@XZ 00412ff0 f   LIBCMTD:stdexcpt.obj
 0001:00012010       _strlen                    00413010 f   LIBCMTD:strlen.obj
 0001:000120a0       _free                      004130a0 f   LIBCMTD:dbgfree.obj
 0001:000120c0       _memcpy_s                  004130c0 f   LIBCMTD:memcpy_s.obj
 0001:00012250       _memmove_s                 00413250 f   LIBCMTD:memmove_s.obj
 0001:000123b0       _floor                     004133b0 f   LIBCMTD:_floor_pentium4_.obj
 0001:000123f0       __floor_pentium4           004133f0 f   LIBCMTD:_floor_pentium4_.obj
 0001:000124e0       ??_U@YAPAXI@Z              004134e0 f   LIBCMTD:new2.obj
 0001:00012500       _srand                     00413500 f   LIBCMTD:rand.obj
 0001:00012520       _rand                      00413520 f   LIBCMTD:rand.obj
 0001:00012560       __time64                   00413560 f   LIBCMTD:time64.obj
 0001:000125e0       __initp_misc_invarg        004135e0 f   LIBCMTD:invarg.obj
 0001:000125f0       __invalid_parameter        004135f0 f   LIBCMTD:invarg.obj
 0001:00012660       __invoke_watson            00413660 f   LIBCMTD:invarg.obj
 0001:000127b0       __set_invalid_parameter_handler 004137b0 f   LIBCMTD:invarg.obj
 0001:00012800       __get_invalid_parameter_handler 00413800 f   LIBCMTD:invarg.obj
 0001:00012830       ?_invalid_parameter@@YAXPBG00II@Z 00413830 f   LIBCMTD:invarg.obj
 0001:00012860       ?_invoke_watson@@YAXPBG00II@Z 00413860 f   LIBCMTD:invarg.obj
 0001:00012890       __CrtSetReportHookW2       00413890 f   LIBCMTD:dbgrptw.obj
 0001:00012bb0       __CrtDbgReportW            00413bb0 f   LIBCMTD:dbgrptw.obj
 0001:00012bf0       __CrtDbgReportWV           00413bf0 f i LIBCMTD:dbgrptw.obj
 0001:00012c20       ___crtMessageWindowW       00413c20 f   LIBCMTD:dbgrptw.obj
 0001:00013020       __invoke_watson_if_error   00414020 f i LIBCMTD:dbgrptw.obj
 0001:00013050       __invoke_watson_if_oneof   00414050 f i LIBCMTD:dbgrptw.obj
 0001:000130a0       ?_CrtDbgReportW@@YAHHPBGH00ZZ 004140a0 f   LIBCMTD:dbgrptw.obj
 0001:000130e0       _WinMainCRTStartup         004140e0 f   LIBCMTD:wincrt0.obj
 0001:00013390       __VEC_memzero              00414390 f   LIBCMTD:p4_memset.obj
 0001:00013480       __get_sse2_info            00414480 f   LIBCMTD:cpu_disp.obj
 0001:000135b0       ___sse2_available_init     004145b0 f   LIBCMTD:cpu_disp.obj
 0001:000135d0       __setdefaultprecision      004145d0 f   LIBCMTD:fp8.obj
 0001:00013610       __ms_p5_test_fdiv          00414610 f   LIBCMTD:_testfdiv_.obj
 0001:00013660       __ms_p5_mp_test_fdiv       00414660 f   LIBCMTD:_testfdiv_.obj
 0001:000136b0       __forcdecpt                004146b0 f   LIBCMTD:cvt.obj
 0001:000136d0       __forcdecpt_l              004146d0 f   LIBCMTD:cvt.obj
 0001:00013790       ??0_LocaleUpdate@@QAE@PAUlocaleinfo_struct@@@Z 00414790 f i LIBCMTD:cvt.obj
 0001:00013870       ??1_LocaleUpdate@@QAE@XZ   00414870 f i LIBCMTD:cvt.obj
 0001:000138a0       ?GetLocaleT@_LocaleUpdate@@QAEPAUlocaleinfo_struct@@XZ 004148a0 f i LIBCMTD:cvt.obj
 0001:000138b0       __cropzeros                004148b0 f   LIBCMTD:cvt.obj
 0001:000138d0       __cropzeros_l              004148d0 f   LIBCMTD:cvt.obj
 0001:000139e0       __positive                 004149e0 f   LIBCMTD:cvt.obj
 0001:00013a10       __fassign_l                00414a10 f   LIBCMTD:cvt.obj
 0001:00013a70       __fassign                  00414a70 f   LIBCMTD:cvt.obj
 0001:00013a90       __cftoe_l                  00414a90 f   LIBCMTD:cvt.obj
 0001:00013fe0       __cftoe                    00414fe0 f   LIBCMTD:cvt.obj
 0001:00014010       __cftoa_l                  00415010 f   LIBCMTD:cvt.obj
 0001:000147f0       ?strrchr@@YAPADPADH@Z      004157f0 f i LIBCMTD:cvt.obj
 0001:00014810       __cftoa                    00415810 f   LIBCMTD:cvt.obj
 0001:00014840       __cftof_l                  00415840 f   LIBCMTD:cvt.obj
 0001:00014c50       __cftof                    00415c50 f   LIBCMTD:cvt.obj
 0001:00014c80       __cftog_l                  00415c80 f   LIBCMTD:cvt.obj
 0001:00014eb0       __cftog                    00415eb0 f   LIBCMTD:cvt.obj
 0001:00014ee0       __cfltcvt_l                00415ee0 f   LIBCMTD:cvt.obj
 0001:00014fa0       __cfltcvt                  00415fa0 f   LIBCMTD:cvt.obj
 0001:00015000       __initp_misc_cfltcvt_tab   00416000 f   LIBCMTD:cmiscdat.obj
 0001:00015050       _DebuggerKnownHandle       00416050 f   LIBCMTD:_error_.obj
 0001:00015110       ?_RTC_Failure@@YAXPAXH@Z   00416110 f   LIBCMTD:_error_.obj
 0001:00015420       ?_RTC_StackFailure@@YAXPAXPBD@Z 00416420 f   LIBCMTD:_error_.obj
 0001:00015520       ?_RTC_AllocaFailure@@YAXPAXPAU_RTC_ALLOCA_NODE@@H@Z 00416520 f   LIBCMTD:_error_.obj
 0001:000156d0       __RTC_UninitUse            004166d0 f   LIBCMTD:_error_.obj
 0001:000157c0       __RTC_NumErrors            004167c0 f   LIBCMTD:_userapi_.obj
 0001:000157d0       __RTC_GetErrDesc           004167d0 f   LIBCMTD:_userapi_.obj
 0001:000157f0       __RTC_SetErrorType         004167f0 f   LIBCMTD:_userapi_.obj
 0001:00015820       __RTC_SetErrorFunc         00416820 f   LIBCMTD:_userapi_.obj
 0001:00015840       __RTC_SetErrorFuncW        00416840 f   LIBCMTD:_userapi_.obj
 0001:00015860       ?_RTC_GetErrorFunc@@YAP6AHHPBDH00ZZPBX@Z 00416860 f   LIBCMTD:_userapi_.obj
 0001:00015870       ?_RTC_GetErrorFuncW@@YAP6AHHPB_WH00ZZPBX@Z 00416870 f   LIBCMTD:_userapi_.obj
 0001:00015880       __chkesp                   00416880 f   LIBCMTD:chkesp.obj
 0001:000158c0       __CRT_RTC_INIT             004168c0 f   LIBCMTD:chkesp.obj
 0001:000158d0       __CRT_RTC_INITW            004168d0 f   LIBCMTD:chkesp.obj
 0001:000158e0       __VEC_memcpy               004168e0 f   LIBCMTD:p4_memcpy.obj
 0001:00015a60       __aulldiv                  00416a60 f   LIBCMTD:ulldiv.obj
 0001:00015ad0       __aullrem                  00416ad0 f   LIBCMTD:ullrem.obj
 0001:00015b50       ___InternalCxxFrameHandler 00416b50 f   LIBCMTD:frame.obj
 0001:00016150       ??0bad_exception@std@@QAE@PBD@Z 00417150 f i LIBCMTD:frame.obj
 0001:00016180       ??1bad_exception@std@@UAE@XZ 00417180 f i LIBCMTD:frame.obj
 0001:000161a0       ??_Gbad_exception@std@@UAEPAXI@Z 004171a0 f i LIBCMTD:frame.obj
 0001:000161a0       ??_Ebad_exception@std@@UAEPAXI@Z 004171a0 f i LIBCMTD:frame.obj
 0001:000161d0       ??0bad_exception@std@@QAE@ABV01@@Z 004171d0 f i LIBCMTD:frame.obj
 0001:00016380       ___TypeMatch               00417380 f   LIBCMTD:frame.obj
 0001:00016430       ___FrameUnwindFilter       00417430 f   LIBCMTD:frame.obj
 0001:000164b0       ___FrameUnwindToState      004174b0 f   LIBCMTD:frame.obj
 0001:000169f0       ___BuildCatchObjectHelper  004179f0 f   LIBCMTD:frame.obj
 0001:00016c60       ___BuildCatchObject        00417c60 f   LIBCMTD:frame.obj
 0001:00016d70       ___DestructExceptionObject 00417d70 f   LIBCMTD:frame.obj
 0001:00016e20       ___AdjustPointer           00417e20 f   LIBCMTD:frame.obj
 0001:00016e70       ?__uncaught_exception@@YA_NXZ 00417e70 f   LIBCMTD:frame.obj
 0001:00016e90       ___CxxExceptionFilter      00417e90 f   LIBCMTD:frame.obj
 0001:00017080       ___CxxRegisterExceptionObject 00418080 f   LIBCMTD:frame.obj
 0001:000171b0       ___CxxDetectRethrow        004181b0 f   LIBCMTD:frame.obj
 0001:00017240       ___CxxUnregisterExceptionObject 00418240 f   LIBCMTD:frame.obj
 0001:000173c0       ___CxxQueryExceptionSize   004183c0 f   LIBCMTD:frame.obj
 0001:000173d0       ___CxxCallUnwindDtor       004183d0 f   LIBCMTD:frame.obj
 0001:00017450       ___CxxCallUnwindDelDtor    00418450 f   LIBCMTD:frame.obj
 0001:000174d0       ___CxxCallUnwindStdDelDtor 004184d0 f   LIBCMTD:frame.obj
 0001:00017550       ___CxxCallUnwindVecDtor    00418550 f   LIBCMTD:frame.obj
 0001:00017780       ?_is_exception_typeof@@YAHABVtype_info@@PAU_EXCEPTION_POINTERS@@@Z 00418780 f   LIBCMTD:frame.obj
 0001:00017860       __CallSettingFrame@12      00418860 f   LIBCMTD:lowhelpr.obj
 0001:00017887       __NLG_Return               00418887     LIBCMTD:lowhelpr.obj
 0001:000178b0       __encode_pointer           004188b0 f   LIBCMTD:tidtable.obj
 0001:00017950       __crt_wait_module_handle   00418950 f i LIBCMTD:tidtable.obj
 0001:00017980       __encoded_null             00418980 f   LIBCMTD:tidtable.obj
 0001:000179a0       __decode_pointer           004189a0 f   LIBCMTD:tidtable.obj
 0001:00017a40       ___crtTlsAlloc@4           00418a40 f   LIBCMTD:tidtable.obj
[...]
 0003:00002270       ___lconv                   0048f270     LIBCMTD:lconv.obj
 0003:00002274       ___mb_cur_max              0048f274     LIBCMTD:nlsdata1.obj
 0003:00002278       ___decimal_point           0048f278     LIBCMTD:nlsdata1.obj
 0003:0000227c       ___decimal_point_length    0048f27c     LIBCMTD:nlsdata1.obj
 0003:000022b8       __timezone                 0048f2b8     LIBCMTD:timeset.obj
 0003:000022bc       __daylight                 0048f2bc     LIBCMTD:timeset.obj
 0003:000022c0       __dstbias                  0048f2c0     LIBCMTD:timeset.obj
 0003:00002348       __tzname                   0048f348     LIBCMTD:timeset.obj
 0003:00002368       __pow10pos                 0048f368     LIBCMTD:_constpow_.obj
 0003:000024c8       __pow10neg                 0048f4c8     LIBCMTD:_constpow_.obj
 0003:00002624       __coninpfh                 0048f624     LIBCMTD:initcon.obj
 0003:00002628       __confh                    0048f628     LIBCMTD:initcon.obj
 0003:0000262c       __lpdays                   0048f62c     LIBCMTD:days.obj
 0003:00002660       __days                     0048f660     LIBCMTD:days.obj
 0003:000026ac       ??_R0?AVout_of_range@std@@@8 0048f6ac     libcpmtd:string.obj
 0003:000026cc       ??_R0?AVinvalid_argument@std@@@8 0048f6cc     libcpmtd:string.obj
 0003:00002700       __indefinite               0048f700     LIBCMTD:_87disp_.obj
 0003:0000270a       __piby2                    0048f70a     LIBCMTD:_87disp_.obj
 0003:00002fbc       ___fastflag                0048ffbc     LIBCMTD:_fpinit_.obj
 0003:00002fc0       __adjust_fdiv              0048ffc0     LIBCMTD:_fpinit_.obj
 0003:00002fd8       ___pInvalidArgHandler      0048ffd8     LIBCMTD:invarg.obj
 0003:00002fdc       __aenvptr                  0048ffdc     LIBCMTD:wincrt0.obj
 0003:00002fe0       __wenvptr                  0048ffe0     LIBCMTD:wincrt0.obj
 0003:00002fe4       ___error_mode              0048ffe4     LIBCMTD:wincrt0.obj
 0003:00002fe8       ?wsprintffp@@3P6AHPADPBDZZA 0048ffe8     LIBCMTD:_error_.obj
 0003:00002ff4       _gpFlsAlloc                0048fff4     LIBCMTD:tidtable.obj
 0003:00002ff8       _gpFlsGetValue             0048fff8     LIBCMTD:tidtable.obj
 0003:00002ffc       _gpFlsSetValue             0048fffc     LIBCMTD:tidtable.obj
 0003:00003000       _gpFlsFree                 00490000     LIBCMTD:tidtable.obj
 0003:00003004       ?__pInconsistency@@3P6AXXZA 00490004     LIBCMTD:hooks.obj
 0003:000034ac       ?_pfnDumpClient@@3P6AXPAXI@ZA 004904ac     LIBCMTD:dbgheap.obj
 0003:000034b4       ___crtDebugCheckCount      004904b4     LIBCMTD:dbgheap.obj
 0003:000034bc       ?_pnhHeap@@3P6AHI@ZA       004904bc     LIBCMTD:handler.obj
 0003:000034cc       __umaskval                 004904cc     LIBCMTD:crt0dat.obj
 0003:000034d0       ___argc                    004904d0     LIBCMTD:crt0dat.obj
 0003:000034d4       ___argv                    004904d4     LIBCMTD:crt0dat.obj
 0003:000034d8       ___wargv                   004904d8     LIBCMTD:crt0dat.obj
 0003:000034dc       __environ                  004904dc     LIBCMTD:crt0dat.obj
 0003:000034e0       ___initenv                 004904e0     LIBCMTD:crt0dat.obj
 0003:000034e4       __wenviron                 004904e4     LIBCMTD:crt0dat.obj
 0003:000034e8       ___winitenv                004904e8     LIBCMTD:crt0dat.obj
 0003:000034ec       __pgmptr                   004904ec     LIBCMTD:crt0dat.obj
 0003:000034f0       __wpgmptr                  004904f0     LIBCMTD:crt0dat.obj
 0003:000034f4       __exitflag                 004904f4     LIBCMTD:crt0dat.obj
 0003:000034f8       __C_Termination_Done       004904f8     LIBCMTD:crt0dat.obj
 0003:000034fc       __C_Exit_Done              004904fc     LIBCMTD:crt0dat.obj
 0003:0000363c       __crtheap                  0049063c     LIBCMTD:heapinit.obj
 0003:00003958       ___mbulinfo                00490958     LIBCMTD:mbctype.obj
 0003:00003964       ___mbcodepage              00490964     LIBCMTD:mbctype.obj
 0003:00003968       ___ismbcodepage            00490968     LIBCMTD:mbctype.obj
 0003:0000396c       ___mblcid                  0049096c     LIBCMTD:mbctype.obj
 0003:00003970       ___locale_changed          00490970     LIBCMTD:setlocal.obj
 0003:00003974       ___lc_handle               00490974     LIBCMTD:nlsdata2.obj
 0003:0000398c       ___lc_codepage             0049098c     LIBCMTD:nlsdata2.obj
 0003:00003990       ___lc_collate_cp           00490990     LIBCMTD:nlsdata2.obj
 0003:00003994       __outputformat             00490994     LIBCMTD:outputformat.obj
 0003:000039a8       __newmode                  004909a8     LIBCMTD:_newmode.obj
 0003:000039b4       ___sbh_pHeaderDefer        004909b4     LIBCMTD:sbheap.obj
 0003:000039b8       __cflush                   004909b8     LIBCMTD:_file.obj
 0003:000039d4       ?pArgList@UnDecorator@@0PAVReplicator@@A 004909d4     LIBCMTD:undname.obj
 0003:000039d8       ?pZNameList@UnDecorator@@0PAVReplicator@@A 004909d8     LIBCMTD:undname.obj
 0003:000039dc       ?pTemplateArgList@UnDecorator@@0PAVReplicator@@A 004909dc     LIBCMTD:undname.obj
 0003:000039e0       ?gName@UnDecorator@@0PBDB  004909e0     LIBCMTD:undname.obj
 0003:000039e4       ?name@UnDecorator@@0PBDB   004909e4     LIBCMTD:undname.obj
 0003:000039e8       ?outputString@UnDecorator@@0PADA 004909e8     LIBCMTD:undname.obj
 0003:000039ec       ?maxStringLength@UnDecorator@@0HA 004909ec     LIBCMTD:undname.obj
 0003:000039f0       ?disableFlags@UnDecorator@@0KA 004909f0     LIBCMTD:undname.obj
 0003:000039f4       ?m_pGetParameter@UnDecorator@@0P6APADJ@ZA 004909f4     LIBCMTD:undname.obj
 0003:000039f8       ?fExplicitTemplateParams@UnDecorator@@0_NA 004909f8     LIBCMTD:undname.obj
 0003:000039f9       ?fGetTemplateArgumentList@UnDecorator@@0_NA 004909f9     LIBCMTD:undname.obj
 0003:00003a50       ?nodes@?1??make@DNameStatusNode@@SAPAV2@W4DNameStatus@@@Z@4PAV2@A 00490a50     LIBCMTD:undname.obj
 0003:00003a80       ??_B?1??make@DNameStatusNode@@SAPAV1@W4DNameStatus@@@Z@51 00490a80     LIBCMTD:undname.obj
 0003:00003a90       ___pPurecall               00490a90     LIBCMTD:inithelp.obj
 0003:00003ab0       ___lconv_static_null       00490ab0     LIBCMTD:lconv.obj
 0003:00003ab4       __stdbuf                   00490ab4     LIBCMTD:_sftbuf.obj
 0003:00003bf4       ___piob                    00490bf4     <common>
 0003:00003f40       __bufin                    00490f40     <common>
 0003:00004f40       __nstream                  00491f40     <common>
 0003:00004f44       ___sbh_initialized         00491f44     <common>
 0003:00004f58       ___sbh_cntHeaderList       00491f58     <common>
 0003:00004f5c       ___sbh_pHeaderList         00491f5c     <common>
 0003:00004f60       ___sbh_threshold           00491f60     <common>
 0003:00004f64       ___sbh_pHeaderScan         00491f64     <common>
 0003:00004f68       ___sbh_sizeHeaderList      00491f68     <common>
 0003:00004f6c       ___sbh_indGroupDefer       00491f6c     <common>
 0003:00004f70       ___setlc_active            00491f70     <common>
 0003:00004f80       ___unguarded_readlc_active 00491f80     <common>
 0003:00004f84       ___active_heap             00491f84     <common>
 0003:00004f90       __nhandle                  00491f90     <common>
 0003:00004fe0       ___pioinfo                 00491fe0     <common>
 0003:000050e0       ___env_initialized         004920e0     <common>
 0003:000050f0       ___onexitend               004920f0     <common>
 0003:000050f4       ___onexitbegin             004920f4     <common>
 0003:000050f8       ___mbctype_initialized     004920f8     <common>
 0003:000050fc       ___dyn_tls_init_callback   004920fc     <common>
 0003:00005100       __pfnReportHook            00492100     <common>
 0003:00005110       __pReportHookListW         00492110     <common>
 0003:00005114       __pReportHookList          00492114     <common>
 0003:00005118       __debugger_hook_dummy      00492118     <common>
 0003:00005124       ___use_sse2_mathfcns       00492124     <common>
 0003:00005130       __pmatherr                 00492130     <common>
 0003:0000513c       ___sse2_available          0049213c     <common>
 0003:00005148       __acmdln                   00492148     <common>
 0004:00000000       __IMPORT_DESCRIPTOR_d3d9   00493000     d3d9:d3d9.dll
 0004:00000014       __IMPORT_DESCRIPTOR_d3dx9_43 00493014     d3dx9:d3dx9_43.dll
 0004:00000028       __IMPORT_DESCRIPTOR_DINPUT8 00493028     dinput8:DINPUT8.dll
 0004:0000003c       __IMPORT_DESCRIPTOR_KERNEL32 0049303c     kernel32:KERNEL32.dll
 0004:00000050       __IMPORT_DESCRIPTOR_USER32 00493050     user32:USER32.dll
 0004:00000064       __IMPORT_DESCRIPTOR_GDI32  00493064     gdi32:GDI32.dll
 0004:00000078       __NULL_IMPORT_DESCRIPTOR   00493078     d3d9:d3d9.dll
 0004:000003f0       __imp__DirectInput8Create@20 004933f0     dinput8:DINPUT8.dll
 0004:000003f4       \177DINPUT8_NULL_THUNK_DATA 004933f4     dinput8:DINPUT8.dll
 0004:00000420       __imp__CreateSolidBrush@4  00493420     gdi32:GDI32.dll
 0004:00000424       \177GDI32_NULL_THUNK_DATA  00493424     gdi32:GDI32.dll
 0004:00000450       __imp__FlushFileBuffers@4  00493450     kernel32:KERNEL32.dll
 0004:00000454       __imp__CloseHandle@4       00493454     kernel32:KERNEL32.dll
 0004:00000458       __imp__CreateFileA@28      00493458     kernel32:KERNEL32.dll
 0004:0000045c       __imp__GetTimeZoneInformation@4 0049345c     kernel32:KERNEL32.dll
 0004:00000460       __imp__GetLocaleInfoW@16   00493460     kernel32:KERNEL32.dll
 0004:00000464       __imp__GetConsoleOutputCP@0 00493464     kernel32:KERNEL32.dll
 0004:00000468       __imp__WriteConsoleA@20    00493468     kernel32:KERNEL32.dll
 0004:0000046c       __imp__SetStdHandle@8      0049346c     kernel32:KERNEL32.dll
 0004:00000470       __imp__GetUserDefaultLCID@0 00493470     kernel32:KERNEL32.dll
 0004:00000474       __imp__CompareStringA@24   00493474     kernel32:KERNEL32.dll
 0004:00000478       __imp__CompareStringW@24   00493478     kernel32:KERNEL32.dll
 0004:0000047c       __imp__OutputDebugStringA@4 0049347c     kernel32:KERNEL32.dll
 0004:00000480       __imp__GetTickCount@0      00493480     kernel32:KERNEL32.dll
 0004:00000484       __imp__GetModuleHandleA@4  00493484     kernel32:KERNEL32.dll
 0004:00000488       __imp__DebugBreak@0        00493488     kernel32:KERNEL32.dll
 0004:0000048c       __imp__SetEnvironmentVariableA@8 0049348c     kernel32:KERNEL32.dll
 0004:00000490       __imp__IsValidLocale@8     00493490     kernel32:KERNEL32.dll
 0004:00000494       __imp__GetLocaleInfoA@16   00493494     kernel32:KERNEL32.dll
 0004:00000498       __imp__GetDateFormatA@24   00493498     kernel32:KERNEL32.dll
 0004:0000049c       __imp__GetTimeFormatA@24   0049349c     kernel32:KERNEL32.dll
 0004:000004a0       __imp__GetStringTypeW@16   004934a0     kernel32:KERNEL32.dll
 0004:000004a4       __imp__GetStringTypeA@20   004934a4     kernel32:KERNEL32.dll
 0004:000004a8       __imp__LCMapStringW@24     004934a8     kernel32:KERNEL32.dll
 0004:000004ac       __imp__LCMapStringA@24     004934ac     kernel32:KERNEL32.dll
 0004:000004b0       __imp__InterlockedExchange@8 004934b0     kernel32:KERNEL32.dll
 0004:000004b4       __imp__GetConsoleMode@8    004934b4     kernel32:KERNEL32.dll
 0004:000004b8       __imp__GetConsoleCP@0      004934b8     kernel32:KERNEL32.dll
 0004:000004bc       __imp__SetFilePointer@16   004934bc     kernel32:KERNEL32.dll
 0004:000004c0       __imp__VirtualAlloc@16     004934c0     kernel32:KERNEL32.dll
 0004:000004c4       __imp__HeapReAlloc@16      004934c4     kernel32:KERNEL32.dll
 0004:000004c8       __imp__HeapSize@12         004934c8     kernel32:KERNEL32.dll
 0004:000004cc       __imp__InitializeCriticalSectionAndSpinCount@8 004934cc     kernel32:KERNEL32.dll
 0004:000004d0       __imp__FreeLibrary@4       004934d0     kernel32:KERNEL32.dll
 0004:000004d4       __imp__VirtualQuery@12     004934d4     kernel32:KERNEL32.dll
 0004:000004d8       __imp__EnumSystemLocalesA@8 004934d8     kernel32:KERNEL32.dll
 0004:000004dc       __imp__InterlockedDecrement@4 004934dc     kernel32:KERNEL32.dll
 0004:000004e0       __imp__RtlUnwind@16        004934e0     kernel32:KERNEL32.dll
 0004:000004e4       __imp__RaiseException@16   004934e4     kernel32:KERNEL32.dll
 0004:000004e8       __imp__GetSystemTimeAsFileTime@4 004934e8     kernel32:KERNEL32.dll
 0004:000004ec       __imp__TerminateProcess@8  004934ec     kernel32:KERNEL32.dll
 0004:000004f0       __imp__GetCurrentProcess@0 004934f0     kernel32:KERNEL32.dll
 0004:000004f4       __imp__UnhandledExceptionFilter@4 004934f4     kernel32:KERNEL32.dll
 0004:000004f8       __imp__SetUnhandledExceptionFilter@4 004934f8     kernel32:KERNEL32.dll
 0004:000004fc       __imp__IsDebuggerPresent@0 004934fc     kernel32:KERNEL32.dll
 0004:00000500       __imp__GetModuleFileNameW@12 00493500     kernel32:KERNEL32.dll
 0004:00000504       __imp__GetCommandLineA@0   00493504     kernel32:KERNEL32.dll
 0004:00000508       __imp__GetStartupInfoA@4   00493508     kernel32:KERNEL32.dll
 0004:0000050c       __imp__GetProcAddress@8    0049350c     kernel32:KERNEL32.dll
 0004:00000510       __imp__WideCharToMultiByte@32 00493510     kernel32:KERNEL32.dll
 0004:00000514       __imp__MultiByteToWideChar@24 00493514     kernel32:KERNEL32.dll
 0004:00000518       __imp__lstrlenA@4          00493518     kernel32:KERNEL32.dll
 0004:0000051c       __imp__LoadLibraryA@4      0049351c     kernel32:KERNEL32.dll
 0004:00000520       __imp__TlsGetValue@4       00493520     kernel32:KERNEL32.dll
 0004:00000524       __imp__GetModuleHandleW@4  00493524     kernel32:KERNEL32.dll
 0004:00000528       __imp__TlsAlloc@0          00493528     kernel32:KERNEL32.dll
 0004:0000052c       __imp__TlsSetValue@8       0049352c     kernel32:KERNEL32.dll
 0004:00000530       __imp__GetCurrentThreadId@0 00493530     kernel32:KERNEL32.dll
 0004:00000534       __imp__TlsFree@4           00493534     kernel32:KERNEL32.dll
 0004:00000538       __imp__InterlockedIncrement@4 00493538     kernel32:KERNEL32.dll
 0004:0000053c       __imp__SetLastError@4      0049353c     kernel32:KERNEL32.dll
 0004:00000540       __imp__GetLastError@0      00493540     kernel32:KERNEL32.dll
 0004:00000544       __imp__InitializeCriticalSection@4 00493544     kernel32:KERNEL32.dll
 0004:00000548       __imp__GetCurrentThread@0  00493548     kernel32:KERNEL32.dll
 0004:0000054c       __imp__DeleteCriticalSection@4 0049354c     kernel32:KERNEL32.dll
 0004:00000550       __imp__EnterCriticalSection@4 00493550     kernel32:KERNEL32.dll
 0004:00000554       __imp__LeaveCriticalSection@4 00493554     kernel32:KERNEL32.dll
 0004:00000558       __imp__FatalAppExitA@8     00493558     kernel32:KERNEL32.dll
 0004:0000055c       __imp__HeapValidate@12     0049355c     kernel32:KERNEL32.dll
 0004:00000560       __imp__IsBadReadPtr@8      00493560     kernel32:KERNEL32.dll
 0004:00000564       __imp__GetStdHandle@4      00493564     kernel32:KERNEL32.dll
 0004:00000568       __imp__WriteFile@20        00493568     kernel32:KERNEL32.dll
 0004:0000056c       __imp__WriteConsoleW@20    0049356c     kernel32:KERNEL32.dll
 0004:00000570       __imp__GetFileType@4       00493570     kernel32:KERNEL32.dll
 0004:00000574       __imp__OutputDebugStringW@4 00493574     kernel32:KERNEL32.dll
 0004:00000578       __imp__Sleep@4             00493578     kernel32:KERNEL32.dll
 0004:0000057c       __imp__ExitProcess@4       0049357c     kernel32:KERNEL32.dll
 0004:00000580       __imp__SetConsoleCtrlHandler@8 00493580     kernel32:KERNEL32.dll
 0004:00000584       __imp__LoadLibraryW@4      00493584     kernel32:KERNEL32.dll
 0004:00000588       __imp__QueryPerformanceCounter@4 00493588     kernel32:KERNEL32.dll
 0004:0000058c       __imp__GetCurrentProcessId@0 0049358c     kernel32:KERNEL32.dll
 0004:00000590       __imp__GetModuleFileNameA@12 00493590     kernel32:KERNEL32.dll
 0004:00000594       __imp__FreeEnvironmentStringsA@4 00493594     kernel32:KERNEL32.dll
 0004:00000598       __imp__GetEnvironmentStrings@0 00493598     kernel32:KERNEL32.dll
 0004:0000059c       __imp__FreeEnvironmentStringsW@4 0049359c     kernel32:KERNEL32.dll
 0004:000005a0       __imp__GetEnvironmentStringsW@0 004935a0     kernel32:KERNEL32.dll
 0004:000005a4       __imp__SetHandleCount@4    004935a4     kernel32:KERNEL32.dll
 0004:000005a8       __imp__HeapDestroy@4       004935a8     kernel32:KERNEL32.dll
 0004:000005ac       __imp__HeapCreate@12       004935ac     kernel32:KERNEL32.dll
 0004:000005b0       __imp__HeapFree@12         004935b0     kernel32:KERNEL32.dll
 0004:000005b4       __imp__VirtualFree@12      004935b4     kernel32:KERNEL32.dll
 0004:000005b8       __imp__GetACP@0            004935b8     kernel32:KERNEL32.dll
 0004:000005bc       __imp__GetOEMCP@0          004935bc     kernel32:KERNEL32.dll
 0004:000005c0       __imp__GetCPInfo@8         004935c0     kernel32:KERNEL32.dll
 0004:000005c4       __imp__IsValidCodePage@4   004935c4     kernel32:KERNEL32.dll
 0004:000005c8       __imp__HeapAlloc@12        004935c8     kernel32:KERNEL32.dll
 0004:000005cc       __imp__GetProcessHeap@0    004935cc     kernel32:KERNEL32.dll
 0004:000005d0       \177KERNEL32_NULL_THUNK_DATA 004935d0     kernel32:KERNEL32.dll
 0004:00000648       __imp__SetWindowTextA@8    00493648     user32:USER32.dll
 0004:0000064c       __imp__PostQuitMessage@4   0049364c     user32:USER32.dll
 0004:00000650       __imp__DefWindowProcA@16   00493650     user32:USER32.dll
 0004:00000654       __imp__RegisterClassA@4    00493654     user32:USER32.dll
 0004:00000658       __imp__AdjustWindowRect@12 00493658     user32:USER32.dll
 0004:0000065c       __imp__GetSystemMetrics@4  0049365c     user32:USER32.dll
 0004:00000660       __imp__CreateWindowExA@48  00493660     user32:USER32.dll
 0004:00000664       __imp__GetDC@4             00493664     user32:USER32.dll
 0004:00000668       __imp__ReleaseDC@8         00493668     user32:USER32.dll
 0004:0000066c       __imp__DestroyWindow@4     0049366c     user32:USER32.dll
 0004:00000670       __imp__UnregisterClassA@8  00493670     user32:USER32.dll
 0004:00000674       __imp__ChangeDisplaySettingsA@8 00493674     user32:USER32.dll
 0004:00000678       __imp__MessageBoxA@16      00493678     user32:USER32.dll
 0004:0000067c       __imp__ShowCursor@4        0049367c     user32:USER32.dll
 0004:00000680       __imp__PeekMessageA@20     00493680     user32:USER32.dll
 0004:00000684       __imp__TranslateMessage@4  00493684     user32:USER32.dll
 0004:00000688       __imp__DispatchMessageA@4  00493688     user32:USER32.dll
 0004:0000068c       __imp__GetCursorPos@4      0049368c     user32:USER32.dll
 0004:00000690       \177USER32_NULL_THUNK_DATA 00493690     user32:USER32.dll
 0004:000006c8       __imp__Direct3DCreate9@4   004936c8     d3d9:d3d9.dll
 0004:000006cc       \177d3d9_NULL_THUNK_DATA   004936cc     d3d9:d3d9.dll
 0004:000006f8       __imp__D3DXCompileShader@40 004936f8     d3dx9:d3dx9_43.dll
 0004:000006fc       __imp__D3DXGetVertexShaderProfile@4 004936fc     d3dx9:d3dx9_43.dll
 0004:00000700       __imp__D3DXMatrixLookAtRH@16 00493700     d3dx9:d3dx9_43.dll
 0004:00000704       __imp__D3DXMatrixPerspectiveFovRH@20 00493704     d3dx9:d3dx9_43.dll
 0004:00000708       __imp__D3DXGetPixelShaderProfile@4 00493708     d3dx9:d3dx9_43.dll
 0004:0000070c       __imp__D3DXMatrixRotationX@8 0049370c     d3dx9:d3dx9_43.dll
 0004:00000710       __imp__D3DXMatrixRotationY@8 00493710     d3dx9:d3dx9_43.dll
 0004:00000714       __imp__D3DXMatrixMultiply@12 00493714     d3dx9:d3dx9_43.dll
 0004:00000718       __imp__D3DXVec3TransformNormal@12 00493718     d3dx9:d3dx9_43.dll
 0004:0000071c       __imp__D3DXMatrixInverse@12 0049371c     d3dx9:d3dx9_43.dll
 0004:00000720       \177d3dx9_43_NULL_THUNK_DATA 00493720     d3dx9:d3dx9_43.dll

 entry point at        0001:000130e0

