 main_vc2008_deb

 Timestamp is 506d4cc4 (Thu Oct 04 01:45:56 2012)

 Preferred load address is 00400000

 Start         Length     Name                   Class
 0001:00000000 0006e51aH .text                   CODE
 0001:0006e520 000020ecH .text$x                 CODE
 0001:00070610 00001025H .text$yc                CODE
 0001:00071640 00001065H .text$yd                CODE
 0002:00000000 00000104H .CRT$XCA                DATA
 0002:00000104 00000104H .CRT$XCC                DATA
 0002:00000208 00000104H .CRT$XCZ                DATA
 0002:0000030c 00000104H .CRT$XIA                DATA
 0002:00000410 00000118H .CRT$XIC                DATA
 0002:00000528 00000104H .CRT$XIY                DATA
 0002:0000062c 00000104H .CRT$XIZ                DATA
 0002:00000730 00000104H .CRT$XPA                DATA
 0002:00000834 00000109H .CRT$XPX                DATA
 0002:00000940 00000104H .CRT$XPXA               DATA
 0002:00000a44 00000104H .CRT$XPZ                DATA
 0002:00000b48 00000104H .CRT$XTA                DATA
 0002:00000c4c 00000104H .CRT$XTZ                DATA
 0002:00000d50 00014bafH .rdata                  DATA
 0002:00015900 00000193H .rdata$debug            DATA
 0002:00015a94 00000502H .rdata$r                DATA
 0002:00015fa0 00000250H .rdata$sxdata           DATA
 0002:000161f0 00000104H .rtc$IAA                DATA
 0002:000162f4 0000011cH .rtc$IMZ                DATA
 0002:00016410 00000104H .rtc$IZZ                DATA
 0002:00016514 00000104H .rtc$TAA                DATA
 0002:00016618 0000011cH .rtc$TMZ                DATA
 0002:00016734 00000104H .rtc$TZZ                DATA
 0002:00016838 0000233eH .xdata$x                DATA
 0002:00018b76 00000000H .edata                  DATA
 0003:00000000 00002f90H .data                   DATA
 0003:00002fa0 000021b4H .bss                    DATA
 0004:00000000 00000078H .idata$2                DATA
 0004:00000078 00000014H .idata$3                DATA
 0004:0000008c 00000364H .idata$4                DATA
 0004:000003f0 00000364H .idata$5                DATA
 0004:00000754 00000b96H .idata$6                DATA
 0005:00000000 00000169H .rsrc$01                DATA
 0005:00000170 000002e9H .rsrc$02                DATA

  Address         Publics by Value              Rva+Base       Lib:Object

 0000:00000000       __except_list              00000000     <absolute>
 0000:00000046       ___safe_se_handler_count   00000046     <absolute>
 0000:00000000       ___ImageBase               00400000     <linker-defined>
 0001:00000ee0       ??0Camera@@QAE@XZ          00401ee0 f   Camera.obj
 0001:00001030       ??1Camera@@QAE@XZ          00402030 f   Camera.obj
 0001:00001050       ?UpdateMove@Camera@@QAEXUMoveInfo@@M@Z 00402050 f   Camera.obj
 0001:00001340       ?UpdateMatrices@Camera@@AAEXXZ 00402340 f   Camera.obj
 0001:00001480       ?SetupRenderParameters@Camera@@QAEXPAUIDirect3DDevice9@@@Z 00402480 f   Camera.obj
 0001:00001750       ??0D3DXVECTOR3@@QAE@XZ     00402750 f i Camera.obj
 0001:00001770       ??0D3DXMATRIX@@QAE@XZ      00402770 f i Camera.obj
 0001:00001790       ??0D3DXVECTOR3@@QAE@MMM@Z  00402790 f i Camera.obj
 0001:000017d0       ??YD3DXVECTOR3@@QAEAAU0@ABU0@@Z 004027d0 f i Camera.obj
 0001:00001830       ??D@YA?AUD3DXVECTOR3@@MABU0@@Z 00402830 f i Camera.obj
 0001:000018c0       ??HD3DXVECTOR3@@QBE?AU0@ABU0@@Z 004028c0 f i Camera.obj
 0001:00001960       ??0D3DXVECTOR2@@QAE@MM@Z   00402960 f i Camera.obj
 0001:000019a0       ??0InputManager@@QAE@PAUHINSTANCE__@@PAUHWND__@@@Z 004029a0 f   InputManager.obj
 0001:00001af0       ??1InputManager@@QAE@XZ    00402af0 f   InputManager.obj
 0001:00001bc0       ?ResetDevice@InputManager@@QAEXXZ 00402bc0 f   InputManager.obj
 0001:00001c80       ?Update@InputManager@@QAEXXZ 00402c80 f   InputManager.obj
 0001:00001cb0       ?HandleKeyboard@InputManager@@AAEXXZ 00402cb0 f   InputManager.obj
 0001:00001dc0       ?HandleMouse@InputManager@@AAEXXZ 00402dc0 f   InputManager.obj
 0001:00001f10       ?AcquireMousePos@InputManager@@AAEXXZ 00402f10 f   InputManager.obj
 0001:00001fc0       ?GetRelativeMousePos@InputManager@@QAEXAAH0@Z 00402fc0 f   InputManager.obj
 0001:00001ff0       ?GetAbsoluteMousePos@InputManager@@QAEXAAH0@Z 00402ff0 f   InputManager.obj
 0001:00002020       ?IsKeyDown@InputManager@@QAE_NH@Z 00403020 f   InputManager.obj
 0001:00002050       ?IsKeyDownOnce@InputManager@@QAE_NH@Z 00403050 f   InputManager.obj
 0001:000020c0       ?IsMouseKeyDown@InputManager@@QAE_NH@Z 004030c0 f   InputManager.obj
 0001:000020f0       ?IsMouseKeyDownOnce@InputManager@@QAE_NH@Z 004030f0 f   InputManager.obj
 0001:00002340       ?create_random_texture@@YAXPAUIDirect3DDevice9@@PAPAUIDirect3DTexture9@@I@Z 00403340 f   intro.obj
 0001:00002420       ?create_random_chambers@@YA?AV?$basic_string@DU?$char_traits@D@std@@V?$allocator@D@2@@std@@H@Z 00403420 f   intro.obj
 0001:00002720       ?intro_init@@YAXPAUIDirect3DDevice9@@@Z 00403720 f   intro.obj
 0001:000028d0       ?intro_handle_input@@YAXPAVInputManager@@M@Z 004038d0 f   intro.obj
 0001:00002ad0       ?intro_do@@YAXPAUIDirect3DDevice9@@M@Z 00403ad0 f   intro.obj
 0001:00002fc0       ?GetPosition@Camera@@QAE?AUD3DXVECTOR3@@XZ 00403fc0 f i intro.obj
 0001:00003000       ??BD3DXVECTOR2@@QAEPAMXZ   00404000 f i intro.obj
 0001:00003020       ?GetPixelShader@Shader@@QAEPAUIDirect3DPixelShader9@@XZ 00404020 f i intro.obj
 0001:00003040       ?GetVertexShader@Shader@@QAEPAUIDirect3DVertexShader9@@XZ 00404040 f i intro.obj
 0001:00003060       ??0?$basic_string@DU?$char_traits@D@std@@V?$allocator@D@2@@std@@QAE@PBD@Z 00404060 f i intro.obj
 0001:00003110       ??0?$basic_string@DU?$char_traits@D@std@@V?$allocator@D@2@@std@@QAE@ABV01@@Z 00404110 f i intro.obj
 0001:000031c0       ??1?$basic_string@DU?$char_traits@D@std@@V?$allocator@D@2@@std@@QAE@XZ 004041c0 f i intro.obj
 0001:00003250       ??Y?$basic_string@DU?$char_traits@D@std@@V?$allocator@D@2@@std@@QAEAAV01@PBD@Z 00404250 f i intro.obj
 0001:00003290       ?c_str@?$basic_string@DU?$char_traits@D@std@@V?$allocator@D@2@@std@@QBEPBDXZ 00404290 f i intro.obj
 0001:000032c0       ?allocate@?$_DebugHeapAllocator@D@std@@QAAPADIPBX@Z 004042c0 f i intro.obj
 0001:00003360       ??0bad_alloc@std@@QAE@PBD@Z 00404360 f i intro.obj
 0001:000033b0       ??1bad_alloc@std@@UAE@XZ   004043b0 f i intro.obj
 0001:000033f0       ??_Gbad_alloc@std@@UAEPAXI@Z 004043f0 f i intro.obj
 0001:000033f0       ??_Ebad_alloc@std@@UAEPAXI@Z 004043f0 f i intro.obj
 0001:00003440       ?allocate@?$_DebugHeapAllocator@D@std@@QAEPADI@Z 00404440 f i intro.obj
 0001:000034e0       ?deallocate@?$_DebugHeapAllocator@D@std@@QAEXPADI@Z 004044e0 f i intro.obj
 0001:00003520       ??1?$_String_val@DV?$allocator@D@std@@@std@@QAE@XZ 00404520 f i intro.obj
 0001:00003550       ??0bad_alloc@std@@QAE@ABV01@@Z 00404550 f i intro.obj
 0001:000035a0       ??0?$_DebugHeapAllocator@D@std@@QAE@XZ 004045a0 f i intro.obj
 0001:000035d0       ??1_String_base@std@@QAE@XZ 004045d0 f i intro.obj
 0001:00003600       ??1_Container_base_secure@std@@QAE@XZ 00404600 f i intro.obj
 0001:00003630       ?_Orphan_all@_Container_base_secure@std@@QBEXXZ 00404630 f i intro.obj
 0001:00003700       ?append@?$basic_string@DU?$char_traits@D@std@@V?$allocator@D@2@@std@@QAEAAV12@PBD@Z 00404700 f i intro.obj
 0001:00003760       ?length@?$char_traits@D@std@@SAIPBD@Z 00404760 f i intro.obj
 0001:00003780       ?assign@?$basic_string@DU?$char_traits@D@std@@V?$allocator@D@2@@std@@QAEAAV12@ABV12@II@Z 00404780 f i intro.obj
 0001:00003890       ?size@?$basic_string@DU?$char_traits@D@std@@V?$allocator@D@2@@std@@QBEIXZ 00404890 f i intro.obj
 0001:000038b0       ?assign@?$basic_string@DU?$char_traits@D@std@@V?$allocator@D@2@@std@@QAEAAV12@PBD@Z 004048b0 f i intro.obj
 0001:00003910       ?_Tidy@?$basic_string@DU?$char_traits@D@std@@V?$allocator@D@2@@std@@IAEX_NI@Z 00404910 f i intro.obj
 0001:000039d0       ?_Myptr@?$basic_string@DU?$char_traits@D@std@@V?$allocator@D@2@@std@@IBEPBDXZ 004049d0 f i intro.obj
 0001:00003a20       ??0?$_String_val@DV?$allocator@D@std@@@std@@IAE@V?$allocator@D@1@@Z 00404a20 f i intro.obj
 0001:00003a70       ??0?$_String_val@DV?$allocator@D@std@@@std@@QAE@ABV01@@Z 00404a70 f i intro.obj
 0001:00003ad0       ??0?$allocator@D@std@@QAE@XZ 00404ad0 f i intro.obj
 0001:00003af0       ??0_String_base@std@@QAE@XZ 00404af0 f i intro.obj
 0001:00003b20       ??0_Container_base_secure@std@@QAE@XZ 00404b20 f i intro.obj
 0001:00003b50       ??0?$_DebugHeapAllocator@D@std@@QAE@ABV01@@Z 00404b50 f i intro.obj
 0001:00003b90       ?append@?$basic_string@DU?$char_traits@D@std@@V?$allocator@D@2@@std@@QAEAAV12@PBDI@Z 00404b90 f i intro.obj
 0001:00003ce0       ?assign@?$basic_string@DU?$char_traits@D@std@@V?$allocator@D@2@@std@@QAEAAV12@PBDI@Z 00404ce0 f i intro.obj
 0001:00003dc0       ?erase@?$basic_string@DU?$char_traits@D@std@@V?$allocator@D@2@@std@@QAEAAV12@II@Z 00404dc0 f i intro.obj
 0001:00003ea0       ?_Eos@?$basic_string@DU?$char_traits@D@std@@V?$allocator@D@2@@std@@IAEXI@Z 00404ea0 f i intro.obj
 0001:00003f00       ?assign@?$char_traits@D@std@@SAXAADABD@Z 00404f00 f i intro.obj
 0001:00003f20       ?_Grow@?$basic_string@DU?$char_traits@D@std@@V?$allocator@D@2@@std@@IAE_NI_N@Z 00404f20 f i intro.obj
 0001:00004000       ?_Myptr@?$basic_string@DU?$char_traits@D@std@@V?$allocator@D@2@@std@@IAEPADXZ 00405000 f i intro.obj
 0001:00004050       ??0?$allocator@D@std@@QAE@ABV01@@Z 00405050 f i intro.obj
 0001:00004070       ?deallocate@?$allocator@D@std@@QAEXPADI@Z 00405070 f i intro.obj
 0001:000040b0       ?append@?$basic_string@DU?$char_traits@D@std@@V?$allocator@D@2@@std@@QAEAAV12@ABV12@II@Z 004050b0 f i intro.obj
 0001:000041d0       ?max_size@?$basic_string@DU?$char_traits@D@std@@V?$allocator@D@2@@std@@QBEIXZ 004051d0 f i intro.obj
 0001:00004240       ?_Copy@?$basic_string@DU?$char_traits@D@std@@V?$allocator@D@2@@std@@IAEXII@Z 00405240 f i intro.obj
 0001:00004450       ?_Inside@?$basic_string@DU?$char_traits@D@std@@V?$allocator@D@2@@std@@IAE_NPBD@Z 00405450 f i intro.obj
 0001:000044b0       ?allocate@?$allocator@D@std@@QAEPADI@Z 004054b0 f i intro.obj
 0001:000044f0       ?max_size@?$allocator@D@std@@QBEIXZ 004054f0 f i intro.obj
 0001:00004550       ??$_Debug_pointer@D@std@@YAXPBDPB_WI@Z 00405550 f i intro.obj
 0001:00004580       ??$_DebugHeapDelete@X@std@@YAXPAX@Z 00405580 f i intro.obj
 0001:000045b0       ??$copy_s@U?$char_traits@D@std@@@_Traits_helper@std@@YAPADPADIPBDI@Z 004055b0 f i intro.obj
 0001:00004600       ??$move_s@U?$char_traits@D@std@@@_Traits_helper@std@@YAPADPADIPBDI@Z 00405600 f i intro.obj
 0001:00004650       ??$_Allocate@D@std@@YAPADIPAD@Z 00405650 f i intro.obj
 0001:000046e0       ??$_Char_traits_cat@U?$char_traits@D@std@@@std@@YA?AU_Secure_char_traits_tag@0@XZ 004056e0 f i intro.obj
 0001:00004750       ??$copy_s@U?$char_traits@D@std@@@_Traits_helper@std@@YAPADPADIPBDIU_Secure_char_traits_tag@1@@Z 00405750 f i intro.obj
 0001:00004780       ?_Copy_s@?$char_traits@D@std@@SAPADPADIPBDI@Z 00405780 f i intro.obj
 0001:000047b0       ??$move_s@U?$char_traits@D@std@@@_Traits_helper@std@@YAPADPADIPBDIU_Secure_char_traits_tag@1@@Z 004057b0 f i intro.obj
 0001:000047e0       ?_Move_s@?$char_traits@D@std@@SAPADPADIPBDI@Z 004057e0 f i intro.obj
 0001:00004810       _WinMain@16                00405810 f   main_deb.obj
 0001:00005310       _floorf                    00406310 f i main_deb.obj
 0001:00005350       ??0Shader@@QAE@XZ          00406350 f   Shader.obj
 0001:00005380       ??1Shader@@QAE@XZ          00406380 f   Shader.obj
 0001:000053f0       ?CompileFromStream@Shader@@QAEXPAUIDirect3DDevice9@@PBD1@Z 004063f0 f   Shader.obj
 0001:00005430       ?CompileFromStream@Shader@@QAEXPAUIDirect3DDevice9@@PAU_D3DXMACRO@@PBD2@Z 00406430 f   Shader.obj
 0001:00005700       ?GenerateWalls@@YAXAAV?$vector@V?$set@HU?$less@H@std@@V?$allocator@H@2@@std@@V?$allocator@V?$set@HU?$less@H@std@@V?$allocator@H@2@@std@@@2@@std@@AAV?$vector@Uwall@@V?$allocator@Uwall@@@std@@@2@HH@Z 00406700 f   Maze.obj
 0001:00005890       ?RemoveWall@@YAXPAHUwall@@HH@Z 00406890 f   Maze.obj
 0001:00005950       ?CreateMaze@@YAPAHHH@Z     00406950 f   Maze.obj
 0001:000060a0       ??1?$set@HU?$less@H@std@@V?$allocator@H@2@@std@@QAE@XZ 004070a0 f i Maze.obj
 0001:000060d0       ??1?$pair@Viterator@?$_Tree@V?$_Tset_traits@HU?$less@H@std@@V?$allocator@H@2@$0A@@std@@@std@@_N@std@@QAE@XZ 004070d0 f i Maze.obj
 0001:00006100       ??1iterator@?$_Tree@V?$_Tset_traits@HU?$less@H@std@@V?$allocator@H@2@$0A@@std@@@std@@QAE@XZ 00407100 f i Maze.obj
 0001:00006130       ??1const_iterator@?$_Tree@V?$_Tset_traits@HU?$less@H@std@@V?$allocator@H@2@$0A@@std@@@std@@QAE@XZ 00407130 f i Maze.obj
 0001:00006160       ??1?$_Bidit@HHPBHABH@std@@QAE@XZ 00407160 f i Maze.obj
 0001:00006190       ??1?$_Iterator_with_base@Ubidirectional_iterator_tag@std@@HHPBHABHV_Iterator_base@2@@std@@QAE@XZ 00407190 f i Maze.obj
 0001:000061c0       ??1_Iterator_base@std@@QAE@XZ 004071c0 f i Maze.obj
 0001:00006290       ?_Orphan_me@_Iterator_base@std@@QAEXXZ 00407290 f i Maze.obj
 0001:00006350       ??1?$_Vector_iterator@V?$set@HU?$less@H@std@@V?$allocator@H@2@@std@@V?$allocator@V?$set@HU?$less@H@std@@V?$allocator@H@2@@std@@@2@@std@@QAE@XZ 00407350 f i Maze.obj
 0001:00006380       ??0?$_Vector_const_iterator@V?$set@HU?$less@H@std@@V?$allocator@H@2@@std@@V?$allocator@V?$set@HU?$less@H@std@@V?$allocator@H@2@@std@@@2@@std@@QAE@ABV01@@Z 00407380 f i Maze.obj
 0001:000063d0       ??1?$_Vector_const_iterator@V?$set@HU?$less@H@std@@V?$allocator@H@2@@std@@V?$allocator@V?$set@HU?$less@H@std@@V?$allocator@H@2@@std@@@2@@std@@QAE@XZ 004073d0 f i Maze.obj
 0001:00006400       ??0?$_Ranit@V?$set@HU?$less@H@std@@V?$allocator@H@2@@std@@HPBV12@ABV12@@std@@QAE@ABU01@@Z 00407400 f i Maze.obj
 0001:00006440       ??1?$_Ranit@V?$set@HU?$less@H@std@@V?$allocator@H@2@@std@@HPBV12@ABV12@@std@@QAE@XZ 00407440 f i Maze.obj
 0001:00006470       ??0?$_Iterator_with_base@Urandom_access_iterator_tag@std@@V?$set@HU?$less@H@std@@V?$allocator@H@2@@2@HPBV32@ABV32@V_Iterator_base@2@@std@@QAE@ABU01@@Z 00407470 f i Maze.obj
 0001:000064b0       ??0_Iterator_base@std@@QAE@ABV01@@Z 004074b0 f i Maze.obj
 0001:00006500       ??4_Iterator_base@std@@QAEAAV01@ABV01@@Z 00407500 f i Maze.obj
 0001:00006600       ?_Adopt@_Iterator_base@std@@QAEXPBV_Container_base_secure@2@@Z 00407600 f i Maze.obj
 0001:00006710       ??1?$_Iterator_with_base@Urandom_access_iterator_tag@std@@V?$set@HU?$less@H@std@@V?$allocator@H@2@@2@HPBV32@ABV32@V_Iterator_base@2@@std@@QAE@XZ 00407710 f i Maze.obj
 0001:00006740       ??0?$set@HU?$less@H@std@@V?$allocator@H@2@@std@@QAE@XZ 00407740 f i Maze.obj
 0001:00006790       ??1?$_Tree@V?$_Tset_traits@HU?$less@H@std@@V?$allocator@H@2@$0A@@std@@@std@@QAE@XZ 00407790 f i Maze.obj
 0001:00006810       ?begin@?$_Tree@V?$_Tset_traits@HU?$less@H@std@@V?$allocator@H@2@$0A@@std@@@std@@QAE?AViterator@12@XZ 00407810 f i Maze.obj
 0001:00006880       ?end@?$_Tree@V?$_Tset_traits@HU?$less@H@std@@V?$allocator@H@2@$0A@@std@@@std@@QAE?AViterator@12@XZ 00407880 f i Maze.obj
 0001:000068e0       ?insert@?$_Tree@V?$_Tset_traits@HU?$less@H@std@@V?$allocator@H@2@$0A@@std@@@std@@QAE?AU?$pair@Viterator@?$_Tree@V?$_Tset_traits@HU?$less@H@std@@V?$allocator@H@2@$0A@@std@@@std@@_N@2@ABH@Z 004078e0 f i Maze.obj
 0001:00006d20       ?find@?$_Tree@V?$_Tset_traits@HU?$less@H@std@@V?$allocator@H@2@$0A@@std@@@std@@QAE?AViterator@12@ABH@Z 00407d20 f i Maze.obj
 0001:00006f30       ??9const_iterator@?$_Tree@V?$_Tset_traits@HU?$less@H@std@@V?$allocator@H@2@$0A@@std@@@std@@QBE_NABV012@@Z 00407f30 f i Maze.obj
 0001:00006f80       ??0?$vector@V?$set@HU?$less@H@std@@V?$allocator@H@2@@std@@V?$allocator@V?$set@HU?$less@H@std@@V?$allocator@H@2@@std@@@2@@std@@QAE@XZ 00407f80 f i Maze.obj
 0001:00007020       ??1?$vector@V?$set@HU?$less@H@std@@V?$allocator@H@2@@std@@V?$allocator@V?$set@HU?$less@H@std@@V?$allocator@H@2@@std@@@2@@std@@QAE@XZ 00408020 f i Maze.obj
 0001:000070a0       ?begin@?$vector@V?$set@HU?$less@H@std@@V?$allocator@H@2@@std@@V?$allocator@V?$set@HU?$less@H@std@@V?$allocator@H@2@@std@@@2@@std@@QAE?AV?$_Vector_iterator@V?$set@HU?$less@H@std@@V?$allocator@H@2@@std@@V?$allocator@V?$set@HU?$less@H@std@@V?$allocator@H@2@@std@@@2@@2@XZ 004080a0 f i Maze.obj
 0001:00007100       ?size@?$vector@V?$set@HU?$less@H@std@@V?$allocator@H@2@@std@@V?$allocator@V?$set@HU?$less@H@std@@V?$allocator@H@2@@std@@@2@@std@@QBEIXZ 00408100 f i Maze.obj
 0001:00007130       ??A?$vector@V?$set@HU?$less@H@std@@V?$allocator@H@2@@std@@V?$allocator@V?$set@HU?$less@H@std@@V?$allocator@H@2@@std@@@2@@std@@QAEAAV?$set@HU?$less@H@std@@V?$allocator@H@2@@1@I@Z 00408130 f i Maze.obj
 0001:00007250       ?push_back@?$vector@V?$set@HU?$less@H@std@@V?$allocator@H@2@@std@@V?$allocator@V?$set@HU?$less@H@std@@V?$allocator@H@2@@std@@@2@@std@@QAEXABV?$set@HU?$less@H@std@@V?$allocator@H@2@@2@@Z 00408250 f i Maze.obj
 0001:00007390       ?erase@?$vector@V?$set@HU?$less@H@std@@V?$allocator@H@2@@std@@V?$allocator@V?$set@HU?$less@H@std@@V?$allocator@H@2@@std@@@2@@std@@QAE?AV?$_Vector_iterator@V?$set@HU?$less@H@std@@V?$allocator@H@2@@std@@V?$allocator@V?$set@HU?$less@H@std@@V?$allocator@H@2@@std@@@2@@2@V?$_Vector_const_iterator@V?$set@HU?$less@H@std@@V?$allocator@H@2@@std@@V?$allocator@V?$set@HU?$less@H@std@@V?$allocator@H@2@@std@@@2@@2@@Z 00408390 f i Maze.obj
 0001:000074f0       ??0?$vector@Uwall@@V?$allocator@Uwall@@@std@@@std@@QAE@XZ 004084f0 f i Maze.obj
 0001:00007590       ??1?$vector@Uwall@@V?$allocator@Uwall@@@std@@@std@@QAE@XZ 00408590 f i Maze.obj
 0001:00007610       ?size@?$vector@Uwall@@V?$allocator@Uwall@@@std@@@std@@QBEIXZ 00408610 f i Maze.obj
 0001:00007640       ??A?$vector@Uwall@@V?$allocator@Uwall@@@std@@@std@@QAEAAUwall@@I@Z 00408640 f i Maze.obj
 0001:00007760       ?push_back@?$vector@Uwall@@V?$allocator@Uwall@@@std@@@std@@QAEXABUwall@@@Z 00408760 f i Maze.obj
 0001:000078a0       ??H?$_Vector_iterator@V?$set@HU?$less@H@std@@V?$allocator@H@2@@std@@V?$allocator@V?$set@HU?$less@H@std@@V?$allocator@H@2@@std@@@2@@std@@QBE?AV01@H@Z 004088a0 f i Maze.obj
 0001:000079b0       ??1?$_Tree_val@V?$_Tset_traits@HU?$less@H@std@@V?$allocator@H@2@$0A@@std@@@std@@QAE@XZ 004089b0 f i Maze.obj
 0001:000079e0       ??0iterator@?$_Tree@V?$_Tset_traits@HU?$less@H@std@@V?$allocator@H@2@$0A@@std@@@std@@QAE@ABV012@@Z 004089e0 f i Maze.obj
 0001:00007a20       ??1?$_Vector_val@V?$set@HU?$less@H@std@@V?$allocator@H@2@@std@@V?$allocator@V?$set@HU?$less@H@std@@V?$allocator@H@2@@std@@@2@@std@@QAE@XZ 00408a20 f i Maze.obj
 0001:00007a50       ??1?$_Vector_val@Uwall@@V?$allocator@Uwall@@@std@@@std@@QAE@XZ 00408a50 f i Maze.obj
 0001:00007a80       ??1?$_Vector_iterator@Uwall@@V?$allocator@Uwall@@@std@@@std@@QAE@XZ 00408a80 f i Maze.obj
 0001:00007ab0       ??0?$_Vector_const_iterator@Uwall@@V?$allocator@Uwall@@@std@@@std@@QAE@ABV01@@Z 00408ab0 f i Maze.obj
 0001:00007b00       ??1?$_Vector_const_iterator@Uwall@@V?$allocator@Uwall@@@std@@@std@@QAE@XZ 00408b00 f i Maze.obj
 0001:00007b30       ??0?$_Vector_iterator@V?$set@HU?$less@H@std@@V?$allocator@H@2@@std@@V?$allocator@V?$set@HU?$less@H@std@@V?$allocator@H@2@@std@@@2@@std@@QAE@ABV01@@Z 00408b30 f i Maze.obj
 0001:00007b70       ??1?$_Tree_ptr@V?$_Tset_traits@HU?$less@H@std@@V?$allocator@H@2@$0A@@std@@@std@@QAE@XZ 00408b70 f i Maze.obj
 0001:00007ba0       ??0const_iterator@?$_Tree@V?$_Tset_traits@HU?$less@H@std@@V?$allocator@H@2@$0A@@std@@@std@@QAE@ABV012@@Z 00408ba0 f i Maze.obj
 0001:00007bf0       ??0?$_Ranit@Uwall@@HPBU1@ABU1@@std@@QAE@ABU01@@Z 00408bf0 f i Maze.obj
 0001:00007c30       ??1?$_Ranit@Uwall@@HPBU1@ABU1@@std@@QAE@XZ 00408c30 f i Maze.obj
 0001:00007c60       ??1?$_Tree_nod@V?$_Tset_traits@HU?$less@H@std@@V?$allocator@H@2@$0A@@std@@@std@@QAE@XZ 00408c60 f i Maze.obj
 0001:00007c90       ??0?$_Bidit@HHPBHABH@std@@QAE@ABU01@@Z 00408c90 f i Maze.obj
 0001:00007cd0       ??0?$_Iterator_with_base@Urandom_access_iterator_tag@std@@Uwall@@HPBU3@ABU3@V_Iterator_base@2@@std@@QAE@ABU01@@Z 00408cd0 f i Maze.obj
 0001:00007d10       ??1?$_Iterator_with_base@Urandom_access_iterator_tag@std@@Uwall@@HPBU3@ABU3@V_Iterator_base@2@@std@@QAE@XZ 00408d10 f i Maze.obj
 0001:00007d40       ??1?$_Tset_traits@HU?$less@H@std@@V?$allocator@H@2@$0A@@std@@QAE@XZ 00408d40 f i Maze.obj
 0001:00007d70       ??0?$_Iterator_with_base@Ubidirectional_iterator_tag@std@@HHPBHABHV_Iterator_base@2@@std@@QAE@ABU01@@Z 00408d70 f i Maze.obj
 0001:00007db0       ?_Isnil@?$_Tree@V?$_Tset_traits@HU?$less@H@std@@V?$allocator@H@2@$0A@@std@@@std@@KAAADPAU_Node@?$_Tree_nod@V?$_Tset_traits@HU?$less@H@std@@V?$allocator@H@2@$0A@@std@@@2@@Z 00408db0 f i Maze.obj
 0001:00007dc0       ?_Key@?$_Tree@V?$_Tset_traits@HU?$less@H@std@@V?$allocator@H@2@$0A@@std@@@std@@KAABHPAU_Node@?$_Tree_nod@V?$_Tset_traits@HU?$less@H@std@@V?$allocator@H@2@$0A@@std@@@2@@Z 00408dc0 f i Maze.obj
 0001:00007df0       ?_Left@?$_Tree@V?$_Tset_traits@HU?$less@H@std@@V?$allocator@H@2@$0A@@std@@@std@@KAAAPAU_Node@?$_Tree_nod@V?$_Tset_traits@HU?$less@H@std@@V?$allocator@H@2@$0A@@std@@@2@PAU342@@Z 00408df0 f i Maze.obj
 0001:00007e00       ?_Right@?$_Tree@V?$_Tset_traits@HU?$less@H@std@@V?$allocator@H@2@$0A@@std@@@std@@KAAAPAU_Node@?$_Tree_nod@V?$_Tset_traits@HU?$less@H@std@@V?$allocator@H@2@$0A@@std@@@2@PAU342@@Z 00408e00 f i Maze.obj
 0001:00007e10       ??0?$_Tree@V?$_Tset_traits@HU?$less@H@std@@V?$allocator@H@2@$0A@@std@@@std@@QAE@ABU?$less@H@1@ABV?$allocator@H@1@@Z 00408e10 f i Maze.obj
 0001:00007ec0       ?lower_bound@?$_Tree@V?$_Tset_traits@HU?$less@H@std@@V?$allocator@H@2@$0A@@std@@@std@@QAE?AViterator@12@ABH@Z 00408ec0 f i Maze.obj
 0001:00007f30       ?_Insert@?$_Tree@V?$_Tset_traits@HU?$less@H@std@@V?$allocator@H@2@$0A@@std@@@std@@IAE?AViterator@12@_NPAU_Node@?$_Tree_nod@V?$_Tset_traits@HU?$less@H@std@@V?$allocator@H@2@$0A@@std@@@2@ABH@Z 00408f30 f i Maze.obj
 0001:00008500       ??0length_error@std@@QAE@ABV?$basic_string@DU?$char_traits@D@std@@V?$allocator@D@2@@1@@Z 00409500 f i Maze.obj
 0001:00008550       ??0logic_error@std@@QAE@ABV?$basic_string@DU?$char_traits@D@std@@V?$allocator@D@2@@1@@Z 00409550 f i Maze.obj
 0001:000085f0       ?what@logic_error@std@@UBEPBDXZ 004095f0 f i Maze.obj
 0001:00008620       ??_Glogic_error@std@@UAEPAXI@Z 00409620 f i Maze.obj
 0001:00008620       ??_Elogic_error@std@@UAEPAXI@Z 00409620 f i Maze.obj
 0001:00008670       ??1logic_error@std@@UAE@XZ 00409670 f i Maze.obj
 0001:000086c0       ??1length_error@std@@UAE@XZ 004096c0 f i Maze.obj
 0001:00008700       ??_Glength_error@std@@UAEPAXI@Z 00409700 f i Maze.obj
 0001:00008700       ??_Elength_error@std@@UAEPAXI@Z 00409700 f i Maze.obj
 0001:00008750       ?_Lmost@?$_Tree@V?$_Tset_traits@HU?$less@H@std@@V?$allocator@H@2@$0A@@std@@@std@@IBEAAPAU_Node@?$_Tree_nod@V?$_Tset_traits@HU?$less@H@std@@V?$allocator@H@2@$0A@@std@@@2@XZ 00409750 f i Maze.obj
 0001:00008790       ?_Root@?$_Tree@V?$_Tset_traits@HU?$less@H@std@@V?$allocator@H@2@$0A@@std@@@std@@IBEAAPAU_Node@?$_Tree_nod@V?$_Tset_traits@HU?$less@H@std@@V?$allocator@H@2@$0A@@std@@@2@XZ 00409790 f i Maze.obj
 0001:000087d0       ?_Tidy@?$_Tree@V?$_Tset_traits@HU?$less@H@std@@V?$allocator@H@2@$0A@@std@@@std@@IAEXXZ 004097d0 f i Maze.obj
 0001:000089a0       ?_Kfn@?$_Tset_traits@HU?$less@H@std@@V?$allocator@H@2@$0A@@std@@SAABHABH@Z 004099a0 f i Maze.obj
 0001:000089b0       ??1?$_Container_base_aux_alloc_empty@V?$allocator@H@std@@@std@@IAE@XZ 004099b0 f i Maze.obj
 0001:000089e0       ??0?$allocator@H@std@@QAE@XZ 004099e0 f i Maze.obj
 0001:00008a00       ??0?$pair@Viterator@?$_Tree@V?$_Tset_traits@HU?$less@H@std@@V?$allocator@H@2@$0A@@std@@@std@@_N@std@@QAE@ABViterator@?$_Tree@V?$_Tset_traits@HU?$less@H@std@@V?$allocator@H@2@$0A@@std@@@1@AB_N@Z 00409a00 f i Maze.obj
 0001:00008a50       ??0iterator@?$_Tree@V?$_Tset_traits@HU?$less@H@std@@V?$allocator@H@2@$0A@@std@@@std@@QAE@PAU_Node@?$_Tree_nod@V?$_Tset_traits@HU?$less@H@std@@V?$allocator@H@2@$0A@@std@@@2@PBV12@@Z 00409a50 f i Maze.obj
 0001:00008a90       ??Fiterator@?$_Tree@V?$_Tset_traits@HU?$less@H@std@@V?$allocator@H@2@$0A@@std@@@std@@QAEAAV012@XZ 00409a90 f i Maze.obj
 0001:00008ac0       ??8const_iterator@?$_Tree@V?$_Tset_traits@HU?$less@H@std@@V?$allocator@H@2@$0A@@std@@@std@@QBE_NABV012@@Z 00409ac0 f i Maze.obj
 0001:00008b90       ?_Mynode@const_iterator@?$_Tree@V?$_Tset_traits@HU?$less@H@std@@V?$allocator@H@2@$0A@@std@@@std@@QBEPAU_Node@?$_Tree_nod@V?$_Tset_traits@HU?$less@H@std@@V?$allocator@H@2@$0A@@std@@@3@XZ 00409b90 f i Maze.obj
 0001:00008bb0       ?capacity@?$vector@V?$set@HU?$less@H@std@@V?$allocator@H@2@@std@@V?$allocator@V?$set@HU?$less@H@std@@V?$allocator@H@2@@std@@@2@@std@@QBEIXZ 00409bb0 f i Maze.obj
 0001:00008c10       ?end@?$vector@V?$set@HU?$less@H@std@@V?$allocator@H@2@@std@@V?$allocator@V?$set@HU?$less@H@std@@V?$allocator@H@2@@std@@@2@@std@@QAE?AV?$_Vector_iterator@V?$set@HU?$less@H@std@@V?$allocator@H@2@@std@@V?$allocator@V?$set@HU?$less@H@std@@V?$allocator@H@2@@std@@@2@@2@XZ 00409c10 f i Maze.obj
 0001:00008c70       ?insert@?$vector@V?$set@HU?$less@H@std@@V?$allocator@H@2@@std@@V?$allocator@V?$set@HU?$less@H@std@@V?$allocator@H@2@@std@@@2@@std@@QAE?AV?$_Vector_iterator@V?$set@HU?$less@H@std@@V?$allocator@H@2@@std@@V?$allocator@V?$set@HU?$less@H@std@@V?$allocator@H@2@@std@@@2@@2@V?$_Vector_const_iterator@V?$set@HU?$less@H@std@@V?$allocator@H@2@@std@@V?$allocator@V?$set@HU?$less@H@std@@V?$allocator@H@2@@std@@@2@@2@ABV?$set@HU?$less@H@std@@V?$allocator@H@2@@2@@Z 00409c70 f i Maze.obj
 0001:00008e00       ?_Buy@?$vector@V?$set@HU?$less@H@std@@V?$allocator@H@2@@std@@V?$allocator@V?$set@HU?$less@H@std@@V?$allocator@H@2@@std@@@2@@std@@IAE_NI@Z 00409e00 f i Maze.obj
 0001:00008ec0       ?_Destroy@?$vector@V?$set@HU?$less@H@std@@V?$allocator@H@2@@std@@V?$allocator@V?$set@HU?$less@H@std@@V?$allocator@H@2@@std@@@2@@std@@IAEXPAV?$set@HU?$less@H@std@@V?$allocator@H@2@@2@0@Z 00409ec0 f i Maze.obj
 0001:00008f10       ?_Tidy@?$vector@V?$set@HU?$less@H@std@@V?$allocator@H@2@@std@@V?$allocator@V?$set@HU?$less@H@std@@V?$allocator@H@2@@std@@@2@@std@@IAEXXZ 00409f10 f i Maze.obj
 0001:00008fc0       ?_Ufill@?$vector@V?$set@HU?$less@H@std@@V?$allocator@H@2@@std@@V?$allocator@V?$set@HU?$less@H@std@@V?$allocator@H@2@@std@@@2@@std@@IAEPAV?$set@HU?$less@H@std@@V?$allocator@H@2@@2@PAV32@IABV32@@Z 00409fc0 f i Maze.obj
 0001:00009020       ?_Orphan_range@?$vector@V?$set@HU?$less@H@std@@V?$allocator@H@2@@std@@V?$allocator@V?$set@HU?$less@H@std@@V?$allocator@H@2@@std@@@2@@std@@IBEXPAV?$set@HU?$less@H@std@@V?$allocator@H@2@@2@0@Z 0040a020 f i Maze.obj
 0001:00009110       ??0?$_Vector_val@V?$set@HU?$less@H@std@@V?$allocator@H@2@@std@@V?$allocator@V?$set@HU?$less@H@std@@V?$allocator@H@2@@std@@@2@@std@@IAE@V?$allocator@V?$set@HU?$less@H@std@@V?$allocator@H@2@@std@@@1@@Z 0040a110 f i Maze.obj
 0001:00009180       ??1?$_Container_base_aux_alloc_empty@V?$allocator@V?$set@HU?$less@H@std@@V?$allocator@H@2@@std@@@std@@@std@@IAE@XZ 0040a180 f i Maze.obj
 0001:000091b0       ??0?$allocator@V?$set@HU?$less@H@std@@V?$allocator@H@2@@std@@@std@@QAE@XZ 0040a1b0 f i Maze.obj
 0001:000091d0       ?capacity@?$vector@Uwall@@V?$allocator@Uwall@@@std@@@std@@QBEIXZ 0040a1d0 f i Maze.obj
 0001:00009230       ?end@?$vector@Uwall@@V?$allocator@Uwall@@@std@@@std@@QAE?AV?$_Vector_iterator@Uwall@@V?$allocator@Uwall@@@std@@@2@XZ 0040a230 f i Maze.obj
 0001:00009290       ?insert@?$vector@Uwall@@V?$allocator@Uwall@@@std@@@std@@QAE?AV?$_Vector_iterator@Uwall@@V?$allocator@Uwall@@@std@@@2@V?$_Vector_const_iterator@Uwall@@V?$allocator@Uwall@@@std@@@2@ABUwall@@@Z 0040a290 f i Maze.obj
 0001:00009420       ?_Buy@?$vector@Uwall@@V?$allocator@Uwall@@@std@@@std@@IAE_NI@Z 0040a420 f i Maze.obj
 0001:000094e0       ?_Tidy@?$vector@Uwall@@V?$allocator@Uwall@@@std@@@std@@IAEXXZ 0040a4e0 f i Maze.obj
 0001:00009590       ?_Ufill@?$vector@Uwall@@V?$allocator@Uwall@@@std@@@std@@IAEPAUwall@@PAU3@IABU3@@Z 0040a590 f i Maze.obj
 0001:000095f0       ?_Orphan_range@?$vector@Uwall@@V?$allocator@Uwall@@@std@@@std@@IBEXPAUwall@@0@Z 0040a5f0 f i Maze.obj
 0001:000096e0       ??0?$_Vector_val@Uwall@@V?$allocator@Uwall@@@std@@@std@@IAE@V?$allocator@Uwall@@@1@@Z 0040a6e0 f i Maze.obj
 0001:00009750       ??1?$_Container_base_aux_alloc_empty@V?$allocator@Uwall@@@std@@@std@@IAE@XZ 0040a750 f i Maze.obj
 0001:00009780       ??0?$allocator@Uwall@@@std@@QAE@XZ 0040a780 f i Maze.obj
 0001:000097a0       ??0?$_Vector_iterator@V?$set@HU?$less@H@std@@V?$allocator@H@2@@std@@V?$allocator@V?$set@HU?$less@H@std@@V?$allocator@H@2@@std@@@2@@std@@QAE@PAV?$set@HU?$less@H@std@@V?$allocator@H@2@@1@PBV_Container_base_secure@1@@Z 0040a7a0 f i Maze.obj
 0001:000097e0       ??Y?$_Vector_iterator@V?$set@HU?$less@H@std@@V?$allocator@H@2@@std@@V?$allocator@V?$set@HU?$less@H@std@@V?$allocator@H@2@@std@@@2@@std@@QAEAAV01@H@Z 0040a7e0 f i Maze.obj
 0001:00009820       ??0length_error@std@@QAE@ABV01@@Z 0040a820 f i Maze.obj
 0001:00009870       ??0logic_error@std@@QAE@ABV01@@Z 0040a870 f i Maze.obj
 0001:00009910       ?_Color@?$_Tree@V?$_Tset_traits@HU?$less@H@std@@V?$allocator@H@2@$0A@@std@@@std@@KAAADPAU_Node@?$_Tree_nod@V?$_Tset_traits@HU?$less@H@std@@V?$allocator@H@2@$0A@@std@@@2@@Z 0040a910 f i Maze.obj
 0001:00009920       ?_Parent@?$_Tree@V?$_Tset_traits@HU?$less@H@std@@V?$allocator@H@2@$0A@@std@@@std@@KAAAPAU_Node@?$_Tree_nod@V?$_Tset_traits@HU?$less@H@std@@V?$allocator@H@2@$0A@@std@@@2@PAU342@@Z 0040a920 f i Maze.obj
 0001:00009930       ?_Myval@?$_Tree@V?$_Tset_traits@HU?$less@H@std@@V?$allocator@H@2@$0A@@std@@@std@@KAAAHPAU_Node@?$_Tree_nod@V?$_Tset_traits@HU?$less@H@std@@V?$allocator@H@2@$0A@@std@@@2@@Z 0040a930 f i Maze.obj
 0001:00009940       ?max_size@?$_Tree@V?$_Tset_traits@HU?$less@H@std@@V?$allocator@H@2@$0A@@std@@@std@@QBEIXZ 0040a940 f i Maze.obj
 0001:00009970       ?erase@?$_Tree@V?$_Tset_traits@HU?$less@H@std@@V?$allocator@H@2@$0A@@std@@@std@@QAE?AViterator@12@Vconst_iterator@12@0@Z 0040a970 f i Maze.obj
 0001:00009c00       ?_Init@?$_Tree@V?$_Tset_traits@HU?$less@H@std@@V?$allocator@H@2@$0A@@std@@@std@@IAEXXZ 0040ac00 f i Maze.obj
 0001:00009ca0       ?_Lbound@?$_Tree@V?$_Tset_traits@HU?$less@H@std@@V?$allocator@H@2@$0A@@std@@@std@@IBEPAU_Node@?$_Tree_nod@V?$_Tset_traits@HU?$less@H@std@@V?$allocator@H@2@$0A@@std@@@2@ABH@Z 0040aca0 f i Maze.obj
 0001:00009d90       ?_Lrotate@?$_Tree@V?$_Tset_traits@HU?$less@H@std@@V?$allocator@H@2@$0A@@std@@@std@@IAEXPAU_Node@?$_Tree_nod@V?$_Tset_traits@HU?$less@H@std@@V?$allocator@H@2@$0A@@std@@@2@@Z 0040ad90 f i Maze.obj
 0001:00009f30       ?_Rmost@?$_Tree@V?$_Tset_traits@HU?$less@H@std@@V?$allocator@H@2@$0A@@std@@@std@@IBEAAPAU_Node@?$_Tree_nod@V?$_Tset_traits@HU?$less@H@std@@V?$allocator@H@2@$0A@@std@@@2@XZ 0040af30 f i Maze.obj
 0001:00009f70       ?_Rrotate@?$_Tree@V?$_Tset_traits@HU?$less@H@std@@V?$allocator@H@2@$0A@@std@@@std@@IAEXPAU_Node@?$_Tree_nod@V?$_Tset_traits@HU?$less@H@std@@V?$allocator@H@2@$0A@@std@@@2@@Z 0040af70 f i Maze.obj
 0001:0000a110       ?_Buynode@?$_Tree@V?$_Tset_traits@HU?$less@H@std@@V?$allocator@H@2@$0A@@std@@@std@@IAEPAU_Node@?$_Tree_nod@V?$_Tset_traits@HU?$less@H@std@@V?$allocator@H@2@$0A@@std@@@2@PAU342@00ABHD@Z 0040b110 f i Maze.obj
 0001:0000a260       ??2@YAPAXIPAX@Z            0040b260 f i Maze.obj
 0001:0000a270       ??3@YAXPAX0@Z              0040b270 f i Maze.obj
 0001:0000a280       ??0?$_Tree_val@V?$_Tset_traits@HU?$less@H@std@@V?$allocator@H@2@$0A@@std@@@std@@IAE@ABU?$less@H@1@V?$allocator@H@1@@Z 0040b280 f i Maze.obj
 0001:0000a2f0       ??0?$allocator@H@std@@QAE@ABV01@@Z 0040b2f0 f i Maze.obj
 0001:0000a310       ?deallocate@?$allocator@U_Node@?$_Tree_nod@V?$_Tset_traits@HU?$less@H@std@@V?$allocator@H@2@$0A@@std@@@std@@@std@@QAEXPAU_Node@?$_Tree_nod@V?$_Tset_traits@HU?$less@H@std@@V?$allocator@H@2@$0A@@std@@@2@I@Z 0040b310 f i Maze.obj
 0001:0000a350       ?destroy@?$allocator@PAU_Node@?$_Tree_nod@V?$_Tset_traits@HU?$less@H@std@@V?$allocator@H@2@$0A@@std@@@std@@@std@@QAEXPAPAU_Node@?$_Tree_nod@V?$_Tset_traits@HU?$less@H@std@@V?$allocator@H@2@$0A@@std@@@2@@Z 0040b350 f i Maze.obj
 0001:0000a390       ??0const_iterator@?$_Tree@V?$_Tset_traits@HU?$less@H@std@@V?$allocator@H@2@$0A@@std@@@std@@QAE@PAU_Node@?$_Tree_nod@V?$_Tset_traits@HU?$less@H@std@@V?$allocator@H@2@$0A@@std@@@2@PBV12@@Z 0040b390 f i Maze.obj
 0001:0000a430       ??Fconst_iterator@?$_Tree@V?$_Tset_traits@HU?$less@H@std@@V?$allocator@H@2@$0A@@std@@@std@@QAEAAV012@XZ 0040b430 f i Maze.obj
 0001:0000a460       ?max_size@?$vector@V?$set@HU?$less@H@std@@V?$allocator@H@2@@std@@V?$allocator@V?$set@HU?$less@H@std@@V?$allocator@H@2@@std@@@2@@std@@QBEIXZ 0040b460 f i Maze.obj
 0001:0000a490       ?_Insert_n@?$vector@V?$set@HU?$less@H@std@@V?$allocator@H@2@@std@@V?$allocator@V?$set@HU?$less@H@std@@V?$allocator@H@2@@std@@@2@@std@@IAEXV?$_Vector_const_iterator@V?$set@HU?$less@H@std@@V?$allocator@H@2@@std@@V?$allocator@V?$set@HU?$less@H@std@@V?$allocator@H@2@@std@@@2@@2@IABV?$set@HU?$less@H@std@@V?$allocator@H@2@@2@@Z 0040b490 f i Maze.obj
 0001:0000aa70       ?_Xlen@?$vector@V?$set@HU?$less@H@std@@V?$allocator@H@2@@std@@V?$allocator@V?$set@HU?$less@H@std@@V?$allocator@H@2@@std@@@2@@std@@KAXXZ 0040ba70 f i Maze.obj
 0001:0000ab20       ??0?$_Container_base_aux_alloc_empty@V?$allocator@V?$set@HU?$less@H@std@@V?$allocator@H@2@@std@@@std@@@std@@IAE@V?$allocator@V?$set@HU?$less@H@std@@V?$allocator@H@2@@std@@@1@@Z 0040bb20 f i Maze.obj
 0001:0000ab60       ??0?$allocator@V?$set@HU?$less@H@std@@V?$allocator@H@2@@std@@@std@@QAE@ABV01@@Z 0040bb60 f i Maze.obj
 0001:0000ab80       ?deallocate@?$allocator@V?$set@HU?$less@H@std@@V?$allocator@H@2@@std@@@std@@QAEXPAV?$set@HU?$less@H@std@@V?$allocator@H@2@@2@I@Z 0040bb80 f i Maze.obj
 0001:0000abc0       ?allocate@?$allocator@V?$set@HU?$less@H@std@@V?$allocator@H@2@@std@@@std@@QAEPAV?$set@HU?$less@H@std@@V?$allocator@H@2@@2@I@Z 0040bbc0 f i Maze.obj
 0001:0000ac00       ?begin@?$vector@Uwall@@V?$allocator@Uwall@@@std@@@std@@QAE?AV?$_Vector_iterator@Uwall@@V?$allocator@Uwall@@@std@@@2@XZ 0040bc00 f i Maze.obj
 0001:0000ac60       ?max_size@?$vector@Uwall@@V?$allocator@Uwall@@@std@@@std@@QBEIXZ 0040bc60 f i Maze.obj
 0001:0000ac90       ?_Destroy@?$vector@Uwall@@V?$allocator@Uwall@@@std@@@std@@IAEXPAUwall@@0@Z 0040bc90 f i Maze.obj
 0001:0000ace0       ?_Insert_n@?$vector@Uwall@@V?$allocator@Uwall@@@std@@@std@@IAEXV?$_Vector_const_iterator@Uwall@@V?$allocator@Uwall@@@std@@@2@IABUwall@@@Z 0040bce0 f i Maze.obj
 0001:0000b280       ?_Xlen@?$vector@Uwall@@V?$allocator@Uwall@@@std@@@std@@KAXXZ 0040c280 f i Maze.obj
 0001:0000b330       ??0?$_Container_base_aux_alloc_empty@V?$allocator@Uwall@@@std@@@std@@IAE@V?$allocator@Uwall@@@1@@Z 0040c330 f i Maze.obj
 0001:0000b370       ??0?$allocator@Uwall@@@std@@QAE@ABV01@@Z 0040c370 f i Maze.obj
 0001:0000b390       ?deallocate@?$allocator@Uwall@@@std@@QAEXPAUwall@@I@Z 0040c390 f i Maze.obj
 0001:0000b3d0       ?allocate@?$allocator@Uwall@@@std@@QAEPAUwall@@I@Z 0040c3d0 f i Maze.obj
 0001:0000b410       ??0?$_Vector_const_iterator@V?$set@HU?$less@H@std@@V?$allocator@H@2@@std@@V?$allocator@V?$set@HU?$less@H@std@@V?$allocator@H@2@@std@@@2@@std@@QAE@PAV?$set@HU?$less@H@std@@V?$allocator@H@2@@1@PBV_Container_base_secure@1@@Z 0040c410 f i Maze.obj
 0001:0000b520       ??Y?$_Vector_const_iterator@V?$set@HU?$less@H@std@@V?$allocator@H@2@@std@@V?$allocator@V?$set@HU?$less@H@std@@V?$allocator@H@2@@std@@@2@@std@@QAEAAV01@H@Z 0040c520 f i Maze.obj
 0001:0000b660       ?_Getmycont@_Iterator_base@std@@QBEPBV_Container_base_secure@2@XZ 0040c660 f i Maze.obj
 0001:0000b680       ?_Has_container@_Iterator_base@std@@QBE_NXZ 0040c680 f i Maze.obj
 0001:0000b6b0       ??G?$_Vector_const_iterator@V?$set@HU?$less@H@std@@V?$allocator@H@2@@std@@V?$allocator@V?$set@HU?$less@H@std@@V?$allocator@H@2@@std@@@2@@std@@QBEHABV01@@Z 0040c6b0 f i Maze.obj
 0001:0000b700       ??0?$_Vector_iterator@Uwall@@V?$allocator@Uwall@@@std@@@std@@QAE@PAUwall@@PBV_Container_base_secure@1@@Z 0040c700 f i Maze.obj
 0001:0000b740       ??H?$_Vector_iterator@Uwall@@V?$allocator@Uwall@@@std@@@std@@QBE?AV01@H@Z 0040c740 f i Maze.obj
 0001:0000b850       ??G?$_Vector_const_iterator@Uwall@@V?$allocator@Uwall@@@std@@@std@@QBEHABV01@@Z 0040c850 f i Maze.obj
 0001:0000b8a0       ??0?$_Bidit@HHPBHABH@std@@QAE@XZ 0040c8a0 f i Maze.obj
 0001:0000b8d0       ??0?$set@HU?$less@H@std@@V?$allocator@H@2@@std@@QAE@ABV01@@Z 0040c8d0 f i Maze.obj
 0001:0000b910       ??0?$_Ranit@V?$set@HU?$less@H@std@@V?$allocator@H@2@@std@@HPBV12@ABV12@@std@@QAE@XZ 0040c910 f i Maze.obj
 0001:0000b940       ??0?$_Vector_iterator@Uwall@@V?$allocator@Uwall@@@std@@@std@@QAE@ABV01@@Z 0040c940 f i Maze.obj
 0001:0000b980       ??0?$_Iterator_with_base@Ubidirectional_iterator_tag@std@@HHPBHABHV_Iterator_base@2@@std@@QAE@XZ 0040c980 f i Maze.obj
 0001:0000b9b0       ??0_Iterator_base@std@@QAE@XZ 0040c9b0 f i Maze.obj
 0001:0000b9f0       ??0?$_Iterator_with_base@Urandom_access_iterator_tag@std@@V?$set@HU?$less@H@std@@V?$allocator@H@2@@2@HPBV32@ABV32@V_Iterator_base@2@@std@@QAE@XZ 0040c9f0 f i Maze.obj
 0001:0000ba20       ??0?$_Tree@V?$_Tset_traits@HU?$less@H@std@@V?$allocator@H@2@$0A@@std@@@std@@QAE@ABV01@@Z 0040ca20 f i Maze.obj
 0001:0000bb30       ?_Make_iter@?$_Tree@V?$_Tset_traits@HU?$less@H@std@@V?$allocator@H@2@$0A@@std@@@std@@QBE?AViterator@12@Vconst_iterator@12@@Z 0040cb30 f i Maze.obj
 0001:0000bc20       ?erase@?$_Tree@V?$_Tset_traits@HU?$less@H@std@@V?$allocator@H@2@$0A@@std@@@std@@QAE?AViterator@12@Vconst_iterator@12@@Z 0040cc20 f i Maze.obj
 0001:0000c640       ?clear@?$_Tree@V?$_Tset_traits@HU?$less@H@std@@V?$allocator@H@2@$0A@@std@@@std@@QAEXXZ 0040d640 f i Maze.obj
 0001:0000c6e0       ?_Buynode@?$_Tree@V?$_Tset_traits@HU?$less@H@std@@V?$allocator@H@2@$0A@@std@@@std@@IAEPAU_Node@?$_Tree_nod@V?$_Tset_traits@HU?$less@H@std@@V?$allocator@H@2@$0A@@std@@@2@XZ 0040d6e0 f i Maze.obj
 0001:0000c8f0       ??0?$_Tree_ptr@V?$_Tset_traits@HU?$less@H@std@@V?$allocator@H@2@$0A@@std@@@std@@QAE@ABU?$less@H@1@V?$allocator@H@1@@Z 0040d8f0 f i Maze.obj
 0001:0000c960       ?max_size@?$allocator@H@std@@QBEIXZ 0040d960 f i Maze.obj
 0001:0000c9c0       ?allocate@?$allocator@U_Node@?$_Tree_nod@V?$_Tset_traits@HU?$less@H@std@@V?$allocator@H@2@$0A@@std@@@std@@@std@@QAEPAU_Node@?$_Tree_nod@V?$_Tset_traits@HU?$less@H@std@@V?$allocator@H@2@$0A@@std@@@2@I@Z 0040d9c0 f i Maze.obj
 0001:0000ca00       ??Econst_iterator@?$_Tree@V?$_Tset_traits@HU?$less@H@std@@V?$allocator@H@2@$0A@@std@@@std@@QAE?AV012@H@Z 0040da00 f i Maze.obj
 0001:0000cb00       ?_Dec@const_iterator@?$_Tree@V?$_Tset_traits@HU?$less@H@std@@V?$allocator@H@2@$0A@@std@@@std@@QAEXXZ 0040db00 f i Maze.obj
 0001:0000cdd0       ?max_size@?$allocator@V?$set@HU?$less@H@std@@V?$allocator@H@2@@std@@@std@@QBEIXZ 0040ddd0 f i Maze.obj
 0001:0000ce30       ?max_size@?$allocator@Uwall@@@std@@QBEIXZ 0040de30 f i Maze.obj
 0001:0000ce90       ?_Compat@?$_Vector_const_iterator@V?$set@HU?$less@H@std@@V?$allocator@H@2@@std@@V?$allocator@V?$set@HU?$less@H@std@@V?$allocator@H@2@@std@@@2@@std@@QBEXABV12@@Z 0040de90 f i Maze.obj
 0001:0000cf40       ??Y?$_Vector_iterator@Uwall@@V?$allocator@Uwall@@@std@@@std@@QAEAAV01@H@Z 0040df40 f i Maze.obj
 0001:0000cf80       ??0?$_Vector_const_iterator@Uwall@@V?$allocator@Uwall@@@std@@@std@@QAE@PAUwall@@PBV_Container_base_secure@1@@Z 0040df80 f i Maze.obj
 0001:0000d090       ?_Compat@?$_Vector_const_iterator@Uwall@@V?$allocator@Uwall@@@std@@@std@@QBEXABV12@@Z 0040e090 f i Maze.obj
 0001:0000d140       ??0_Node@?$_Tree_nod@V?$_Tset_traits@HU?$less@H@std@@V?$allocator@H@2@$0A@@std@@@std@@QAE@PAU012@00ABHD@Z 0040e140 f i Maze.obj
 0001:0000d1a0       ??0?$_Ranit@Uwall@@HPBU1@ABU1@@std@@QAE@XZ 0040e1a0 f i Maze.obj
 0001:0000d1d0       ??0?$_Iterator_with_base@Urandom_access_iterator_tag@std@@Uwall@@HPBU3@ABU3@V_Iterator_base@2@@std@@QAE@XZ 0040e1d0 f i Maze.obj
 0001:0000d200       ?get_allocator@?$_Tree@V?$_Tset_traits@HU?$less@H@std@@V?$allocator@H@2@$0A@@std@@@std@@QBE?AV?$allocator@H@2@XZ 0040e200 f i Maze.obj
 0001:0000d240       ?key_comp@?$_Tree@V?$_Tset_traits@HU?$less@H@std@@V?$allocator@H@2@$0A@@std@@@std@@QBE?AU?$less@H@2@XZ 0040e240 f i Maze.obj
 0001:0000d260       ?_Copy@?$_Tree@V?$_Tset_traits@HU?$less@H@std@@V?$allocator@H@2@$0A@@std@@@std@@IAEXABV12@@Z 0040e260 f i Maze.obj
 0001:0000d370       ?_Erase@?$_Tree@V?$_Tset_traits@HU?$less@H@std@@V?$allocator@H@2@$0A@@std@@@std@@IAEXPAU_Node@?$_Tree_nod@V?$_Tset_traits@HU?$less@H@std@@V?$allocator@H@2@$0A@@std@@@2@@Z 0040e370 f i Maze.obj
 0001:0000d430       ?_Max@?$_Tree@V?$_Tset_traits@HU?$less@H@std@@V?$allocator@H@2@$0A@@std@@@std@@KAPAU_Node@?$_Tree_nod@V?$_Tset_traits@HU?$less@H@std@@V?$allocator@H@2@$0A@@std@@@2@PAU342@@Z 0040e430 f i Maze.obj
 0001:0000d480       ?_Min@?$_Tree@V?$_Tset_traits@HU?$less@H@std@@V?$allocator@H@2@$0A@@std@@@std@@KAPAU_Node@?$_Tree_nod@V?$_Tset_traits@HU?$less@H@std@@V?$allocator@H@2@$0A@@std@@@2@PAU342@@Z 0040e480 f i Maze.obj
 0001:0000d4d0       ?_Orphan_ptr@?$_Tree@V?$_Tset_traits@HU?$less@H@std@@V?$allocator@H@2@$0A@@std@@@std@@IBEXAAV12@PAU_Node@?$_Tree_nod@V?$_Tset_traits@HU?$less@H@std@@V?$allocator@H@2@$0A@@std@@@2@@Z 0040e4d0 f i Maze.obj
 0001:0000d5d0       ??0?$_Tree_nod@V?$_Tset_traits@HU?$less@H@std@@V?$allocator@H@2@$0A@@std@@@std@@IAE@ABU?$less@H@1@V?$allocator@H@1@@Z 0040e5d0 f i Maze.obj
 0001:0000d640       ?destroy@?$allocator@U_Node@?$_Tree_nod@V?$_Tset_traits@HU?$less@H@std@@V?$allocator@H@2@$0A@@std@@@std@@@std@@QAEXPAU_Node@?$_Tree_nod@V?$_Tset_traits@HU?$less@H@std@@V?$allocator@H@2@$0A@@std@@@2@@Z 0040e640 f i Maze.obj
 0001:0000d680       ?construct@?$allocator@PAU_Node@?$_Tree_nod@V?$_Tset_traits@HU?$less@H@std@@V?$allocator@H@2@$0A@@std@@@std@@@std@@QAEXPAPAU_Node@?$_Tree_nod@V?$_Tset_traits@HU?$less@H@std@@V?$allocator@H@2@$0A@@std@@@2@ABQAU342@@Z 0040e680 f i Maze.obj
 0001:0000d6c0       ??Econst_iterator@?$_Tree@V?$_Tset_traits@HU?$less@H@std@@V?$allocator@H@2@$0A@@std@@@std@@QAEAAV012@XZ 0040e6c0 f i Maze.obj
 0001:0000d6f0       ??Y?$_Vector_const_iterator@Uwall@@V?$allocator@Uwall@@@std@@@std@@QAEAAV01@H@Z 0040e6f0 f i Maze.obj
 0001:0000d830       ?size@?$_Tree@V?$_Tset_traits@HU?$less@H@std@@V?$allocator@H@2@$0A@@std@@@std@@QBEIXZ 0040e830 f i Maze.obj
 0001:0000d850       ?_Copy@?$_Tree@V?$_Tset_traits@HU?$less@H@std@@V?$allocator@H@2@$0A@@std@@@std@@IAEPAU_Node@?$_Tree_nod@V?$_Tset_traits@HU?$less@H@std@@V?$allocator@H@2@$0A@@std@@@2@PAU342@0@Z 0040e850 f i Maze.obj
 0001:0000da40       ??0?$_Tset_traits@HU?$less@H@std@@V?$allocator@H@2@$0A@@std@@QAE@U?$less@H@1@V?$allocator@H@1@@Z 0040ea40 f i Maze.obj
 0001:0000daa0       ?_Inc@const_iterator@?$_Tree@V?$_Tset_traits@HU?$less@H@std@@V?$allocator@H@2@$0A@@std@@@std@@QAEXXZ 0040eaa0 f i Maze.obj
 0001:0000dc30       ??0?$_Container_base_aux_alloc_empty@V?$allocator@H@std@@@std@@IAE@V?$allocator@H@1@@Z 0040ec30 f i Maze.obj
 0001:0000dc70       ??$insert@Viterator@?$_Tree@V?$_Tset_traits@HU?$less@H@std@@V?$allocator@H@2@$0A@@std@@@std@@@?$_Tree@V?$_Tset_traits@HU?$less@H@std@@V?$allocator@H@2@$0A@@std@@@std@@QAEXViterator@01@0@Z 0040ec70 f i Maze.obj
 0001:0000ddb0       ??$_Debug_lt_pred@U?$less@H@std@@HH@std@@YA_NU?$less@H@0@ABH1PB_WI@Z 0040edb0 f i Maze.obj
 0001:0000de20       ??$unchecked_copy@PAV?$set@HU?$less@H@std@@V?$allocator@H@2@@std@@PAV12@@stdext@@YAPAV?$set@HU?$less@H@std@@V?$allocator@H@2@@std@@PAV12@00@Z 0040ee20 f i Maze.obj
 0001:0000dec0       ??$_Destroy_range@V?$allocator@V?$set@HU?$less@H@std@@V?$allocator@H@2@@std@@@std@@@std@@YAXPAV?$set@HU?$less@H@std@@V?$allocator@H@2@@0@0AAV?$allocator@V?$set@HU?$less@H@std@@V?$allocator@H@2@@std@@@0@@Z 0040eec0 f i Maze.obj
 0001:0000df20       ??$unchecked_uninitialized_fill_n@PAV?$set@HU?$less@H@std@@V?$allocator@H@2@@std@@IV12@V?$allocator@V?$set@HU?$less@H@std@@V?$allocator@H@2@@std@@@2@@stdext@@YAXPAV?$set@HU?$less@H@std@@V?$allocator@H@2@@std@@IABV12@AAV?$allocator@V?$set@HU?$less@H@std@@V?$allocator@H@2@@std@@@2@@Z 0040ef20 f i Maze.obj
 0001:0000df90       ??$unchecked_uninitialized_fill_n@PAUwall@@IU1@V?$allocator@Uwall@@@std@@@stdext@@YAXPAUwall@@IABU1@AAV?$allocator@Uwall@@@std@@@Z 0040ef90 f i Maze.obj
 0001:0000e000       ??$_Destroy@PAU_Node@?$_Tree_nod@V?$_Tset_traits@HU?$less@H@std@@V?$allocator@H@2@$0A@@std@@@std@@@std@@YAXPAPAU_Node@?$_Tree_nod@V?$_Tset_traits@HU?$less@H@std@@V?$allocator@H@2@$0A@@std@@@0@@Z 0040f000 f i Maze.obj
 0001:0000e010       ??$_Umove@PAV?$set@HU?$less@H@std@@V?$allocator@H@2@@std@@@?$vector@V?$set@HU?$less@H@std@@V?$allocator@H@2@@std@@V?$allocator@V?$set@HU?$less@H@std@@V?$allocator@H@2@@std@@@2@@std@@IAEPAV?$set@HU?$less@H@std@@V?$allocator@H@2@@1@PAV21@00@Z 0040f010 f i Maze.obj
 0001:0000e060       ??$fill@PAV?$set@HU?$less@H@std@@V?$allocator@H@2@@std@@V12@@std@@YAXPAV?$set@HU?$less@H@std@@V?$allocator@H@2@@0@0ABV10@@Z 0040f060 f i Maze.obj
 0001:0000e0a0       ??$_Unchecked_move_backward@PAV?$set@HU?$less@H@std@@V?$allocator@H@2@@std@@PAV12@@stdext@@YAPAV?$set@HU?$less@H@std@@V?$allocator@H@2@@std@@PAV12@00@Z 0040f0a0 f i Maze.obj
 0001:0000e140       ??$_Allocate@V?$set@HU?$less@H@std@@V?$allocator@H@2@@std@@@std@@YAPAV?$set@HU?$less@H@std@@V?$allocator@H@2@@0@IPAV10@@Z 0040f140 f i Maze.obj
 0001:0000e1d0       ??$_Destroy_range@V?$allocator@Uwall@@@std@@@std@@YAXPAUwall@@0AAV?$allocator@Uwall@@@0@@Z 0040f1d0 f i Maze.obj
 0001:0000e230       ??$_Umove@PAUwall@@@?$vector@Uwall@@V?$allocator@Uwall@@@std@@@std@@IAEPAUwall@@PAU2@00@Z 0040f230 f i Maze.obj
 0001:0000e280       ??$fill@PAUwall@@U1@@std@@YAXPAUwall@@0ABU1@@Z 0040f280 f i Maze.obj
 0001:0000e2c0       ??$_Unchecked_move_backward@PAUwall@@PAU1@@stdext@@YAPAUwall@@PAU1@00@Z 0040f2c0 f i Maze.obj
 0001:0000e360       ??$_Allocate@Uwall@@@std@@YAPAUwall@@IPAU1@@Z 0040f360 f i Maze.obj
 0001:0000e3f0       ??$swap@D@std@@YAXAAD0@Z   0040f3f0 f i Maze.obj
 0001:0000e430       ??$?0H@?$allocator@PAU_Node@?$_Tree_nod@V?$_Tset_traits@HU?$less@H@std@@V?$allocator@H@2@$0A@@std@@@std@@@std@@QAE@ABV?$allocator@H@1@@Z 0040f430 f i Maze.obj
 0001:0000e450       ??$_Allocate@U_Node@?$_Tree_nod@V?$_Tset_traits@HU?$less@H@std@@V?$allocator@H@2@$0A@@std@@@std@@@std@@YAPAU_Node@?$_Tree_nod@V?$_Tset_traits@HU?$less@H@std@@V?$allocator@H@2@$0A@@std@@@0@IPAU120@@Z 0040f450 f i Maze.obj
 0001:0000e4e0       ??$?0H@?$allocator@U_Node@?$_Tree_nod@V?$_Tset_traits@HU?$less@H@std@@V?$allocator@H@2@$0A@@std@@@std@@@std@@QAE@ABV?$allocator@H@1@@Z 0040f4e0 f i Maze.obj
 0001:0000e500       ??$_Destroy@U_Node@?$_Tree_nod@V?$_Tset_traits@HU?$less@H@std@@V?$allocator@H@2@$0A@@std@@@std@@@std@@YAXPAU_Node@?$_Tree_nod@V?$_Tset_traits@HU?$less@H@std@@V?$allocator@H@2@$0A@@std@@@0@@Z 0040f500 f i Maze.obj
 0001:0000e510       ??$_Construct@PAU_Node@?$_Tree_nod@V?$_Tset_traits@HU?$less@H@std@@V?$allocator@H@2@$0A@@std@@@std@@PAU123@@std@@YAXPAPAU_Node@?$_Tree_nod@V?$_Tset_traits@HU?$less@H@std@@V?$allocator@H@2@$0A@@std@@@0@ABQAU120@@Z 0040f510 f i Maze.obj
 0001:0000e590       ??R?$less@H@std@@QBE_NABH0@Z 0040f590 f i Maze.obj
 0001:0000e5c0       ??Diterator@?$_Tree@V?$_Tset_traits@HU?$less@H@std@@V?$allocator@H@2@$0A@@std@@@std@@QBEAAHXZ 0040f5c0 f i Maze.obj
 0001:0000e5f0       ??Eiterator@?$_Tree@V?$_Tset_traits@HU?$less@H@std@@V?$allocator@H@2@$0A@@std@@@std@@QAEAAV012@XZ 0040f5f0 f i Maze.obj
 0001:0000e620       ??Dconst_iterator@?$_Tree@V?$_Tset_traits@HU?$less@H@std@@V?$allocator@H@2@$0A@@std@@@std@@QBEABHXZ 0040f620 f i Maze.obj
 0001:0000e6f0       ??$_Debug_range@Viterator@?$_Tree@V?$_Tset_traits@HU?$less@H@std@@V?$allocator@H@2@$0A@@std@@@std@@@std@@YAXViterator@?$_Tree@V?$_Tset_traits@HU?$less@H@std@@V?$allocator@H@2@$0A@@std@@@0@0PB_WI@Z 0040f6f0 f i Maze.obj
 0001:0000e800       ??$_Checked_base@PAV?$set@HU?$less@H@std@@V?$allocator@H@2@@std@@@std@@YAPAV?$set@HU?$less@H@std@@V?$allocator@H@2@@0@AAPAV10@@Z 0040f800 f i Maze.obj
 0001:0000e890       ??$_Iter_random@PAV?$set@HU?$less@H@std@@V?$allocator@H@2@@std@@PAV12@@std@@YA?AUrandom_access_iterator_tag@0@ABQAV?$set@HU?$less@H@std@@V?$allocator@H@2@@0@0@Z 0040f890 f i Maze.obj
 0001:0000e8f0       ??$_Ptr_cat@PAV?$set@HU?$less@H@std@@V?$allocator@H@2@@std@@PAV12@@std@@YA?AU_Nonscalar_ptr_iterator_tag@0@AAPAV?$set@HU?$less@H@std@@V?$allocator@H@2@@0@0@Z 0040f8f0 f i Maze.obj
 0001:0000e950       ??$_Copy_opt@PAV?$set@HU?$less@H@std@@V?$allocator@H@2@@std@@PAV12@@std@@YAPAV?$set@HU?$less@H@std@@V?$allocator@H@2@@0@PAV10@00Urandom_access_iterator_tag@0@U_Nonscalar_ptr_iterator_tag@0@U_Range_checked_iterator_tag@0@@Z 0040f950 f i Maze.obj
 0001:0000e9e0       ??$_Destroy_range@V?$allocator@V?$set@HU?$less@H@std@@V?$allocator@H@2@@std@@@std@@@std@@YAXPAV?$set@HU?$less@H@std@@V?$allocator@H@2@@0@0AAV?$allocator@V?$set@HU?$less@H@std@@V?$allocator@H@2@@std@@@0@U_Nonscalar_ptr_iterator_tag@0@@Z 0040f9e0 f i Maze.obj
 0001:0000ea20       ??$_Uninit_fill_n@PAV?$set@HU?$less@H@std@@V?$allocator@H@2@@std@@IV12@V?$allocator@V?$set@HU?$less@H@std@@V?$allocator@H@2@@std@@@2@@std@@YAXPAV?$set@HU?$less@H@std@@V?$allocator@H@2@@0@IABV10@AAV?$allocator@V?$set@HU?$less@H@std@@V?$allocator@H@2@@std@@@0@U_Nonscalar_ptr_iterator_tag@0@U_Range_checked_iterator_tag@0@@Z 0040fa20 f i Maze.obj
 0001:0000eb20       ??$_Ptr_cat@PAUwall@@PAU1@@std@@YA?AU_Nonscalar_ptr_iterator_tag@0@AAPAUwall@@0@Z 0040fb20 f i Maze.obj
 0001:0000eb80       ??$_Uninit_fill_n@PAUwall@@IU1@V?$allocator@Uwall@@@std@@@std@@YAXPAUwall@@IABU1@AAV?$allocator@Uwall@@@0@U_Nonscalar_ptr_iterator_tag@0@U_Range_checked_iterator_tag@0@@Z 0040fb80 f i Maze.obj
 0001:0000ec80       ??$_Unchecked_uninitialized_move@PAV?$set@HU?$less@H@std@@V?$allocator@H@2@@std@@PAV12@V?$allocator@V?$set@HU?$less@H@std@@V?$allocator@H@2@@std@@@2@@stdext@@YAPAV?$set@HU?$less@H@std@@V?$allocator@H@2@@std@@PAV12@00AAV?$allocator@V?$set@HU?$less@H@std@@V?$allocator@H@2@@std@@@2@@Z 0040fc80 f i Maze.obj
 0001:0000ed00       ??$_Fill@PAV?$set@HU?$less@H@std@@V?$allocator@H@2@@std@@V12@@std@@YAXPAV?$set@HU?$less@H@std@@V?$allocator@H@2@@0@0ABV10@@Z 0040fd00 f i Maze.obj
 0001:0000ed60       ??$_Move_cat@PAV?$set@HU?$less@H@std@@V?$allocator@H@2@@std@@@std@@YA?AU_Swap_move_tag@0@ABQAV?$set@HU?$less@H@std@@V?$allocator@H@2@@0@@Z 0040fd60 f i Maze.obj
 0001:0000edc0       ??$_Move_backward_opt@PAV?$set@HU?$less@H@std@@V?$allocator@H@2@@std@@PAV12@@std@@YAPAV?$set@HU?$less@H@std@@V?$allocator@H@2@@0@PAV10@00Urandom_access_iterator_tag@0@U_Swap_move_tag@0@U_Range_checked_iterator_tag@0@@Z 0040fdc0 f i Maze.obj
 0001:0000ee50       ??$_Destroy_range@V?$allocator@Uwall@@@std@@@std@@YAXPAUwall@@0AAV?$allocator@Uwall@@@0@U_Nonscalar_ptr_iterator_tag@0@@Z 0040fe50 f i Maze.obj
 0001:0000ee90       ??$_Unchecked_uninitialized_move@PAUwall@@PAU1@V?$allocator@Uwall@@@std@@@stdext@@YAPAUwall@@PAU1@00AAV?$allocator@Uwall@@@std@@@Z 0040fe90 f i Maze.obj
 0001:0000ef10       ??$_Checked_base@PAUwall@@@std@@YAPAUwall@@AAPAU1@@Z 0040ff10 f i Maze.obj
 0001:0000efa0       ??$_Fill@PAUwall@@U1@@std@@YAXPAUwall@@0ABU1@@Z 0040ffa0 f i Maze.obj
 0001:0000f000       ??$_Iter_random@PAUwall@@PAU1@@std@@YA?AUrandom_access_iterator_tag@0@ABQAUwall@@0@Z 00410000 f i Maze.obj
 0001:0000f060       ??$_Move_cat@PAUwall@@@std@@YA?AU_Undefined_move_tag@0@ABQAUwall@@@Z 00410060 f i Maze.obj
 0001:0000f0c0       ??$_Move_backward_opt@PAUwall@@PAU1@Urandom_access_iterator_tag@std@@U_Undefined_move_tag@3@@std@@YAPAUwall@@PAU1@00Urandom_access_iterator_tag@0@U_Undefined_move_tag@0@U_Range_checked_iterator_tag@0@@Z 004100c0 f i Maze.obj
 0001:0000f130       ??4?$set@HU?$less@H@std@@V?$allocator@H@2@@std@@QAEAAV01@ABV01@@Z 00410130 f i Maze.obj
 0001:0000f170       ??4?$_Tree@V?$_Tset_traits@HU?$less@H@std@@V?$allocator@H@2@$0A@@std@@@std@@QAEAAV01@ABV01@@Z 00410170 f i Maze.obj
 0001:0000f2d0       ?construct@?$allocator@V?$set@HU?$less@H@std@@V?$allocator@H@2@@std@@@std@@QAEXPAV?$set@HU?$less@H@std@@V?$allocator@H@2@@2@ABV32@@Z 004102d0 f i Maze.obj
 0001:0000f310       ?destroy@?$allocator@V?$set@HU?$less@H@std@@V?$allocator@H@2@@std@@@std@@QAEXPAV?$set@HU?$less@H@std@@V?$allocator@H@2@@2@@Z 00410310 f i Maze.obj
 0001:0000f350       ?construct@?$allocator@Uwall@@@std@@QAEXPAUwall@@ABU3@@Z 00410350 f i Maze.obj
 0001:0000f390       ?destroy@?$allocator@Uwall@@@std@@QAEXPAUwall@@@Z 00410390 f i Maze.obj
 0001:0000f3d0       ??$_Iter_cat@Viterator@?$_Tree@V?$_Tset_traits@HU?$less@H@std@@V?$allocator@H@2@$0A@@std@@@std@@@std@@YA?AUbidirectional_iterator_tag@0@ABViterator@?$_Tree@V?$_Tset_traits@HU?$less@H@std@@V?$allocator@H@2@$0A@@std@@@0@@Z 004103d0 f i Maze.obj
 0001:0000f430       ??$_Debug_range2@Viterator@?$_Tree@V?$_Tset_traits@HU?$less@H@std@@V?$allocator@H@2@$0A@@std@@@std@@@std@@YAXViterator@?$_Tree@V?$_Tset_traits@HU?$less@H@std@@V?$allocator@H@2@$0A@@std@@@0@0PB_WIUinput_iterator_tag@0@@Z 00410430 f i Maze.obj
 0001:0000f4a0       ??$_Checked_base@PAV?$set@HU?$less@H@std@@V?$allocator@H@2@@std@@@std@@YAPAV?$set@HU?$less@H@std@@V?$allocator@H@2@@0@AAPAV10@U_Unchanged_checked_iterator_base_type_tag@0@@Z 004104a0 f i Maze.obj
 0001:0000f4b0       ??$_Copy_opt@PAV?$set@HU?$less@H@std@@V?$allocator@H@2@@std@@PAV12@Uforward_iterator_tag@2@@std@@YAPAV?$set@HU?$less@H@std@@V?$allocator@H@2@@0@PAV10@00Uforward_iterator_tag@0@U_Nonscalar_ptr_iterator_tag@0@U_Range_checked_iterator_tag@0@@Z 004104b0 f i Maze.obj
 0001:0000f520       ??$_Uninit_move@PAV?$set@HU?$less@H@std@@V?$allocator@H@2@@std@@PAV12@V?$allocator@V?$set@HU?$less@H@std@@V?$allocator@H@2@@std@@@2@@std@@YAPAV?$set@HU?$less@H@std@@V?$allocator@H@2@@0@PAV10@00AAV?$allocator@V?$set@HU?$less@H@std@@V?$allocator@H@2@@std@@@0@U_Swap_move_tag@0@U_Range_checked_iterator_tag@0@@Z 00410520 f i Maze.obj
 0001:0000f6e0       ??$_Debug_range@PAV?$set@HU?$less@H@std@@V?$allocator@H@2@@std@@@std@@YAXPAV?$set@HU?$less@H@std@@V?$allocator@H@2@@0@0PB_WI@Z 004106e0 f i Maze.obj
 0001:0000f740       ??$_Move_backward_opt@PAV?$set@HU?$less@H@std@@V?$allocator@H@2@@std@@PAV12@Uforward_iterator_tag@2@@std@@YAPAV?$set@HU?$less@H@std@@V?$allocator@H@2@@0@PAV10@00Uforward_iterator_tag@0@U_Swap_move_tag@0@U_Range_checked_iterator_tag@0@@Z 00410740 f i Maze.obj
 0001:0000f7b0       ??$_Uninit_move@PAUwall@@PAU1@V?$allocator@Uwall@@@std@@U_Undefined_move_tag@3@@std@@YAPAUwall@@PAU1@00AAV?$allocator@Uwall@@@0@U_Undefined_move_tag@0@U_Range_checked_iterator_tag@0@@Z 004107b0 f i Maze.obj
 0001:0000f7e0       ??$_Checked_base@PAUwall@@@std@@YAPAUwall@@AAPAU1@U_Unchanged_checked_iterator_base_type_tag@0@@Z 004107e0 f i Maze.obj
 0001:0000f7f0       ??$_Debug_range@PAUwall@@@std@@YAXPAUwall@@0PB_WI@Z 004107f0 f i Maze.obj
 0001:0000f850       ??$_Copy_backward_opt@PAUwall@@PAU1@@std@@YAPAUwall@@PAU1@00Urandom_access_iterator_tag@0@U_Nonscalar_ptr_iterator_tag@0@U_Range_checked_iterator_tag@0@@Z 00410850 f i Maze.obj
 0001:0000f8e0       ??$_Construct@V?$set@HU?$less@H@std@@V?$allocator@H@2@@std@@V12@@std@@YAXPAV?$set@HU?$less@H@std@@V?$allocator@H@2@@0@ABV10@@Z 004108e0 f i Maze.obj
 0001:0000f9a0       ??$_Destroy@V?$set@HU?$less@H@std@@V?$allocator@H@2@@std@@@std@@YAXPAV?$set@HU?$less@H@std@@V?$allocator@H@2@@0@@Z 004109a0 f i Maze.obj
 0001:0000f9c0       ??$_Construct@Uwall@@U1@@std@@YAXPAUwall@@ABU1@@Z 004109c0 f i Maze.obj
 0001:0000fa40       ??$_Destroy@Uwall@@@std@@YAXPAUwall@@@Z 00410a40 f i Maze.obj
 0001:0000fa50       ??_G?$set@HU?$less@H@std@@V?$allocator@H@2@@std@@QAEPAXI@Z 00410a50 f i Maze.obj
 0001:0000faa0       ??$_Debug_pointer@V?$set@HU?$less@H@std@@V?$allocator@H@2@@std@@@std@@YAXPAV?$set@HU?$less@H@std@@V?$allocator@H@2@@0@PB_WI@Z 00410aa0 f i Maze.obj
 0001:0000fad0       ??$_Swap_adl@V?$set@HU?$less@H@std@@V?$allocator@H@2@@std@@@std@@YAXAAV?$set@HU?$less@H@std@@V?$allocator@H@2@@0@0@Z 00410ad0 f i Maze.obj
 0001:0000fb00       ??$_Iter_cat@PAV?$set@HU?$less@H@std@@V?$allocator@H@2@@std@@@std@@YA?AUrandom_access_iterator_tag@0@ABQAV?$set@HU?$less@H@std@@V?$allocator@H@2@@0@@Z 00410b00 f i Maze.obj
 0001:0000fb60       ??$_Debug_range2@PAV?$set@HU?$less@H@std@@V?$allocator@H@2@@std@@@std@@YAXPAV?$set@HU?$less@H@std@@V?$allocator@H@2@@0@0PB_WIUrandom_access_iterator_tag@0@@Z 00410b60 f i Maze.obj
 0001:0000fbd0       ??$unchecked_uninitialized_copy@PAUwall@@PAU1@V?$allocator@Uwall@@@std@@@stdext@@YAPAUwall@@PAU1@00AAV?$allocator@Uwall@@@std@@@Z 00410bd0 f i Maze.obj
 0001:0000fc50       ??$_Iter_cat@PAUwall@@@std@@YA?AUrandom_access_iterator_tag@0@ABQAUwall@@@Z 00410c50 f i Maze.obj
 0001:0000fcb0       ??$_Debug_range2@PAUwall@@@std@@YAXPAUwall@@0PB_WIUrandom_access_iterator_tag@0@@Z 00410cb0 f i Maze.obj
 0001:0000fd20       ??$_Copy_backward_opt@PAUwall@@PAU1@Uforward_iterator_tag@std@@@std@@YAPAUwall@@PAU1@00Uforward_iterator_tag@0@U_Nonscalar_ptr_iterator_tag@0@U_Range_checked_iterator_tag@0@@Z 00410d20 f i Maze.obj
 0001:0000fd90       ??$swap@HU?$less@H@std@@V?$allocator@H@2@@std@@YAXAAV?$set@HU?$less@H@std@@V?$allocator@H@2@@0@0@Z 00410d90 f i Maze.obj
 0001:0000fdb0       ??$_Uninit_copy@PAUwall@@PAU1@V?$allocator@Uwall@@@std@@@std@@YAPAUwall@@PAU1@00AAV?$allocator@Uwall@@@0@U_Nonscalar_ptr_iterator_tag@0@U_Range_checked_iterator_tag@0@@Z 00410db0 f i Maze.obj
 0001:0000fef0       ??$_Debug_pointer@Uwall@@@std@@YAXPAUwall@@PB_WI@Z 00410ef0 f i Maze.obj
 0001:0000ff20       ?swap@?$_Tree@V?$_Tset_traits@HU?$less@H@std@@V?$allocator@H@2@$0A@@std@@@std@@QAEXAAV12@@Z 00410f20 f i Maze.obj
 0001:000100d0       ?_Swap_aux@_Container_base_secure@std@@QAEXAAV12@@Z 004110d0 f i Maze.obj
 0001:000100f0       ?_Swap_all@_Container_base_secure@std@@QBEXAAV12@@Z 004110f0 f i Maze.obj
 0001:00010210       ??$?8HH@std@@YA_NABV?$allocator@H@0@0@Z 00411210 f i Maze.obj
 0001:00010220       ??$_Swap_adl@U?$less@H@std@@@std@@YAXAAU?$less@H@0@0@Z 00411220 f i Maze.obj
 0001:00010250       ??$swap@PAU_Node@?$_Tree_nod@V?$_Tset_traits@HU?$less@H@std@@V?$allocator@H@2@$0A@@std@@@std@@@std@@YAXAAPAU_Node@?$_Tree_nod@V?$_Tset_traits@HU?$less@H@std@@V?$allocator@H@2@$0A@@std@@@0@0@Z 00411250 f i Maze.obj
 0001:00010290       ??$swap@I@std@@YAXAAI0@Z   00411290 f i Maze.obj
 0001:000102d0       ??$swap@U?$less@H@std@@@std@@YAXAAU?$less@H@0@0@Z 004112d0 f i Maze.obj
 0001:0001032c       _Direct3DCreate9@4         0041132c f   d3d9:d3d9.dll
 0001:00010332       _D3DXVec3TransformNormal@12 00411332 f   d3dx9:d3dx9_43.dll
 0001:00010338       _D3DXMatrixMultiply@12     00411338 f   d3dx9:d3dx9_43.dll
 0001:0001033e       _D3DXMatrixRotationY@8     0041133e f   d3dx9:d3dx9_43.dll
 0001:00010344       _D3DXMatrixRotationX@8     00411344 f   d3dx9:d3dx9_43.dll
 0001:0001034a       _D3DXMatrixInverse@12      0041134a f   d3dx9:d3dx9_43.dll
 0001:00010350       _D3DXMatrixPerspectiveFovRH@20 00411350 f   d3dx9:d3dx9_43.dll
 0001:00010356       _D3DXMatrixLookAtRH@16     00411356 f   d3dx9:d3dx9_43.dll
 0001:0001035c       _D3DXGetVertexShaderProfile@4 0041135c f   d3dx9:d3dx9_43.dll
 0001:00010362       _D3DXCompileShader@40      00411362 f   d3dx9:d3dx9_43.dll
 0001:00010368       _D3DXGetPixelShaderProfile@4 00411368 f   d3dx9:d3dx9_43.dll
 0001:0001036e       _DirectInput8Create@20     0041136e f   dinput8:DINPUT8.dll
 0001:00010374       _OutputDebugStringA@4      00411374 f   kernel32:KERNEL32.dll
 0001:0001037a       _GetTickCount@0            0041137a f   kernel32:KERNEL32.dll
 0001:00010380       _GetModuleHandleA@4        00411380 f   kernel32:KERNEL32.dll
 0001:00010386       _DebugBreak@0              00411386 f   kernel32:KERNEL32.dll
 0001:0001038c       _GetCursorPos@4            0041138c f   user32:USER32.dll
 0001:00010392       _DispatchMessageA@4        00411392 f   user32:USER32.dll
 0001:00010398       _TranslateMessage@4        00411398 f   user32:USER32.dll
 0001:0001039e       _PeekMessageA@20           0041139e f   user32:USER32.dll
 0001:000103a4       _ShowCursor@4              004113a4 f   user32:USER32.dll
 0001:000103aa       _MessageBoxA@16            004113aa f   user32:USER32.dll
 0001:000103b0       _ChangeDisplaySettingsA@8  004113b0 f   user32:USER32.dll
 0001:000103b6       _UnregisterClassA@8        004113b6 f   user32:USER32.dll
 0001:000103bc       _DestroyWindow@4           004113bc f   user32:USER32.dll
 0001:000103c2       _ReleaseDC@8               004113c2 f   user32:USER32.dll
 0001:000103c8       _GetDC@4                   004113c8 f   user32:USER32.dll
 0001:000103ce       _CreateWindowExA@48        004113ce f   user32:USER32.dll
 0001:000103d4       _GetSystemMetrics@4        004113d4 f   user32:USER32.dll
 0001:000103da       _AdjustWindowRect@12       004113da f   user32:USER32.dll
 0001:000103e0       _RegisterClassA@4          004113e0 f   user32:USER32.dll
 0001:000103e6       _DefWindowProcA@16         004113e6 f   user32:USER32.dll
 0001:000103ec       _PostQuitMessage@4         004113ec f   user32:USER32.dll
 0001:000103f2       _SetWindowTextA@8          004113f2 f   user32:USER32.dll
 0001:000103f8       _CreateSolidBrush@4        004113f8 f   gdi32:GDI32.dll
 0001:00010400       _memset                    00411400 f   LIBCMTD:memset.obj
 0001:00010480       __fpmath                   00411480 f   LIBCMTD:_fpinit_.obj
 0001:000104b0       __fpclear                  004114b0 f   LIBCMTD:_fpinit_.obj
 0001:000104c0       __cfltcvt_init             004114c0 f   LIBCMTD:_fpinit_.obj
 0001:00010530       ___setfflag                00411530 f   LIBCMTD:_fpinit_.obj
 0001:00010550       __RTC_CheckEsp             00411550 f   LIBCMTD:_stack_.obj
 0001:00010580       @_RTC_CheckStackVars@8     00411580 f   LIBCMTD:_stack_.obj
 0001:000105e0       @_RTC_AllocaHelper@12      004115e0 f   LIBCMTD:_stack_.obj
 0001:00010620       @_RTC_CheckStackVars2@12   00411620 f   LIBCMTD:_stack_.obj
 0001:00010700       __RTC_InitBase             00411700 f   LIBCMTD:_init_.obj
 0001:00010730       __RTC_Shutdown             00411730 f   LIBCMTD:_init_.obj
 0001:00010750       _memcpy                    00411750 f   LIBCMTD:memcpy.obj
 0001:00010ac0       __itoa                     00411ac0 f   LIBCMTD:xtoa.obj
 0001:00010bd0       __ltoa                     00411bd0 f   LIBCMTD:xtoa.obj
 0001:00010c10       __ultoa                    00411c10 f   LIBCMTD:xtoa.obj
 0001:00010c30       __i64toa                   00411c30 f   LIBCMTD:xtoa.obj
 0001:00010d80       __ui64toa                  00411d80 f   LIBCMTD:xtoa.obj
 0001:00010da0       ?_JumpToContinuation@@YGXPAXPAUEHRegistrationNode@@@Z 00411da0 f   LIBCMTD:_trnsctrl_.obj
 0001:00010de0       ?_CallMemberFunction0@@YGXPAX0@Z 00411de0 f   LIBCMTD:_trnsctrl_.obj
 0001:00010df0       ?_CallMemberFunction1@@YGXPAX00@Z 00411df0 f   LIBCMTD:_trnsctrl_.obj
 0001:00010e00       ?_CallMemberFunction2@@YGXPAX00H@Z 00411e00 f   LIBCMTD:_trnsctrl_.obj
 0001:00010e10       ?_UnwindNestedFrames@@YGXPAUEHRegistrationNode@@PAUEHExceptionRecord@@@Z 00411e10 f   LIBCMTD:_trnsctrl_.obj
 0001:00010e70       ___CxxFrameHandler         00411e70 f   LIBCMTD:_trnsctrl_.obj
 0001:00010eb0       ___CxxFrameHandler3        00411eb0 f   LIBCMTD:_trnsctrl_.obj
 0001:00010ef0       ___CxxFrameHandler2        00411ef0 f   LIBCMTD:_trnsctrl_.obj
 0001:00010f30       ___CxxLongjmpUnwind@4      00411f30 f   LIBCMTD:_trnsctrl_.obj
 0001:00010f60       ?_CallCatchBlock2@@YAPAXPAUEHRegistrationNode@@PBU_s_FuncInfo@@PAXHK@Z 00411f60 f   LIBCMTD:_trnsctrl_.obj
 0001:00011020       ?_CallSETranslator@@YAHPAUEHExceptionRecord@@PAUEHRegistrationNode@@PAX2PBU_s_FuncInfo@@H1@Z 00412020 f   LIBCMTD:_trnsctrl_.obj
 0001:000111c0       ?_GetRangeOfTrysToCheck@@YAPBU_s_TryBlockMapEntry@@PBU_s_FuncInfo@@HHPAI1@Z 004121c0 f   LIBCMTD:_trnsctrl_.obj
 0001:00011240       __CreateFrameInfo          00412240 f   LIBCMTD:_trnsctrl_.obj
 0001:00011270       __IsExceptionObjectToBeDestroyed 00412270 f   LIBCMTD:_trnsctrl_.obj
 0001:000112a0       __FindAndUnlinkFrame       004122a0 f   LIBCMTD:_trnsctrl_.obj
 0001:00011300       @__security_check_cookie@4 00412300 f   LIBCMTD:secchk.obj
 0001:00011310       ??3@YAXPAX@Z               00412310 f   LIBCMTD:dbgdel.obj
 0001:00011400       ??2@YAPAXI@Z               00412400 f   LIBCMTD:new.obj
 0001:00011480       ??0bad_alloc@std@@QAE@XZ   00412480 f i LIBCMTD:new.obj
 0001:000114b0       _sprintf                   004124b0 f   LIBCMTD:sprintf.obj
 0001:00011630       __sprintf_l                00412630 f   LIBCMTD:sprintf.obj
 0001:00011660       _sprintf_s                 00412660 f   LIBCMTD:sprintf.obj
 0001:00011690       __sprintf_s_l              00412690 f   LIBCMTD:sprintf.obj
 0001:000116c0       __snprintf_s               004126c0 f   LIBCMTD:sprintf.obj
 0001:000116f0       __snprintf_s_l             004126f0 f   LIBCMTD:sprintf.obj
 0001:00011720       __sprintf_p                00412720 f   LIBCMTD:sprintf.obj
 0001:00011750       __sprintf_p_l              00412750 f   LIBCMTD:sprintf.obj
 0001:00011780       __scprintf                 00412780 f   LIBCMTD:sprintf.obj
 0001:000117a0       __scprintf_p               004127a0 f   LIBCMTD:sprintf.obj
 0001:000117c0       __scprintf_l               004127c0 f   LIBCMTD:sprintf.obj
 0001:000117f0       __scprintf_p_l             004127f0 f   LIBCMTD:sprintf.obj
 0001:00011820       __CxxThrowException@8      00412820 f   LIBCMTD:throw.obj
 0001:00011880       ?name@type_info@@QBEPBDPAU__type_info_node@@@Z 00412880 f   LIBCMTD:typinfo.obj
 0001:000118a0       ??1type_info@@UAE@XZ       004128a0 f   LIBCMTD:typinfo.obj
 0001:000118d0       ??_Gtype_info@@UAEPAXI@Z   004128d0 f i LIBCMTD:typinfo.obj
 0001:000118d0       ??_Etype_info@@UAEPAXI@Z   004128d0 f i LIBCMTD:typinfo.obj
 0001:00011900       ?_name_internal_method@type_info@@QBEPBDPAU__type_info_node@@@Z 00412900 f   LIBCMTD:typinfo.obj
 0001:00011920       ?_type_info_dtor_internal_method@type_info@@QAEXXZ 00412920 f   LIBCMTD:typinfo.obj
 0001:00011940       ??8type_info@@QBE_NABV0@@Z 00412940 f   LIBCMTD:typinfo.obj
 0001:00011970       ??9type_info@@QBE_NABV0@@Z 00412970 f   LIBCMTD:typinfo.obj
 0001:000119a0       ?before@type_info@@QBEHABV1@@Z 004129a0 f   LIBCMTD:typinfo.obj
 0001:000119d0       ?raw_name@type_info@@QBEPBDXZ 004129d0 f   LIBCMTD:typinfo.obj
 0001:000119f0       ??0type_info@@AAE@ABV0@@Z  004129f0 f   LIBCMTD:typinfo.obj
 0001:00011a10       ??4type_info@@AAEAAV0@ABV0@@Z 00412a10 f   LIBCMTD:typinfo.obj
 0001:00011a30       ??0exception@std@@QAE@XZ   00412a30 f   LIBCMTD:stdexcpt.obj
 0001:00011a60       ??_Gexception@std@@UAEPAXI@Z 00412a60 f i LIBCMTD:stdexcpt.obj
 0001:00011a60       ??_Eexception@std@@UAEPAXI@Z 00412a60 f i LIBCMTD:stdexcpt.obj
 0001:00011a90       ??0exception@std@@QAE@ABQBD@Z 00412a90 f   LIBCMTD:stdexcpt.obj
 0001:00011b20       ??0exception@std@@QAE@ABQBDH@Z 00412b20 f   LIBCMTD:stdexcpt.obj
 0001:00011b50       ??0exception@std@@QAE@ABV01@@Z 00412b50 f   LIBCMTD:stdexcpt.obj
 0001:00011bf0       ??4exception@std@@QAEAAV01@ABV01@@Z 00412bf0 f   LIBCMTD:stdexcpt.obj
 0001:00011ca0       ??1exception@std@@UAE@XZ   00412ca0 f   LIBCMTD:stdexcpt.obj
 0001:00011cd0       ?what@exception@std@@UBEPBDXZ 00412cd0 f   LIBCMTD:stdexcpt.obj
 0001:00011d00       ??0bad_cast@std@@QAE@PBD@Z 00412d00 f   LIBCMTD:stdexcpt.obj
 0001:00011d30       ??_Gbad_cast@std@@UAEPAXI@Z 00412d30 f i LIBCMTD:stdexcpt.obj
 0001:00011d30       ??_Ebad_cast@std@@UAEPAXI@Z 00412d30 f i LIBCMTD:stdexcpt.obj
 0001:00011d60       ??0bad_cast@std@@QAE@ABV01@@Z 00412d60 f   LIBCMTD:stdexcpt.obj
 0001:00011d90       ??1bad_cast@std@@UAE@XZ    00412d90 f   LIBCMTD:stdexcpt.obj
 0001:00011db0       ??0bad_typeid@std@@QAE@PBD@Z 00412db0 f   LIBCMTD:stdexcpt.obj
 0001:00011de0       ??_Ebad_typeid@std@@UAEPAXI@Z 00412de0 f i LIBCMTD:stdexcpt.obj
 0001:00011de0       ??_Gbad_typeid@std@@UAEPAXI@Z 00412de0 f i LIBCMTD:stdexcpt.obj
 0001:00011e10       ??0bad_typeid@std@@QAE@ABV01@@Z 00412e10 f   LIBCMTD:stdexcpt.obj
 0001:00011e40       ??1bad_typeid@std@@UAE@XZ  00412e40 f   LIBCMTD:stdexcpt.obj
 0001:00011e60       ??0__non_rtti_object@std@@QAE@PBD@Z 00412e60 f   LIBCMTD:stdexcpt.obj
 0001:00011e90       ??_G__non_rtti_object@std@@UAEPAXI@Z 00412e90 f i LIBCMTD:stdexcpt.obj
 0001:00011e90       ??_E__non_rtti_object@std@@UAEPAXI@Z 00412e90 f i LIBCMTD:stdexcpt.obj
 0001:00011ec0       ??0__non_rtti_object@std@@QAE@ABV01@@Z 00412ec0 f   LIBCMTD:stdexcpt.obj
 0001:00011ef0       ??1__non_rtti_object@std@@UAE@XZ 00412ef0 f   LIBCMTD:stdexcpt.obj
 0001:00011f10       _strlen                    00412f10 f   LIBCMTD:strlen.obj
 0001:00011fa0       _free                      00412fa0 f   LIBCMTD:dbgfree.obj
 0001:00011fc0       _memcpy_s                  00412fc0 f   LIBCMTD:memcpy_s.obj
 0001:00012150       _memmove_s                 00413150 f   LIBCMTD:memmove_s.obj
 0001:000122b0       __ftol2_sse                004132b0 f   LIBCMTD:ftol2.obj
 0001:000122b9       __ftol2_pentium4           004132b9 f   LIBCMTD:ftol2.obj
 0001:000122cc       __ftol2_sse_excpt          004132cc f   LIBCMTD:ftol2.obj
 0001:000122e6       __ftol2                    004132e6 f   LIBCMTD:ftol2.obj
 0001:00012360       _floor                     00413360 f   LIBCMTD:_floor_pentium4_.obj
 0001:000123a0       __floor_pentium4           004133a0 f   LIBCMTD:_floor_pentium4_.obj
 0001:00012490       ??_U@YAPAXI@Z              00413490 f   LIBCMTD:new2.obj
 0001:000124b0       _srand                     004134b0 f   LIBCMTD:rand.obj
 0001:000124d0       _rand                      004134d0 f   LIBCMTD:rand.obj
 0001:00012510       __time64                   00413510 f   LIBCMTD:time64.obj
 0001:00012590       __initp_misc_invarg        00413590 f   LIBCMTD:invarg.obj
 0001:000125a0       __invalid_parameter        004135a0 f   LIBCMTD:invarg.obj
 0001:00012610       __invoke_watson            00413610 f   LIBCMTD:invarg.obj
 0001:00012760       __set_invalid_parameter_handler 00413760 f   LIBCMTD:invarg.obj
 0001:000127b0       __get_invalid_parameter_handler 004137b0 f   LIBCMTD:invarg.obj
 0001:000127e0       ?_invalid_parameter@@YAXPBG00II@Z 004137e0 f   LIBCMTD:invarg.obj
 0001:00012810       ?_invoke_watson@@YAXPBG00II@Z 00413810 f   LIBCMTD:invarg.obj
 0001:00012840       __CrtSetReportHookW2       00413840 f   LIBCMTD:dbgrptw.obj
 0001:00012b60       __CrtDbgReportW            00413b60 f   LIBCMTD:dbgrptw.obj
 0001:00012ba0       __CrtDbgReportWV           00413ba0 f i LIBCMTD:dbgrptw.obj
 0001:00012bd0       ___crtMessageWindowW       00413bd0 f   LIBCMTD:dbgrptw.obj
 0001:00012fd0       __invoke_watson_if_error   00413fd0 f i LIBCMTD:dbgrptw.obj
 0001:00013000       __invoke_watson_if_oneof   00414000 f i LIBCMTD:dbgrptw.obj
 0001:00013050       ?_CrtDbgReportW@@YAHHPBGH00ZZ 00414050 f   LIBCMTD:dbgrptw.obj
 0001:00013090       _WinMainCRTStartup         00414090 f   LIBCMTD:wincrt0.obj
 0001:00013340       __VEC_memzero              00414340 f   LIBCMTD:p4_memset.obj
 0001:00013430       __get_sse2_info            00414430 f   LIBCMTD:cpu_disp.obj
 0001:00013560       ___sse2_available_init     00414560 f   LIBCMTD:cpu_disp.obj
 0001:00013580       __setdefaultprecision      00414580 f   LIBCMTD:fp8.obj
 0001:000135c0       __ms_p5_test_fdiv          004145c0 f   LIBCMTD:_testfdiv_.obj
 0001:00013610       __ms_p5_mp_test_fdiv       00414610 f   LIBCMTD:_testfdiv_.obj
 0001:00013660       __forcdecpt                00414660 f   LIBCMTD:cvt.obj
 0001:00013680       __forcdecpt_l              00414680 f   LIBCMTD:cvt.obj
 0001:00013740       ??0_LocaleUpdate@@QAE@PAUlocaleinfo_struct@@@Z 00414740 f i LIBCMTD:cvt.obj
 0001:00013820       ??1_LocaleUpdate@@QAE@XZ   00414820 f i LIBCMTD:cvt.obj
 0001:00013850       ?GetLocaleT@_LocaleUpdate@@QAEPAUlocaleinfo_struct@@XZ 00414850 f i LIBCMTD:cvt.obj
 0001:00013860       __cropzeros                00414860 f   LIBCMTD:cvt.obj
 0001:00013880       __cropzeros_l              00414880 f   LIBCMTD:cvt.obj
 0001:00013990       __positive                 00414990 f   LIBCMTD:cvt.obj
 0001:000139c0       __fassign_l                004149c0 f   LIBCMTD:cvt.obj
 0001:00013a20       __fassign                  00414a20 f   LIBCMTD:cvt.obj
 0001:00013a40       __cftoe_l                  00414a40 f   LIBCMTD:cvt.obj
 0001:00013f90       __cftoe                    00414f90 f   LIBCMTD:cvt.obj
 0001:00013fc0       __cftoa_l                  00414fc0 f   LIBCMTD:cvt.obj
 0001:000147a0       ?strrchr@@YAPADPADH@Z      004157a0 f i LIBCMTD:cvt.obj
 0001:000147c0       __cftoa                    004157c0 f   LIBCMTD:cvt.obj
 0001:000147f0       __cftof_l                  004157f0 f   LIBCMTD:cvt.obj
 0001:00014c00       __cftof                    00415c00 f   LIBCMTD:cvt.obj
 0001:00014c30       __cftog_l                  00415c30 f   LIBCMTD:cvt.obj
 0001:00014e60       __cftog                    00415e60 f   LIBCMTD:cvt.obj
 0001:00014e90       __cfltcvt_l                00415e90 f   LIBCMTD:cvt.obj
 0001:00014f50       __cfltcvt                  00415f50 f   LIBCMTD:cvt.obj
 0001:00014fb0       __initp_misc_cfltcvt_tab   00415fb0 f   LIBCMTD:cmiscdat.obj
 0001:00015000       _DebuggerKnownHandle       00416000 f   LIBCMTD:_error_.obj
 0001:000150c0       ?_RTC_Failure@@YAXPAXH@Z   004160c0 f   LIBCMTD:_error_.obj
 0001:000153d0       ?_RTC_StackFailure@@YAXPAXPBD@Z 004163d0 f   LIBCMTD:_error_.obj
 0001:000154d0       ?_RTC_AllocaFailure@@YAXPAXPAU_RTC_ALLOCA_NODE@@H@Z 004164d0 f   LIBCMTD:_error_.obj
 0001:00015680       __RTC_UninitUse            00416680 f   LIBCMTD:_error_.obj
 0001:00015770       __RTC_NumErrors            00416770 f   LIBCMTD:_userapi_.obj
 0001:00015780       __RTC_GetErrDesc           00416780 f   LIBCMTD:_userapi_.obj
 0001:000157a0       __RTC_SetErrorType         004167a0 f   LIBCMTD:_userapi_.obj
 0001:000157d0       __RTC_SetErrorFunc         004167d0 f   LIBCMTD:_userapi_.obj
 0001:000157f0       __RTC_SetErrorFuncW        004167f0 f   LIBCMTD:_userapi_.obj
 0001:00015810       ?_RTC_GetErrorFunc@@YAP6AHHPBDH00ZZPBX@Z 00416810 f   LIBCMTD:_userapi_.obj
 0001:00015820       ?_RTC_GetErrorFuncW@@YAP6AHHPB_WH00ZZPBX@Z 00416820 f   LIBCMTD:_userapi_.obj
 0001:00015830       __chkesp                   00416830 f   LIBCMTD:chkesp.obj
 0001:00015870       __CRT_RTC_INIT             00416870 f   LIBCMTD:chkesp.obj
 0001:00015880       __CRT_RTC_INITW            00416880 f   LIBCMTD:chkesp.obj
 0001:00015890       __VEC_memcpy               00416890 f   LIBCMTD:p4_memcpy.obj
 0001:00015a10       __aulldiv                  00416a10 f   LIBCMTD:ulldiv.obj
 0001:00015a80       __aullrem                  00416a80 f   LIBCMTD:ullrem.obj
 0001:00015b00       ___InternalCxxFrameHandler 00416b00 f   LIBCMTD:frame.obj
 0001:00016100       ??0bad_exception@std@@QAE@PBD@Z 00417100 f i LIBCMTD:frame.obj
 0001:00016130       ??1bad_exception@std@@UAE@XZ 00417130 f i LIBCMTD:frame.obj
 0001:00016150       ??_Ebad_exception@std@@UAEPAXI@Z 00417150 f i LIBCMTD:frame.obj
 0001:00016150       ??_Gbad_exception@std@@UAEPAXI@Z 00417150 f i LIBCMTD:frame.obj
 0001:00016180       ??0bad_exception@std@@QAE@ABV01@@Z 00417180 f i LIBCMTD:frame.obj
 0001:00016330       ___TypeMatch               00417330 f   LIBCMTD:frame.obj
 0001:000163e0       ___FrameUnwindFilter       004173e0 f   LIBCMTD:frame.obj
 0001:00016460       ___FrameUnwindToState      00417460 f   LIBCMTD:frame.obj
 0001:000169a0       ___BuildCatchObjectHelper  004179a0 f   LIBCMTD:frame.obj
 0001:00016c10       ___BuildCatchObject        00417c10 f   LIBCMTD:frame.obj
 0001:00016d20       ___DestructExceptionObject 00417d20 f   LIBCMTD:frame.obj
 0001:00016dd0       ___AdjustPointer           00417dd0 f   LIBCMTD:frame.obj
 0001:00016e20       ?__uncaught_exception@@YA_NXZ 00417e20 f   LIBCMTD:frame.obj
 0001:00016e40       ___CxxExceptionFilter      00417e40 f   LIBCMTD:frame.obj
 0001:00017030       ___CxxRegisterExceptionObject 00418030 f   LIBCMTD:frame.obj
 0001:00017160       ___CxxDetectRethrow        00418160 f   LIBCMTD:frame.obj
 0001:000171f0       ___CxxUnregisterExceptionObject 004181f0 f   LIBCMTD:frame.obj
 0001:00017370       ___CxxQueryExceptionSize   00418370 f   LIBCMTD:frame.obj
 0001:00017380       ___CxxCallUnwindDtor       00418380 f   LIBCMTD:frame.obj
 0001:00017400       ___CxxCallUnwindDelDtor    00418400 f   LIBCMTD:frame.obj
 0001:00017480       ___CxxCallUnwindStdDelDtor 00418480 f   LIBCMTD:frame.obj
 0001:00017500       ___CxxCallUnwindVecDtor    00418500 f   LIBCMTD:frame.obj
 0001:00017730       ?_is_exception_typeof@@YAHABVtype_info@@PAU_EXCEPTION_POINTERS@@@Z 00418730 f   LIBCMTD:frame.obj
 0001:00017810       __CallSettingFrame@12      00418810 f   LIBCMTD:lowhelpr.obj
 0001:00017837       __NLG_Return               00418837     LIBCMTD:lowhelpr.obj
 0001:00017860       __encode_pointer           00418860 f   LIBCMTD:tidtable.obj
 0001:00017900       __crt_wait_module_handle   00418900 f i LIBCMTD:tidtable.obj
 0001:00017930       __encoded_null             00418930 f   LIBCMTD:tidtable.obj
 0001:00017950       __decode_pointer           00418950 f   LIBCMTD:tidtable.obj
 0001:000179f0       ___crtTlsAlloc@4           004189f0 f   LIBCMTD:tidtable.obj
 0001:00017a00       ___fls_getvalue@4          00418a00 f   LIBCMTD:tidtable.obj
 0001:00017a20       ___get_flsindex            00418a20 f   LIBCMTD:tidtable.obj
 0001:00017a30       ___set_flsgetvalue         00418a30 f   LIBCMTD:tidtable.obj
 0001:00017a80       ___fls_setvalue@8          00418a80 f   LIBCMTD:tidtable.obj
 0001:00017ab0       __mtinit                   00418ab0 f   LIBCMTD:tidtable.obj
 0001:00017cc0       __mtterm                   00418cc0 f   LIBCMTD:tidtable.obj
 0001:00017d20       __initptd                  00418d20 f   LIBCMTD:tidtable.obj
 0001:00017e80       __getptd_noexit            00418e80 f   LIBCMTD:tidtable.obj
 0001:00017f40       __getptd                   00418f40 f   LIBCMTD:tidtable.obj
 0001:00017f70       __freefls@4                00418f70 f   LIBCMTD:tidtable.obj
 0001:00018180       __freeptd                  00419180 f   LIBCMTD:tidtable.obj
 0001:00018200       ___threadid                00419200 f   LIBCMTD:tidtable.obj
 0001:00018210       ___threadhandle            00419210 f   LIBCMTD:tidtable.obj
 0001:00018220       __initp_eh_hooks           00419220 f   LIBCMTD:hooks.obj
 0001:00018240       ?terminate@@YAXXZ          00419240 f   LIBCMTD:hooks.obj
 0001:000182c0       ?unexpected@@YAXXZ         004192c0 f   LIBCMTD:hooks.obj
 0001:000182f0       ?_inconsistency@@YAXXZ     004192f0 f   LIBCMTD:hooks.obj
 0001:00018380       ___report_gsfailure        00419380 f   LIBCMTD:gs_report.obj
 0001:00018490       __mtinitlocks              00419490 f   LIBCMTD:mlock.obj
 0001:00018520       __mtdeletelocks            00419520 f   LIBCMTD:mlock.obj
 0001:000185e0       __mtinitlocknum            004195e0 f   LIBCMTD:mlock.obj
 0001:00018730       __lock                     00419730 f   LIBCMTD:mlock.obj
 0001:00018770       __unlock                   00419770 f   LIBCMTD:mlock.obj
 0001:00018790       __lockerr_exit             00419790 f   LIBCMTD:mlock.obj
 0001:000187b0       __malloc_dbg               004197b0 f   LIBCMTD:dbgheap.obj
 0001:000187e0       __nh_malloc                004197e0 f   LIBCMTD:dbgheap.obj
 0001:00018800       __nh_malloc_dbg            00419800 f   LIBCMTD:dbgheap.obj
 0001:000188d0       __heap_alloc               004198d0 f   LIBCMTD:dbgheap.obj
 0001:00018ca0       __heap_alloc_dbg           00419ca0 f   LIBCMTD:dbgheap.obj
 0001:00018d00       __calloc_dbg_impl          00419d00 f   LIBCMTD:dbgheap.obj
 0001:00018dd0       __calloc_dbg               00419dd0 f   LIBCMTD:dbgheap.obj
 0001:00018e30       __recalloc                 00419e30 f   LIBCMTD:dbgheap.obj
 0001:00018e60       __realloc_dbg              00419e60 f   LIBCMTD:dbgheap.obj
 0001:00019500       __recalloc_dbg             0041a500 f   LIBCMTD:dbgheap.obj
 0001:00019600       __expand                   0041a600 f   LIBCMTD:dbgheap.obj
 0001:00019630       __expand_dbg               0041a630 f   LIBCMTD:dbgheap.obj
 0001:00019740       __free_nolock              0041a740 f   LIBCMTD:dbgheap.obj
 0001:00019760       __free_dbg                 0041a760 f   LIBCMTD:dbgheap.obj
 0001:000197e0       __free_dbg_nolock          0041a7e0 f   LIBCMTD:dbgheap.obj
 0001:00019cc0       __msize                    0041acc0 f   LIBCMTD:dbgheap.obj
 0001:00019ce0       __msize_dbg                0041ace0 f   LIBCMTD:dbgheap.obj
[...]
 0003:0000223c       ___lconv_static_decimal    0048f23c     LIBCMTD:lconv.obj
 0003:00002240       ___lconv_c                 0048f240     LIBCMTD:lconv.obj
 0003:00002270       ___lconv                   0048f270     LIBCMTD:lconv.obj
 0003:00002274       ___mb_cur_max              0048f274     LIBCMTD:nlsdata1.obj
 0003:00002278       ___decimal_point           0048f278     LIBCMTD:nlsdata1.obj
 0003:0000227c       ___decimal_point_length    0048f27c     LIBCMTD:nlsdata1.obj
 0003:000022b8       __timezone                 0048f2b8     LIBCMTD:timeset.obj
 0003:000022bc       __daylight                 0048f2bc     LIBCMTD:timeset.obj
 0003:000022c0       __dstbias                  0048f2c0     LIBCMTD:timeset.obj
 0003:00002348       __tzname                   0048f348     LIBCMTD:timeset.obj
 0003:00002368       __pow10pos                 0048f368     LIBCMTD:_constpow_.obj
 0003:000024c8       __pow10neg                 0048f4c8     LIBCMTD:_constpow_.obj
 0003:00002624       __coninpfh                 0048f624     LIBCMTD:initcon.obj
 0003:00002628       __confh                    0048f628     LIBCMTD:initcon.obj
 0003:0000262c       __lpdays                   0048f62c     LIBCMTD:days.obj
 0003:00002660       __days                     0048f660     LIBCMTD:days.obj
 0003:000026ac       ??_R0?AVout_of_range@std@@@8 0048f6ac     libcpmtd:string.obj
 0003:000026cc       ??_R0?AVinvalid_argument@std@@@8 0048f6cc     libcpmtd:string.obj
 0003:00002fbc       ___fastflag                0048ffbc     LIBCMTD:_fpinit_.obj
 0003:00002fc0       __adjust_fdiv              0048ffc0     LIBCMTD:_fpinit_.obj
 0003:00002fd8       ___pInvalidArgHandler      0048ffd8     LIBCMTD:invarg.obj
 0003:00002fdc       __aenvptr                  0048ffdc     LIBCMTD:wincrt0.obj
 0003:00002fe0       __wenvptr                  0048ffe0     LIBCMTD:wincrt0.obj
 0003:00002fe4       ___error_mode              0048ffe4     LIBCMTD:wincrt0.obj
 0003:00002fe8       ?wsprintffp@@3P6AHPADPBDZZA 0048ffe8     LIBCMTD:_error_.obj
 0003:00002ff4       _gpFlsAlloc                0048fff4     LIBCMTD:tidtable.obj
 0003:00002ff8       _gpFlsGetValue             0048fff8     LIBCMTD:tidtable.obj
 0003:00002ffc       _gpFlsSetValue             0048fffc     LIBCMTD:tidtable.obj
 0003:00003000       _gpFlsFree                 00490000     LIBCMTD:tidtable.obj
 0003:00003004       ?__pInconsistency@@3P6AXXZA 00490004     LIBCMTD:hooks.obj
 0003:000034ac       ?_pfnDumpClient@@3P6AXPAXI@ZA 004904ac     LIBCMTD:dbgheap.obj
 0003:000034b4       ___crtDebugCheckCount      004904b4     LIBCMTD:dbgheap.obj
 0003:000034bc       ?_pnhHeap@@3P6AHI@ZA       004904bc     LIBCMTD:handler.obj
 0003:000034cc       __umaskval                 004904cc     LIBCMTD:crt0dat.obj
 0003:000034d0       ___argc                    004904d0     LIBCMTD:crt0dat.obj
 0003:000034d4       ___argv                    004904d4     LIBCMTD:crt0dat.obj
 0003:000034d8       ___wargv                   004904d8     LIBCMTD:crt0dat.obj
 0003:000034dc       __environ                  004904dc     LIBCMTD:crt0dat.obj
 0003:000034e0       ___initenv                 004904e0     LIBCMTD:crt0dat.obj
 0003:000034e4       __wenviron                 004904e4     LIBCMTD:crt0dat.obj
 0003:000034e8       ___winitenv                004904e8     LIBCMTD:crt0dat.obj
 0003:000034ec       __pgmptr                   004904ec     LIBCMTD:crt0dat.obj
 0003:000034f0       __wpgmptr                  004904f0     LIBCMTD:crt0dat.obj
 0003:000034f4       __exitflag                 004904f4     LIBCMTD:crt0dat.obj
 0003:000034f8       __C_Termination_Done       004904f8     LIBCMTD:crt0dat.obj
 0003:000034fc       __C_Exit_Done              004904fc     LIBCMTD:crt0dat.obj
 0003:0000363c       __crtheap                  0049063c     LIBCMTD:heapinit.obj
 0003:00003958       ___mbulinfo                00490958     LIBCMTD:mbctype.obj
 0003:00003964       ___mbcodepage              00490964     LIBCMTD:mbctype.obj
 0003:00003968       ___ismbcodepage            00490968     LIBCMTD:mbctype.obj
 0003:0000396c       ___mblcid                  0049096c     LIBCMTD:mbctype.obj
 0003:00003970       ___locale_changed          00490970     LIBCMTD:setlocal.obj
 0003:00003974       ___lc_handle               00490974     LIBCMTD:nlsdata2.obj
 0003:0000398c       ___lc_codepage             0049098c     LIBCMTD:nlsdata2.obj
 0003:00003990       ___lc_collate_cp           00490990     LIBCMTD:nlsdata2.obj
 0003:00003994       __outputformat             00490994     LIBCMTD:outputformat.obj
 0003:000039a8       __newmode                  004909a8     LIBCMTD:_newmode.obj
 0003:000039b4       ___sbh_pHeaderDefer        004909b4     LIBCMTD:sbheap.obj
 0003:000039b8       __cflush                   004909b8     LIBCMTD:_file.obj
 0003:000039d4       ?pArgList@UnDecorator@@0PAVReplicator@@A 004909d4     LIBCMTD:undname.obj
 0003:000039d8       ?pZNameList@UnDecorator@@0PAVReplicator@@A 004909d8     LIBCMTD:undname.obj
 0003:000039dc       ?pTemplateArgList@UnDecorator@@0PAVReplicator@@A 004909dc     LIBCMTD:undname.obj
 0003:000039e0       ?gName@UnDecorator@@0PBDB  004909e0     LIBCMTD:undname.obj
 0003:000039e4       ?name@UnDecorator@@0PBDB   004909e4     LIBCMTD:undname.obj
 0003:000039e8       ?outputString@UnDecorator@@0PADA 004909e8     LIBCMTD:undname.obj
 0003:000039ec       ?maxStringLength@UnDecorator@@0HA 004909ec     LIBCMTD:undname.obj
 0003:000039f0       ?disableFlags@UnDecorator@@0KA 004909f0     LIBCMTD:undname.obj
 0003:000039f4       ?m_pGetParameter@UnDecorator@@0P6APADJ@ZA 004909f4     LIBCMTD:undname.obj
 0003:000039f8       ?fExplicitTemplateParams@UnDecorator@@0_NA 004909f8     LIBCMTD:undname.obj
 0003:000039f9       ?fGetTemplateArgumentList@UnDecorator@@0_NA 004909f9     LIBCMTD:undname.obj
 0003:00003a50       ?nodes@?1??make@DNameStatusNode@@SAPAV2@W4DNameStatus@@@Z@4PAV2@A 00490a50     LIBCMTD:undname.obj
 0003:00003a80       ??_B?1??make@DNameStatusNode@@SAPAV1@W4DNameStatus@@@Z@51 00490a80     LIBCMTD:undname.obj
 0003:00003a90       ___pPurecall               00490a90     LIBCMTD:inithelp.obj
 0003:00003ab0       ___lconv_static_null       00490ab0     LIBCMTD:lconv.obj
 0003:00003ab4       __stdbuf                   00490ab4     LIBCMTD:_sftbuf.obj
 0003:00003bf4       ___piob                    00490bf4     <common>
 0003:00003f40       __bufin                    00490f40     <common>
 0003:00004f40       __nstream                  00491f40     <common>
 0003:00004f44       ___sbh_initialized         00491f44     <common>
 0003:00004f58       ___sbh_cntHeaderList       00491f58     <common>
 0003:00004f5c       ___sbh_pHeaderList         00491f5c     <common>
 0003:00004f60       ___sbh_threshold           00491f60     <common>
 0003:00004f64       ___sbh_pHeaderScan         00491f64     <common>
 0003:00004f68       ___sbh_sizeHeaderList      00491f68     <common>
 0003:00004f6c       ___sbh_indGroupDefer       00491f6c     <common>
 0003:00004f70       ___setlc_active            00491f70     <common>
 0003:00004f80       ___unguarded_readlc_active 00491f80     <common>
 0003:00004f84       ___active_heap             00491f84     <common>
 0003:00004f90       __nhandle                  00491f90     <common>
 0003:00004fe0       ___pioinfo                 00491fe0     <common>
 0003:000050e0       ___env_initialized         004920e0     <common>
 0003:000050f0       ___onexitend               004920f0     <common>
 0003:000050f4       ___onexitbegin             004920f4     <common>
 0003:000050f8       ___mbctype_initialized     004920f8     <common>
 0003:000050fc       ___dyn_tls_init_callback   004920fc     <common>
 0003:00005100       __pfnReportHook            00492100     <common>
 0003:00005110       __pReportHookListW         00492110     <common>
 0003:00005114       __pReportHookList          00492114     <common>
 0003:00005118       __debugger_hook_dummy      00492118     <common>
 0003:00005124       ___use_sse2_mathfcns       00492124     <common>
 0003:00005130       __pmatherr                 00492130     <common>
 0003:0000513c       ___sse2_available          0049213c     <common>
 0003:00005148       __acmdln                   00492148     <common>
 0004:00000000       __IMPORT_DESCRIPTOR_d3d9   00493000     d3d9:d3d9.dll
 0004:00000014       __IMPORT_DESCRIPTOR_d3dx9_43 00493014     d3dx9:d3dx9_43.dll
 0004:00000028       __IMPORT_DESCRIPTOR_DINPUT8 00493028     dinput8:DINPUT8.dll
 0004:0000003c       __IMPORT_DESCRIPTOR_KERNEL32 0049303c     kernel32:KERNEL32.dll
 0004:00000050       __IMPORT_DESCRIPTOR_USER32 00493050     user32:USER32.dll
 0004:00000064       __IMPORT_DESCRIPTOR_GDI32  00493064     gdi32:GDI32.dll
 0004:00000078       __NULL_IMPORT_DESCRIPTOR   00493078     d3d9:d3d9.dll
 0004:000003f0       __imp__DirectInput8Create@20 004933f0     dinput8:DINPUT8.dll
 0004:000003f4       \177DINPUT8_NULL_THUNK_DATA 004933f4     dinput8:DINPUT8.dll
 0004:00000420       __imp__CreateSolidBrush@4  00493420     gdi32:GDI32.dll
 0004:00000424       \177GDI32_NULL_THUNK_DATA  00493424     gdi32:GDI32.dll
 0004:00000450       __imp__FlushFileBuffers@4  00493450     kernel32:KERNEL32.dll
 0004:00000454       __imp__CloseHandle@4       00493454     kernel32:KERNEL32.dll
 0004:00000458       __imp__CreateFileA@28      00493458     kernel32:KERNEL32.dll
 0004:0000045c       __imp__GetTimeZoneInformation@4 0049345c     kernel32:KERNEL32.dll
 0004:00000460       __imp__GetLocaleInfoW@16   00493460     kernel32:KERNEL32.dll
 0004:00000464       __imp__GetConsoleOutputCP@0 00493464     kernel32:KERNEL32.dll
 0004:00000468       __imp__WriteConsoleA@20    00493468     kernel32:KERNEL32.dll
 0004:0000046c       __imp__SetStdHandle@8      0049346c     kernel32:KERNEL32.dll
 0004:00000470       __imp__GetUserDefaultLCID@0 00493470     kernel32:KERNEL32.dll
 0004:00000474       __imp__CompareStringA@24   00493474     kernel32:KERNEL32.dll
 0004:00000478       __imp__CompareStringW@24   00493478     kernel32:KERNEL32.dll
 0004:0000047c       __imp__OutputDebugStringA@4 0049347c     kernel32:KERNEL32.dll
 0004:00000480       __imp__GetTickCount@0      00493480     kernel32:KERNEL32.dll
 0004:00000484       __imp__GetModuleHandleA@4  00493484     kernel32:KERNEL32.dll
 0004:00000488       __imp__DebugBreak@0        00493488     kernel32:KERNEL32.dll
 0004:0000048c       __imp__SetEnvironmentVariableA@8 0049348c     kernel32:KERNEL32.dll
 0004:00000490       __imp__IsValidLocale@8     00493490     kernel32:KERNEL32.dll
 0004:00000494       __imp__GetLocaleInfoA@16   00493494     kernel32:KERNEL32.dll
 0004:00000498       __imp__GetDateFormatA@24   00493498     kernel32:KERNEL32.dll
 0004:0000049c       __imp__GetTimeFormatA@24   0049349c     kernel32:KERNEL32.dll
 0004:000004a0       __imp__GetStringTypeW@16   004934a0     kernel32:KERNEL32.dll
 0004:000004a4       __imp__GetStringTypeA@20   004934a4     kernel32:KERNEL32.dll
 0004:000004a8       __imp__LCMapStringW@24     004934a8     kernel32:KERNEL32.dll
 0004:000004ac       __imp__LCMapStringA@24     004934ac     kernel32:KERNEL32.dll
 0004:000004b0       __imp__InterlockedExchange@8 004934b0     kernel32:KERNEL32.dll
 0004:000004b4       __imp__GetConsoleMode@8    004934b4     kernel32:KERNEL32.dll
 0004:000004b8       __imp__GetConsoleCP@0      004934b8     kernel32:KERNEL32.dll
 0004:000004bc       __imp__SetFilePointer@16   004934bc     kernel32:KERNEL32.dll
 0004:000004c0       __imp__VirtualAlloc@16     004934c0     kernel32:KERNEL32.dll
 0004:000004c4       __imp__HeapReAlloc@16      004934c4     kernel32:KERNEL32.dll
 0004:000004c8       __imp__HeapSize@12         004934c8     kernel32:KERNEL32.dll
 0004:000004cc       __imp__InitializeCriticalSectionAndSpinCount@8 004934cc     kernel32:KERNEL32.dll
 0004:000004d0       __imp__FreeLibrary@4       004934d0     kernel32:KERNEL32.dll
 0004:000004d4       __imp__VirtualQuery@12     004934d4     kernel32:KERNEL32.dll
 0004:000004d8       __imp__EnumSystemLocalesA@8 004934d8     kernel32:KERNEL32.dll
 0004:000004dc       __imp__InterlockedDecrement@4 004934dc     kernel32:KERNEL32.dll
 0004:000004e0       __imp__RtlUnwind@16        004934e0     kernel32:KERNEL32.dll
 0004:000004e4       __imp__RaiseException@16   004934e4     kernel32:KERNEL32.dll
 0004:000004e8       __imp__GetSystemTimeAsFileTime@4 004934e8     kernel32:KERNEL32.dll
 0004:000004ec       __imp__TerminateProcess@8  004934ec     kernel32:KERNEL32.dll
 0004:000004f0       __imp__GetCurrentProcess@0 004934f0     kernel32:KERNEL32.dll
 0004:000004f4       __imp__UnhandledExceptionFilter@4 004934f4     kernel32:KERNEL32.dll
 0004:000004f8       __imp__SetUnhandledExceptionFilter@4 004934f8     kernel32:KERNEL32.dll
 0004:000004fc       __imp__IsDebuggerPresent@0 004934fc     kernel32:KERNEL32.dll
 0004:00000500       __imp__GetModuleFileNameW@12 00493500     kernel32:KERNEL32.dll
 0004:00000504       __imp__GetCommandLineA@0   00493504     kernel32:KERNEL32.dll
 0004:00000508       __imp__GetStartupInfoA@4   00493508     kernel32:KERNEL32.dll
 0004:0000050c       __imp__GetProcAddress@8    0049350c     kernel32:KERNEL32.dll
 0004:00000510       __imp__WideCharToMultiByte@32 00493510     kernel32:KERNEL32.dll
 0004:00000514       __imp__MultiByteToWideChar@24 00493514     kernel32:KERNEL32.dll
 0004:00000518       __imp__lstrlenA@4          00493518     kernel32:KERNEL32.dll
 0004:0000051c       __imp__LoadLibraryA@4      0049351c     kernel32:KERNEL32.dll
 0004:00000520       __imp__TlsGetValue@4       00493520     kernel32:KERNEL32.dll
 0004:00000524       __imp__GetModuleHandleW@4  00493524     kernel32:KERNEL32.dll
 0004:00000528       __imp__TlsAlloc@0          00493528     kernel32:KERNEL32.dll
 0004:0000052c       __imp__TlsSetValue@8       0049352c     kernel32:KERNEL32.dll
 0004:00000530       __imp__GetCurrentThreadId@0 00493530     kernel32:KERNEL32.dll
 0004:00000534       __imp__TlsFree@4           00493534     kernel32:KERNEL32.dll
 0004:00000538       __imp__InterlockedIncrement@4 00493538     kernel32:KERNEL32.dll
 0004:0000053c       __imp__SetLastError@4      0049353c     kernel32:KERNEL32.dll
 0004:00000540       __imp__GetLastError@0      00493540     kernel32:KERNEL32.dll
 0004:00000544       __imp__InitializeCriticalSection@4 00493544     kernel32:KERNEL32.dll
 0004:00000548       __imp__GetCurrentThread@0  00493548     kernel32:KERNEL32.dll
 0004:0000054c       __imp__DeleteCriticalSection@4 0049354c     kernel32:KERNEL32.dll
 0004:00000550       __imp__EnterCriticalSection@4 00493550     kernel32:KERNEL32.dll
 0004:00000554       __imp__LeaveCriticalSection@4 00493554     kernel32:KERNEL32.dll
 0004:00000558       __imp__FatalAppExitA@8     00493558     kernel32:KERNEL32.dll
 0004:0000055c       __imp__HeapValidate@12     0049355c     kernel32:KERNEL32.dll
 0004:00000560       __imp__IsBadReadPtr@8      00493560     kernel32:KERNEL32.dll
 0004:00000564       __imp__GetStdHandle@4      00493564     kernel32:KERNEL32.dll
 0004:00000568       __imp__WriteFile@20        00493568     kernel32:KERNEL32.dll
 0004:0000056c       __imp__WriteConsoleW@20    0049356c     kernel32:KERNEL32.dll
 0004:00000570       __imp__GetFileType@4       00493570     kernel32:KERNEL32.dll
 0004:00000574       __imp__OutputDebugStringW@4 00493574     kernel32:KERNEL32.dll
 0004:00000578       __imp__Sleep@4             00493578     kernel32:KERNEL32.dll
 0004:0000057c       __imp__ExitProcess@4       0049357c     kernel32:KERNEL32.dll
 0004:00000580       __imp__SetConsoleCtrlHandler@8 00493580     kernel32:KERNEL32.dll
 0004:00000584       __imp__LoadLibraryW@4      00493584     kernel32:KERNEL32.dll
 0004:00000588       __imp__QueryPerformanceCounter@4 00493588     kernel32:KERNEL32.dll
 0004:0000058c       __imp__GetCurrentProcessId@0 0049358c     kernel32:KERNEL32.dll
 0004:00000590       __imp__GetModuleFileNameA@12 00493590     kernel32:KERNEL32.dll
 0004:00000594       __imp__FreeEnvironmentStringsA@4 00493594     kernel32:KERNEL32.dll
 0004:00000598       __imp__GetEnvironmentStrings@0 00493598     kernel32:KERNEL32.dll
 0004:0000059c       __imp__FreeEnvironmentStringsW@4 0049359c     kernel32:KERNEL32.dll
 0004:000005a0       __imp__GetEnvironmentStringsW@0 004935a0     kernel32:KERNEL32.dll
 0004:000005a4       __imp__SetHandleCount@4    004935a4     kernel32:KERNEL32.dll
 0004:000005a8       __imp__HeapDestroy@4       004935a8     kernel32:KERNEL32.dll
 0004:000005ac       __imp__HeapCreate@12       004935ac     kernel32:KERNEL32.dll
 0004:000005b0       __imp__HeapFree@12         004935b0     kernel32:KERNEL32.dll
 0004:000005b4       __imp__VirtualFree@12      004935b4     kernel32:KERNEL32.dll
 0004:000005b8       __imp__GetACP@0            004935b8     kernel32:KERNEL32.dll
 0004:000005bc       __imp__GetOEMCP@0          004935bc     kernel32:KERNEL32.dll
 0004:000005c0       __imp__GetCPInfo@8         004935c0     kernel32:KERNEL32.dll
 0004:000005c4       __imp__IsValidCodePage@4   004935c4     kernel32:KERNEL32.dll
 0004:000005c8       __imp__HeapAlloc@12        004935c8     kernel32:KERNEL32.dll
 0004:000005cc       __imp__GetProcessHeap@0    004935cc     kernel32:KERNEL32.dll
 0004:000005d0       \177KERNEL32_NULL_THUNK_DATA 004935d0     kernel32:KERNEL32.dll
 0004:00000648       __imp__SetWindowTextA@8    00493648     user32:USER32.dll
 0004:0000064c       __imp__PostQuitMessage@4   0049364c     user32:USER32.dll
 0004:00000650       __imp__DefWindowProcA@16   00493650     user32:USER32.dll
 0004:00000654       __imp__RegisterClassA@4    00493654     user32:USER32.dll
 0004:00000658       __imp__AdjustWindowRect@12 00493658     user32:USER32.dll
 0004:0000065c       __imp__GetSystemMetrics@4  0049365c     user32:USER32.dll
 0004:00000660       __imp__CreateWindowExA@48  00493660     user32:USER32.dll
 0004:00000664       __imp__GetDC@4             00493664     user32:USER32.dll
 0004:00000668       __imp__ReleaseDC@8         00493668     user32:USER32.dll
 0004:0000066c       __imp__DestroyWindow@4     0049366c     user32:USER32.dll
 0004:00000670       __imp__UnregisterClassA@8  00493670     user32:USER32.dll
 0004:00000674       __imp__ChangeDisplaySettingsA@8 00493674     user32:USER32.dll
 0004:00000678       __imp__MessageBoxA@16      00493678     user32:USER32.dll
 0004:0000067c       __imp__ShowCursor@4        0049367c     user32:USER32.dll
 0004:00000680       __imp__PeekMessageA@20     00493680     user32:USER32.dll
 0004:00000684       __imp__TranslateMessage@4  00493684     user32:USER32.dll
 0004:00000688       __imp__DispatchMessageA@4  00493688     user32:USER32.dll
 0004:0000068c       __imp__GetCursorPos@4      0049368c     user32:USER32.dll
 0004:00000690       \177USER32_NULL_THUNK_DATA 00493690     user32:USER32.dll
 0004:000006c8       __imp__Direct3DCreate9@4   004936c8     d3d9:d3d9.dll
 0004:000006cc       \177d3d9_NULL_THUNK_DATA   004936cc     d3d9:d3d9.dll
 0004:000006f8       __imp__D3DXCompileShader@40 004936f8     d3dx9:d3dx9_43.dll
 0004:000006fc       __imp__D3DXGetVertexShaderProfile@4 004936fc     d3dx9:d3dx9_43.dll
 0004:00000700       __imp__D3DXMatrixLookAtRH@16 00493700     d3dx9:d3dx9_43.dll
 0004:00000704       __imp__D3DXMatrixPerspectiveFovRH@20 00493704     d3dx9:d3dx9_43.dll
 0004:00000708       __imp__D3DXGetPixelShaderProfile@4 00493708     d3dx9:d3dx9_43.dll
 0004:0000070c       __imp__D3DXMatrixRotationX@8 0049370c     d3dx9:d3dx9_43.dll
 0004:00000710       __imp__D3DXMatrixRotationY@8 00493710     d3dx9:d3dx9_43.dll
 0004:00000714       __imp__D3DXMatrixMultiply@12 00493714     d3dx9:d3dx9_43.dll
 0004:00000718       __imp__D3DXVec3TransformNormal@12 00493718     d3dx9:d3dx9_43.dll
 0004:0000071c       __imp__D3DXMatrixInverse@12 0049371c     d3dx9:d3dx9_43.dll
 0004:00000720       \177d3dx9_43_NULL_THUNK_DATA 00493720     d3dx9:d3dx9_43.dll

 entry point at        0001:00013090

